[    0.000000] Booting Linux on physical CPU 0x0000000000 [0x410fd871]
[    0.000000] Linux version 6.17.0-1014-nvidia (buildd@bos03-arm64-009) (aarch64-linux-gnu-gcc-13 (Ubuntu 13.3.0-6ubuntu2~24.04.1) 13.3.0, GNU ld (GNU Binutils for Ubuntu) 2.42) #14-Ubuntu SMP PREEMPT_DYNAMIC Tue Mar 17 19:01:40 UTC 2026 (Ubuntu 6.17.0-1014.14-nvidia 6.17.9)
[    0.000000] KASLR enabled
[    0.000000] earlycon: uart0 at MMIO32 0x0000000016a00000 (options '')
[    0.000000] printk: legacy bootconsole [uart0] enabled
[    0.000000] efi: EFI v2.9 by American Megatrends
[    0.000000] efi: RTPROP=0x86f4fd18 ACPI 2.0=0x8707e018 SMBIOS=0x86dd0000 SMBIOS 3.0=0x86dc0000 TPMFinalLog=0x86fe0000 ESRT=0x855a5318 MOKvar=0x86d10000 INITRD=0x8499e818 RNG=0x87065d18 MEMRESERVE=0x8499ba98 
[    0.000000] random: crng init done
[    0.000000] secureboot: Secure boot enabled
[    0.000000] Kernel is locked down from EFI Secure Boot mode; see man kernel_lockdown.7
[    0.000000] esrt: Reserving ESRT space from 0x00000000855a5318 to 0x00000000855a53a0.
[    0.000000] ACPI: Early table checksum verification disabled
[    0.000000] ACPI: RSDP 0x000000008707E018 000024 (v02 ALASKA)
[    0.000000] ACPI: XSDT 0x000000008707E098 0000AC (v01 ALASKA A M I    01072009 AMI  01000013)
[    0.000000] ACPI: FACP 0x000000008707EB18 000114 (v06 ALASKA A M I    01072009 AMI  00010013)
[    0.000000] ACPI: DSDT 0x000000008706C018 011717 (v02 ALASKA A M I    01072009 INTL 20230628)
[    0.000000] ACPI: FIDT 0x000000008707EF18 00009C (v01 ALASKA A M I    01072009 AMI  00010013)
[    0.000000] ACPI: SSDT 0x000000008706A018 001A08 (v02 MTKINC ANGUS    00000001 INTL 20230628)
[    0.000000] ACPI: SSDT 0x0000000087069018 000305 (v02 MTKINC ANGUSCPU 000000FF INTL 20230628)
[    0.000000] ACPI: CSRT 0x0000000087069E98 000068 (v00 OVMF   OVMFEDK2 20130221 OVMF 00000099)
[    0.000000] ACPI: DBG2 0x000000008707EC98 000175 (v00 OVMF   OVMFEDK2 20130221 OVMF 00000099)
[    0.000000] ACPI: GTDT 0x0000000087069418 0001D8 (v03 OVMF   OVMFEDK2 20130221 OVMF 00000099)
[    0.000000] ACPI: APIC 0x0000000087067018 0006A8 (v05 OVMF   OVMFEDK2 20130221 OVMF 00000099)
[    0.000000] ACPI: MCFG 0x0000000087067E98 00012C (v01 OVMF   OVMFEDK2 20130221 OVMF 00000099)
[    0.000000] ACPI: PPTT 0x0000000087066018 0008B8 (v02 OVMF   OVMFEDK2 20130221 OVMF 00000099)
[    0.000000] ACPI: SPCR 0x0000000087069F98 000050 (v02 OVMF   OVMFEDK2 20130221 OVMF 00000099)
[    0.000000] ACPI: SDEV 0x0000000087066E98 000024 (v01 NVIDIA NVSDEV   00000000 NVDA 00000001)
[    0.000000] ACPI: SSDT 0x0000000087065018 000793 (v02 HPQOEM 89EA     00000001 INTL 20230628)
[    0.000000] ACPI: SSDT 0x0000000087065A98 000171 (v01 NVIDIA NBCI     00000001 INTL 20230628)
[    0.000000] ACPI: IORT 0x0000000087068018 000F40 (v06 MEDTEK MTKSGI   00000000 MTK  00000001)
[    0.000000] ACPI: FPDT 0x0000000087066F18 000044 (v01 ALASKA A M I    01072009 AMI  01000013)
[    0.000000] ACPI: WSMT 0x0000000087066F98 000028 (v01 ALASKA A M I    01072009 AMI  00010013)
[    0.000000] ACPI: SPCR: console: uart,mmio32,0x16a00000,115200
[    0.000000] ACPI: Use ACPI SPCR as default console: No
[    0.000000] NUMA: Faking a node at [mem 0x0000000080000000-0x000000207fffffff]
[    0.000000] NODE_DATA(0) allocated [mem 0x2069675440-0x206967afff]
[    0.000000] Zone ranges:
[    0.000000]   DMA      [mem 0x0000000080000000-0x00000000ffffffff]
[    0.000000]   DMA32    empty
[    0.000000]   Normal   [mem 0x0000000100000000-0x000000207fffffff]
[    0.000000]   Device   empty
[    0.000000] Movable zone start for each node
[    0.000000] Early memory node ranges
[    0.000000]   node   0: [mem 0x0000000080000000-0x000000008007ffff]
[    0.000000]   node   0: [mem 0x0000000080080000-0x0000000083d5ffff]
[    0.000000]   node   0: [mem 0x0000000083d60000-0x0000000083d6ffff]
[    0.000000]   node   0: [mem 0x0000000083d70000-0x000000008655ffff]
[    0.000000]   node   0: [mem 0x0000000086560000-0x000000008701ffff]
[    0.000000]   node   0: [mem 0x0000000087020000-0x000000008707ffff]
[    0.000000]   node   0: [mem 0x0000000087080000-0x0000000088100fff]
[    0.000000]   node   0: [mem 0x0000000088200000-0x000000008a0fffff]
[    0.000000]   node   0: [mem 0x000000008b080000-0x000000008e07ffff]
[    0.000000]   node   0: [mem 0x0000000090000000-0x00000000933dffff]
[    0.000000]   node   0: [mem 0x0000000093400000-0x00000000afffffff]
[    0.000000]   node   0: [mem 0x00000000b9600000-0x00000000b97fffff]
[    0.000000]   node   0: [mem 0x00000000c2e00000-0x00000000d59fffff]
[    0.000000]   node   0: [mem 0x00000000d5a00000-0x00000000ddffffff]
[    0.000000]   node   0: [mem 0x00000000e0000000-0x00000000e001ffff]
[    0.000000]   node   0: [mem 0x00000000e0020000-0x00000000f9ffffff]
[    0.000000]   node   0: [mem 0x00000000fa000000-0x00000000fa001fff]
[    0.000000]   node   0: [mem 0x00000000fa002000-0x00000000ffcfffff]
[    0.000000]   node   0: [mem 0x00000000ffd00000-0x00000000ffd1ffff]
[    0.000000]   node   0: [mem 0x00000000ffd20000-0x000000027fffffff]
[    0.000000]   node   0: [mem 0x0000000280000000-0x00000003237fffff]
[    0.000000]   node   0: [mem 0x0000000323800000-0x000000207df6ffff]
[    0.000000]   node   0: [mem 0x000000207df70000-0x000000207fffffff]
[    0.000000] Initmem setup node 0 [mem 0x0000000080000000-0x000000207fffffff]
[    0.000000] On node 0, zone DMA: 255 pages in unavailable ranges
[    0.000000] On node 0, zone DMA: 3968 pages in unavailable ranges
[    0.000000] On node 0, zone DMA: 8064 pages in unavailable ranges
[    0.000000] On node 0, zone DMA: 32 pages in unavailable ranges
[    0.000000] On node 0, zone DMA: 5632 pages in unavailable ranges
[    0.000000] On node 0, zone DMA: 38400 pages in unavailable ranges
[    0.000000] On node 0, zone DMA: 8192 pages in unavailable ranges
[    0.000000] cma: Reserved 128 MiB at 0x00000000f2000000
[    0.000000] crashkernel size resulted in zero bytes
[    0.000000] psci: probing for conduit method from ACPI.
[    0.000000] psci: PSCIv1.1 detected in firmware.
[    0.000000] psci: Using standard PSCI v0.2 function IDs
[    0.000000] psci: MIGRATE_INFO_TYPE not supported.
[    0.000000] psci: SMC Calling Convention v1.5
[    0.000000] percpu: Embedded 57 pages/cpu s108056 r8192 d117224 u233472
[    0.000000] pcpu-alloc: s108056 r8192 d117224 u233472 alloc=57*4096
[    0.000000] pcpu-alloc: [0] 00 [0] 01 [0] 02 [0] 03 [0] 04 [0] 05 [0] 06 [0] 07 
[    0.000000] pcpu-alloc: [0] 08 [0] 09 [0] 10 [0] 11 [0] 12 [0] 13 [0] 14 [0] 15 
[    0.000000] pcpu-alloc: [0] 16 [0] 17 [0] 18 [0] 19 
[    0.000000] Detected PIPT I-cache on CPU0
[    0.000000] CPU features: detected: Address authentication (architected QARMA3 algorithm)
[    0.000000] CPU features: detected: GICv3 CPU interface
[    0.000000] CPU features: detected: HCRX_EL2 register
[    0.000000] CPU features: detected: Virtualization Host Extensions
[    0.000000] CPU features: detected: Spectre-v4
[    0.000000] CPU features: detected: Spectre-BHB
[    0.000000] CPU features: detected: SSBS not fully self-synchronizing
[    0.000000] alternatives: applying boot alternatives
[    0.000000] Kernel command line: BOOT_IMAGE=/boot/vmlinuz-6.17.0-1014-nvidia root=UUID=d27bfd26-ff30-400e-9eca-9cdf73de9406 ro init_on_alloc=0 iommu.passthrough=0 console=tty0 plymouth.ignore-serial-consoles plymouth.use-simpledrm earlycon=uart,mmio32,0x16A00000 console=tty0 console=ttyS0,921600 crashkernel=1G-:0M quiet splash pci=pcie_bus_safe vt.handoff=7
[    0.000000] Unknown kernel command line parameters "splash", will be passed to user space.
[    0.000000] printk: log buffer data + meta data: 262144 + 917504 = 1179648 bytes
[    0.000000] Dentry cache hash table entries: 8388608 (order: 14, 67108864 bytes, linear)
[    0.000000] Inode-cache hash table entries: 4194304 (order: 13, 33554432 bytes, linear)
[    0.000000] software IO TLB: area num 32.
[    0.000000] software IO TLB: mapped [mem 0x00000000fbd00000-0x00000000ffd00000] (64MB)
[    0.000000] Fallback order for Node 0: 0 
[    0.000000] Built 1 zonelists, mobility grouping on.  Total pages: 33457121
[    0.000000] Policy zone: Normal
[    0.000000] mem auto-init: stack:all(zero), heap alloc:off, heap free:off
[    0.000000] SLUB: HWalign=64, Order=0-3, MinObjects=0, CPUs=20, Nodes=1
[    0.000000] ftrace: allocating 68567 entries in 268 pages
[    0.000000] ftrace: allocated 268 pages with 3 groups
[    0.000000] Dynamic Preempt: none
[    0.000000] rcu: Preemptible hierarchical RCU implementation.
[    0.000000] rcu: 	RCU restricting CPUs from NR_CPUS=512 to nr_cpu_ids=20.
[    0.000000] 	Trampoline variant of Tasks RCU enabled.
[    0.000000] 	Rude variant of Tasks RCU enabled.
[    0.000000] 	Tracing variant of Tasks RCU enabled.
[    0.000000] rcu: RCU calculated value of scheduler-enlistment delay is 100 jiffies.
[    0.000000] rcu: Adjusting geometry for rcu_fanout_leaf=16, nr_cpu_ids=20
[    0.000000] RCU Tasks: Setting shift to 5 and lim to 1 rcu_task_cb_adjust=1 rcu_task_cpu_ids=20.
[    0.000000] RCU Tasks Rude: Setting shift to 5 and lim to 1 rcu_task_cb_adjust=1 rcu_task_cpu_ids=20.
[    0.000000] RCU Tasks Trace: Setting shift to 5 and lim to 1 rcu_task_cb_adjust=1 rcu_task_cpu_ids=20.
[    0.000000] NR_IRQS: 64, nr_irqs: 64, preallocated irqs: 0
[    0.000000] GICv3: GIC: Using split EOI/Deactivate mode
[    0.000000] GICv3: 960 SPIs implemented
[    0.000000] GICv3: 672 Extended SPIs implemented
[    0.000000] Root IRQ handler: gic_handle_irq
[    0.000000] GICv3: GICv3 features: 16 PPIs, DirectLPI
[    0.000000] GICv3: GICv4 features: DirectLPI RVPEID Valid+Dirty 
[    0.000000] GICv3: GICD_CTLR.DS=0, SCR_EL3.FIQ=1
[    0.000000] GICv3: CPU0: found redistributor 0 region 0:0x0000000006880000
[    0.000000] ITS [mem 0x06840000-0x0685ffff]
[    0.000000] ITS@0x0000000006840000: Single VMOVP capable
[    0.000000] ITS@0x0000000006840000: Using GICv4.1 mode 00000000 00000001
[    0.000000] ITS@0x0000000006840000: allocated 8192 Devices @100330000 (indirect, esz 8, psz 64K, shr 1)
[    0.000000] ITS@0x0000000006840000: allocated 32768 Interrupt Collections @100340000 (flat, esz 2, psz 64K, shr 1)
[    0.000000] ITS@0x0000000006840000: allocated 8192 Virtual CPUs @100350000 (flat, esz 8, psz 64K, shr 1)
[    0.000000] GICv3: using LPI property table @0x0000000100360000
[    0.000000] ITS: Using DirectLPI for VPE invalidation
[    0.000000] ITS: Enabling GICv4 support
[    0.000000] GICv3: CPU0: using allocated LPI pending table @0x0000000100370000
[    0.000000] rcu: srcu_init: Setting srcu_struct sizes based on contention.
[    0.000000] ACPI GTDT: found 1 memory-mapped timer block(s).
[    0.000000] arch_timer: cp15 and mmio timer(s) running at 1000.00MHz (phys/virt).
[    0.000000] clocksource: arch_sys_counter: mask: 0x1fffffffffffffff max_cycles: 0x1cd42e4dffb, max_idle_ns: 881590591483 ns
[    0.000000] sched_clock: 61 bits at 1000MHz, resolution 1ns, wraps every 4398046511103ns
[    0.000206] Console: colour dummy device 80x25
[    0.000214] printk: legacy console [tty0] enabled
[    0.000334] ACPI: Core revision 20250404
[    0.000603] Calibrating delay loop (skipped), value calculated using timer frequency.. 2000.00 BogoMIPS (lpj=1000000)
[    0.000611] pid_max: default: 32768 minimum: 301
[    0.000714] LSM: initializing lsm=lockdown,capability,landlock,yama,apparmor,ima,evm
[    0.000755] landlock: Up and running.
[    0.000758] Yama: becoming mindful.
[    0.000813] AppArmor: AppArmor initialized
[    0.000958] Mount-cache hash table entries: 131072 (order: 8, 1048576 bytes, linear)
[    0.001000] Mountpoint-cache hash table entries: 131072 (order: 8, 1048576 bytes, linear)
[    0.002117] rcu: Hierarchical SRCU implementation.
[    0.002123] rcu: 	Max phase no-delay instances is 400.
[    0.002216] Timer migration: 2 hierarchy levels; 8 children per group; 2 crossnode level
[    0.002688] fsl-mc MSI: ITS@0x6840000 domain created
[    0.002709] Remapping and enabling EFI services.
[    0.003217] smp: Bringing up secondary CPUs ...
[    0.003550] Detected PIPT I-cache on CPU1
[    0.003576] GICv3: CPU1: found redistributor 100 region 0:0x00000000068c0000
[    0.003587] GICv3: CPU1: using allocated LPI pending table @0x0000000100380000
[    0.003609] CPU1: Booted secondary processor 0x0000000100 [0x410fd871]
[    0.004084] Detected PIPT I-cache on CPU2
[    0.004114] GICv3: CPU2: found redistributor 200 region 0:0x0000000006900000
[    0.004126] GICv3: CPU2: using allocated LPI pending table @0x0000000100390000
[    0.004151] CPU2: Booted secondary processor 0x0000000200 [0x410fd871]
[    0.004611] Detected PIPT I-cache on CPU3
[    0.004644] GICv3: CPU3: found redistributor 300 region 0:0x0000000006940000
[    0.004656] GICv3: CPU3: using allocated LPI pending table @0x00000001003a0000
[    0.004682] CPU3: Booted secondary processor 0x0000000300 [0x410fd871]
[    0.005150] Detected PIPT I-cache on CPU4
[    0.005186] GICv3: CPU4: found redistributor 400 region 0:0x0000000006980000
[    0.005198] GICv3: CPU4: using allocated LPI pending table @0x00000001003b0000
[    0.005226] CPU4: Booted secondary processor 0x0000000400 [0x410fd871]
[    0.005761] Detected PIPT I-cache on CPU5
[    0.005790] GICv3: CPU5: found redistributor 500 region 0:0x00000000069c0000
[    0.005799] GICv3: CPU5: using allocated LPI pending table @0x00000001003c0000
[    0.005822] CPU5: Booted secondary processor 0x0000000500 [0x410fd851]
[    0.006293] Detected PIPT I-cache on CPU6
[    0.006323] GICv3: CPU6: found redistributor 600 region 0:0x0000000006a00000
[    0.006332] GICv3: CPU6: using allocated LPI pending table @0x00000001003d0000
[    0.006355] CPU6: Booted secondary processor 0x0000000600 [0x410fd851]
[    0.006815] Detected PIPT I-cache on CPU7
[    0.006846] GICv3: CPU7: found redistributor 700 region 0:0x0000000006a40000
[    0.006856] GICv3: CPU7: using allocated LPI pending table @0x00000001003e0000
[    0.006878] CPU7: Booted secondary processor 0x0000000700 [0x410fd851]
[    0.007355] Detected PIPT I-cache on CPU8
[    0.007388] GICv3: CPU8: found redistributor 800 region 0:0x0000000006a80000
[    0.007397] GICv3: CPU8: using allocated LPI pending table @0x00000001003f0000
[    0.007420] CPU8: Booted secondary processor 0x0000000800 [0x410fd851]
[    0.007890] Detected PIPT I-cache on CPU9
[    0.007924] GICv3: CPU9: found redistributor 900 region 0:0x0000000006ac0000
[    0.007934] GICv3: CPU9: using allocated LPI pending table @0x0000000100400000
[    0.007956] CPU9: Booted secondary processor 0x0000000900 [0x410fd851]
[    0.008630] Detected PIPT I-cache on CPU10
[    0.008684] GICv3: CPU10: found redistributor 10000 region 0:0x0000000006b00000
[    0.008702] GICv3: CPU10: using allocated LPI pending table @0x0000000100410000
[    0.008741] CPU10: Booted secondary processor 0x0000010000 [0x410fd871]
[    0.009294] Detected PIPT I-cache on CPU11
[    0.009333] GICv3: CPU11: found redistributor 10100 region 0:0x0000000006b40000
[    0.009348] GICv3: CPU11: using allocated LPI pending table @0x0000000100420000
[    0.009377] CPU11: Booted secondary processor 0x0000010100 [0x410fd871]
[    0.009852] Detected PIPT I-cache on CPU12
[    0.009894] GICv3: CPU12: found redistributor 10200 region 0:0x0000000006b80000
[    0.009909] GICv3: CPU12: using allocated LPI pending table @0x0000000100430000
[    0.009939] CPU12: Booted secondary processor 0x0000010200 [0x410fd871]
[    0.010437] Detected PIPT I-cache on CPU13
[    0.010481] GICv3: CPU13: found redistributor 10300 region 0:0x0000000006bc0000
[    0.010497] GICv3: CPU13: using allocated LPI pending table @0x0000000100440000
[    0.010529] CPU13: Booted secondary processor 0x0000010300 [0x410fd871]
[    0.011024] Detected PIPT I-cache on CPU14
[    0.011070] GICv3: CPU14: found redistributor 10400 region 0:0x0000000006c00000
[    0.011086] GICv3: CPU14: using allocated LPI pending table @0x0000000100450000
[    0.011119] CPU14: Booted secondary processor 0x0000010400 [0x410fd871]
[    0.011654] Detected PIPT I-cache on CPU15
[    0.011692] GICv3: CPU15: found redistributor 10500 region 0:0x0000000006c40000
[    0.011705] GICv3: CPU15: using allocated LPI pending table @0x0000000100460000
[    0.011732] CPU15: Booted secondary processor 0x0000010500 [0x410fd851]
[    0.012232] Detected PIPT I-cache on CPU16
[    0.012273] GICv3: CPU16: found redistributor 10600 region 0:0x0000000006c80000
[    0.012286] GICv3: CPU16: using allocated LPI pending table @0x0000000100470000
[    0.012313] CPU16: Booted secondary processor 0x0000010600 [0x410fd851]
[    0.012874] Detected PIPT I-cache on CPU17
[    0.012916] GICv3: CPU17: found redistributor 10700 region 0:0x0000000006cc0000
[    0.012929] GICv3: CPU17: using allocated LPI pending table @0x0000000100480000
[    0.012954] CPU17: Booted secondary processor 0x0000010700 [0x410fd851]
[    0.013452] Detected PIPT I-cache on CPU18
[    0.013496] GICv3: CPU18: found redistributor 10800 region 0:0x0000000006d00000
[    0.013509] GICv3: CPU18: using allocated LPI pending table @0x0000000100490000
[    0.013536] CPU18: Booted secondary processor 0x0000010800 [0x410fd851]
[    0.014025] Detected PIPT I-cache on CPU19
[    0.014072] GICv3: CPU19: found redistributor 10900 region 0:0x0000000006d40000
[    0.014085] GICv3: CPU19: using allocated LPI pending table @0x00000001004a0000
[    0.014110] CPU19: Booted secondary processor 0x0000010900 [0x410fd851]
[    0.014274] smp: Brought up 1 node, 20 CPUs
[    0.014322] SMP: Total of 20 processors activated.
[    0.014326] CPU: All CPU(s) started at EL2
[    0.014331] CPU features: detected: Branch Target Identification
[    0.014335] CPU features: detected: ARMv8.4 Translation Table Level
[    0.014338] CPU features: detected: Data cache clean to the PoU not required for I/D coherence
[    0.014342] CPU features: detected: Common not Private translations
[    0.014345] CPU features: detected: CRC32 instructions
[    0.014348] CPU features: detected: Data cache clean to Point of Deep Persistence
[    0.014350] CPU features: detected: Data cache clean to Point of Persistence
[    0.014353] CPU features: detected: Data independent timing control (DIT)
[    0.014356] CPU features: detected: E0PD
[    0.014358] CPU features: detected: Enhanced Counter Virtualization
[    0.014361] CPU features: detected: Enhanced Counter Virtualization (CNTPOFF)
[    0.014363] CPU features: detected: Enhanced Privileged Access Never
[    0.014366] CPU features: detected: Enhanced Virtualization Traps
[    0.014368] CPU features: detected: Fine Grained Traps
[    0.014372] CPU features: detected: Generic authentication (architected QARMA3 algorithm)
[    0.014375] CPU features: detected: RCpc load-acquire (LDAPR)
[    0.014378] CPU features: detected: LSE atomic instructions
[    0.014381] CPU features: detected: Privileged Access Never
[    0.014383] CPU features: detected: PMUv3
[    0.014386] CPU features: detected: RAS Extension Support
[    0.014389] CPU features: detected: RASv1p1 Extension Support
[    0.014391] CPU features: detected: Speculation barrier (SB)
[    0.014393] CPU features: detected: Stage-2 Force Write-Back
[    0.014396] CPU features: detected: TLB range maintenance instructions
[    0.014398] CPU features: detected: WFx with timeout
[    0.014401] CPU features: detected: Memory Partitioning And Monitoring
[    0.014403] CPU features: detected: Memory Partitioning And Monitoring Virtualisation
[    0.014407] CPU features: detected: Speculative Store Bypassing Safe (SSBS)
[    0.014409] CPU features: detected: Scalable Vector Extension
[    0.014563] alternatives: applying system-wide alternatives
[    0.016149] CPU features: detected: Activity Monitors Unit (AMU) on CPU0-19
[    0.016161] CPU features: detected: Hardware dirty bit management on CPU0-19
[    0.016165] SVE: maximum available vector length 16 bytes per vector
[    0.016169] SVE: default vector length 16 bytes per vector
[    0.016839] Memory: 127348840K/133828484K available (25856K kernel code, 6230K rwdata, 19116K rodata, 14592K init, 1192K bss, 6323860K reserved, 131072K cma-reserved)
[    0.018354] devtmpfs: initialized
[    0.037536] clocksource: jiffies: mask: 0xffffffff max_cycles: 0xffffffff, max_idle_ns: 1911260446275000 ns
[    0.037550] posixtimers hash table entries: 16384 (order: 6, 262144 bytes, linear)
[    0.037635] futex hash table entries: 8192 (524288 bytes on 1 NUMA nodes, total 512 KiB, linear).
[    0.037884] 2G module region forced by RANDOMIZE_MODULE_REGION_FULL
[    0.037888] 0 pages in range for non-PLT usage
[    0.037890] 507488 pages in range for PLT usage
[    0.037998] pinctrl core: initialized pinctrl subsystem
[    0.038371] SMBIOS 3.3.0 present.
[    0.038376] DMI: NVIDIA NVIDIA_DGX_Spark/P4242, BIOS 5.36_0ACUM018 08/06/2025
[    0.038424] DMI: Memory slots populated: 1/1
[    0.039950] NET: Registered PF_NETLINK/PF_ROUTE protocol family
[    0.040874] DMA: preallocated 16384 KiB GFP_KERNEL pool for atomic allocations
[    0.041393] DMA: preallocated 16384 KiB GFP_KERNEL|GFP_DMA pool for atomic allocations
[    0.041837] DMA: preallocated 16384 KiB GFP_KERNEL|GFP_DMA32 pool for atomic allocations
[    0.041851] audit: initializing netlink subsys (disabled)
[    0.041924] audit: type=2000 audit(0.040:1): state=initialized audit_enabled=0 res=1
[    0.042164] thermal_sys: Registered thermal governor 'fair_share'
[    0.042168] thermal_sys: Registered thermal governor 'bang_bang'
[    0.042171] thermal_sys: Registered thermal governor 'step_wise'
[    0.042173] thermal_sys: Registered thermal governor 'user_space'
[    0.042175] thermal_sys: Registered thermal governor 'power_allocator'
[    0.042215] cpuidle: using governor ladder
[    0.042244] cpuidle: using governor menu
[    0.042338] hw-breakpoint: found 6 breakpoint and 4 watchpoint registers.
[    0.042593] ASID allocator initialised with 65536 entries
[    0.042822] acpiphp: ACPI Hot Plug PCI Controller Driver version: 0.5
[    0.042938] Serial: AMBA PL011 UART driver
[    0.043633] HugeTLB: registered 1.00 GiB page size, pre-allocated 0 pages
[    0.043635] HugeTLB: 0 KiB vmemmap can be freed for a 1.00 GiB page
[    0.043638] HugeTLB: registered 32.0 MiB page size, pre-allocated 0 pages
[    0.043639] HugeTLB: 0 KiB vmemmap can be freed for a 32.0 MiB page
[    0.043642] HugeTLB: registered 2.00 MiB page size, pre-allocated 0 pages
[    0.043643] HugeTLB: 0 KiB vmemmap can be freed for a 2.00 MiB page
[    0.043645] HugeTLB: registered 64.0 KiB page size, pre-allocated 0 pages
[    0.043647] HugeTLB: 0 KiB vmemmap can be freed for a 64.0 KiB page
[    0.044641] ACPI: Added _OSI(Module Device)
[    0.044644] ACPI: Added _OSI(Processor Device)
[    0.044646] ACPI: Added _OSI(Processor Aggregator Device)
[    0.055195] ACPI: 5 ACPI AML tables successfully acquired and loaded
[    0.057435] ACPI: USB4 _OSC: OS supports USB3+ DisplayPort+ PCIe+ XDomain+
[    0.057438] ACPI: USB4 _OSC: OS controls USB3+ DisplayPort+ PCIe+ XDomain+
[    0.057967] ACPI: Interpreter enabled
[    0.057969] ACPI: Using GIC for interrupt routing
[    0.058927] ACPI: MCFG table detected, 16 entries
[    0.062755] ACPI: \_SB_.P0RR: New power resource
[    0.062797] ACPI: \_SB_.R0RR: New power resource
[    0.062839] ACPI: \_SB_.P2RR: New power resource
[    0.062879] ACPI: \_SB_.R2RR: New power resource
[    0.062918] ACPI: \_SB_.P4RR: New power resource
[    0.062958] ACPI: \_SB_.R4RR: New power resource
[    0.062997] ACPI: \_SB_.P6RR: New power resource
[    0.063036] ACPI: \_SB_.R6RR: New power resource
[    0.063077] ACPI: \_SB_.P7RR: New power resource
[    0.063116] ACPI: \_SB_.R7RR: New power resource
[    0.063155] ACPI: \_SB_.P8RR: New power resource
[    0.063195] ACPI: \_SB_.R8RR: New power resource
[    0.063236] ACPI: \_SB_.P9RR: New power resource
[    0.063281] ACPI: \_SB_.R9RR: New power resource
[    0.066724] ACPI: \_SB_.USB5.RHUB.PRT2.PWFR: New power resource
[    0.068976] ACPI: \_SB_.PBRR: New power resource
[    0.069016] ACPI: \_SB_.RBRR: New power resource
[    0.069059] ACPI: \_SB_.PCRR: New power resource
[    0.069099] ACPI: \_SB_.RCRR: New power resource
[    0.069139] ACPI: \_SB_.PDRR: New power resource
[    0.069179] ACPI: \_SB_.RDRR: New power resource
[    0.069219] ACPI: \_SB_.PERR: New power resource
[    0.069258] ACPI: \_SB_.RERR: New power resource
[    0.069301] ACPI: \_SB_.PFRR: New power resource
[    0.071478] ACPI: CPU0 has been hot-added
[    0.071522] ACPI: CPU1 has been hot-added
[    0.071564] ACPI: CPU2 has been hot-added
[    0.071606] ACPI: CPU3 has been hot-added
[    0.071648] ACPI: CPU4 has been hot-added
[    0.071692] ACPI: CPU5 has been hot-added
[    0.071732] ACPI: CPU6 has been hot-added
[    0.071773] ACPI: CPU7 has been hot-added
[    0.071815] ACPI: CPU8 has been hot-added
[    0.071856] ACPI: CPU9 has been hot-added
[    0.071905] ACPI: CPU10 has been hot-added
[    0.071947] ACPI: CPU11 has been hot-added
[    0.071988] ACPI: CPU12 has been hot-added
[    0.072029] ACPI: CPU13 has been hot-added
[    0.072069] ACPI: CPU14 has been hot-added
[    0.072110] ACPI: CPU15 has been hot-added
[    0.072151] ACPI: CPU16 has been hot-added
[    0.072192] ACPI: CPU17 has been hot-added
[    0.072234] ACPI: CPU18 has been hot-added
[    0.072282] ACPI: CPU19 has been hot-added
[    0.073288] ACPI: PCI Root Bridge [PCI0] (domain 0000 [bus 00-0f])
[    0.073296] acpi PNP0A08:00: _OSC: OS supports [ExtendedConfig ASPM ClockPM Segments MSI EDR HPX-Type3]
[    0.073379] acpi PNP0A08:00: _OSC: platform does not support [SHPCHotplug DPC]
[    0.073516] acpi PNP0A08:00: _OSC: OS now controls [PCIeHotplug PME AER PCIeCapability LTR]
[    0.073809] acpi PNP0A08:00: ECAM area [mem 0xf300000000-0xf300ffffff] reserved by PNP0C02:00
[    0.073820] acpi PNP0A08:00: ECAM at [mem 0xf300000000-0xf300ffffff] for [bus 00-0f]
[    0.073845] ACPI: Remapped I/O 0x0000000067000000 to [io  0x0000-0xffff window]
[    0.073954] PCI host bridge to bus 0000:00
[    0.073991] pci_bus 0000:00: root bus resource [io  0x0000-0xffff window] (bus address [0x67000000-0x6700ffff])
[    0.073994] pci_bus 0000:00: root bus resource [mem 0x67010000-0x697fffff window]
[    0.073997] pci_bus 0000:00: root bus resource [mem 0x7500000000-0x82ffffffff window]
[    0.074000] pci_bus 0000:00: root bus resource [bus 00-0f]
[    0.074002] PCI: OF: of_root node is NULL, cannot create PCI host bridge node
[    0.074025] pci 0000:00:00.0: [10de:22ce] type 01 class 0x060400 PCIe Root Port
[    0.074039] pci 0000:00:00.0: PCI bridge to [bus 01-0f]
[    0.074102] pci 0000:00:00.0: PME# supported from D0 D3hot D3cold
[    0.074593] pci 0000:01:00.0: [15b3:1021] type 00 class 0x020000 PCIe Endpoint
[    0.074848] pci 0000:01:00.0: BAR 0 [mem 0x00000000-0x01ffffff 64bit pref]
[    0.074879] pci 0000:01:00.0: ROM [mem 0x00000000-0x000fffff pref]
[    0.075738] pci 0000:01:00.0: PME# supported from D3cold
[    0.076084] pci 0000:01:00.0: VF BAR 0 [mem 0x00000000-0x000fffff 64bit pref]
[    0.076087] pci 0000:01:00.0: VF BAR 0 [mem 0x00000000-0x007fffff 64bit pref]: contains BAR 0 for 8 VFs
[    0.077700] pci 0000:01:00.1: [15b3:1021] type 00 class 0x020000 PCIe Endpoint
[    0.077935] pci 0000:01:00.1: BAR 0 [mem 0x00000000-0x01ffffff 64bit pref]
[    0.077965] pci 0000:01:00.1: ROM [mem 0x00000000-0x000fffff pref]
[    0.078567] pci 0000:01:00.1: PME# supported from D3cold
[    0.078903] pci 0000:01:00.1: VF BAR 0 [mem 0x00000000-0x000fffff 64bit pref]
[    0.078905] pci 0000:01:00.1: VF BAR 0 [mem 0x00000000-0x007fffff 64bit pref]: contains BAR 0 for 8 VFs
[    0.079899] pci_bus 0000:00: max bus depth: 1 pci_try_num: 2
[    0.079908] pci 0000:00:00.0: bridge window [mem 0x7500000000-0x7505ffffff 64bit pref]: assigned
[    0.079911] pci 0000:00:00.0: bridge window [mem 0x67100000-0x672fffff]: assigned
[    0.079916] pci 0000:01:00.0: BAR 0 [mem 0x7500000000-0x7501ffffff 64bit pref]: assigned
[    0.079967] pci 0000:01:00.1: BAR 0 [mem 0x7502000000-0x7503ffffff 64bit pref]: assigned
[    0.080019] pci 0000:01:00.0: ROM [mem 0x67100000-0x671fffff pref]: assigned
[    0.080021] pci 0000:01:00.0: VF BAR 0 [mem 0x7504000000-0x75047fffff 64bit pref]: assigned
[    0.080052] pci 0000:01:00.1: ROM [mem 0x67200000-0x672fffff pref]: assigned
[    0.080054] pci 0000:01:00.1: VF BAR 0 [mem 0x7504800000-0x7504ffffff 64bit pref]: assigned
[    0.080075] pci 0000:00:00.0: PCI bridge to [bus 01-0f]
[    0.080090] pci 0000:00:00.0:   bridge window [mem 0x67100000-0x672fffff]
[    0.080093] pci 0000:00:00.0:   bridge window [mem 0x7500000000-0x7505ffffff 64bit pref]
[    0.080097] pci_bus 0000:00: resource 4 [io  0x0000-0xffff window]
[    0.080099] pci_bus 0000:00: resource 5 [mem 0x67010000-0x697fffff window]
[    0.080102] pci_bus 0000:00: resource 6 [mem 0x7500000000-0x82ffffffff window]
[    0.080104] pci_bus 0000:01: resource 1 [mem 0x67100000-0x672fffff]
[    0.080106] pci_bus 0000:01: resource 2 [mem 0x7500000000-0x7505ffffff 64bit pref]
[    0.080111] pci 0000:00:00.0: Max Payload Size set to  512/ 512 (was  128), Max Read Rq  512
[    0.080163] pci 0000:01:00.0: Max Payload Size set to  512/ 512 (was  128), Max Read Rq  512
[    0.080214] pci 0000:01:00.1: Max Payload Size set to  512/ 512 (was  128), Max Read Rq  512
[    0.080272] ACPI: PCI Root Bridge [PCI2] (domain 0002 [bus 00-0f])
[    0.080277] acpi PNP0A08:01: _OSC: OS supports [ExtendedConfig ASPM ClockPM Segments MSI EDR HPX-Type3]
[    0.080360] acpi PNP0A08:01: _OSC: platform does not support [SHPCHotplug DPC]
[    0.080494] acpi PNP0A08:01: _OSC: OS now controls [PCIeHotplug PME AER PCIeCapability LTR]
[    0.080781] acpi PNP0A08:01: ECAM area [mem 0xf320000000-0xf320ffffff] reserved by PNP0C02:00
[    0.080788] acpi PNP0A08:01: ECAM at [mem 0xf320000000-0xf320ffffff] for [bus 00-0f]
[    0.080807] ACPI: Remapped I/O 0x000000005d000000 to [io  0x10000-0x1ffff window]
[    0.080903] PCI host bridge to bus 0002:00
[    0.080940] pci_bus 0002:00: root bus resource [io  0x10000-0x1ffff window] (bus address [0x5d000000-0x5d00ffff])
[    0.080942] pci_bus 0002:00: root bus resource [mem 0x5d010000-0x5f7fffff window]
[    0.080945] pci_bus 0002:00: root bus resource [mem 0x3d00000000-0x4affffffff window]
[    0.080947] pci_bus 0002:00: root bus resource [bus 00-0f]
[    0.080949] PCI: OF: of_root node is NULL, cannot create PCI host bridge node
[    0.080967] pci 0002:00:00.0: [10de:22ce] type 01 class 0x060400 PCIe Root Port
[    0.080980] pci 0002:00:00.0: PCI bridge to [bus 01-0f]
[    0.081037] pci 0002:00:00.0: PME# supported from D0 D3hot D3cold
[    0.081475] pci 0002:01:00.0: [15b3:1021] type 00 class 0x020000 PCIe Endpoint
[    0.081727] pci 0002:01:00.0: BAR 0 [mem 0x00000000-0x01ffffff 64bit pref]
[    0.081758] pci 0002:01:00.0: ROM [mem 0x00000000-0x000fffff pref]
[    0.082642] pci 0002:01:00.0: PME# supported from D3cold
[    0.082996] pci 0002:01:00.0: VF BAR 0 [mem 0x00000000-0x000fffff 64bit pref]
[    0.082999] pci 0002:01:00.0: VF BAR 0 [mem 0x00000000-0x007fffff 64bit pref]: contains BAR 0 for 8 VFs
[    0.084604] pci 0002:01:00.1: [15b3:1021] type 00 class 0x020000 PCIe Endpoint
[    0.084847] pci 0002:01:00.1: BAR 0 [mem 0x00000000-0x01ffffff 64bit pref]
[    0.084879] pci 0002:01:00.1: ROM [mem 0x00000000-0x000fffff pref]
[    0.085497] pci 0002:01:00.1: PME# supported from D3cold
[    0.085840] pci 0002:01:00.1: VF BAR 0 [mem 0x00000000-0x000fffff 64bit pref]
[    0.085842] pci 0002:01:00.1: VF BAR 0 [mem 0x00000000-0x007fffff 64bit pref]: contains BAR 0 for 8 VFs
[    0.086857] pci_bus 0002:00: max bus depth: 1 pci_try_num: 2
[    0.086862] pci 0002:00:00.0: bridge window [mem 0x3d00000000-0x3d05ffffff 64bit pref]: assigned
[    0.086865] pci 0002:00:00.0: bridge window [mem 0x5d100000-0x5d2fffff]: assigned
[    0.086869] pci 0002:01:00.0: BAR 0 [mem 0x3d00000000-0x3d01ffffff 64bit pref]: assigned
[    0.086924] pci 0002:01:00.1: BAR 0 [mem 0x3d02000000-0x3d03ffffff 64bit pref]: assigned
[    0.086978] pci 0002:01:00.0: ROM [mem 0x5d100000-0x5d1fffff pref]: assigned
[    0.086980] pci 0002:01:00.0: VF BAR 0 [mem 0x3d04000000-0x3d047fffff 64bit pref]: assigned
[    0.087011] pci 0002:01:00.1: ROM [mem 0x5d200000-0x5d2fffff pref]: assigned
[    0.087014] pci 0002:01:00.1: VF BAR 0 [mem 0x3d04800000-0x3d04ffffff 64bit pref]: assigned
[    0.087035] pci 0002:00:00.0: PCI bridge to [bus 01-0f]
[    0.087048] pci 0002:00:00.0:   bridge window [mem 0x5d100000-0x5d2fffff]
[    0.087051] pci 0002:00:00.0:   bridge window [mem 0x3d00000000-0x3d05ffffff 64bit pref]
[    0.087055] pci_bus 0002:00: resource 4 [io  0x10000-0x1ffff window]
[    0.087057] pci_bus 0002:00: resource 5 [mem 0x5d010000-0x5f7fffff window]
[    0.087060] pci_bus 0002:00: resource 6 [mem 0x3d00000000-0x4affffffff window]
[    0.087062] pci_bus 0002:01: resource 1 [mem 0x5d100000-0x5d2fffff]
[    0.087064] pci_bus 0002:01: resource 2 [mem 0x3d00000000-0x3d05ffffff 64bit pref]
[    0.087069] pci 0002:00:00.0: Max Payload Size set to  512/ 512 (was  128), Max Read Rq  512
[    0.087124] pci 0002:01:00.0: Max Payload Size set to  512/ 512 (was  128), Max Read Rq  512
[    0.087176] pci 0002:01:00.1: Max Payload Size set to  512/ 512 (was  128), Max Read Rq  512
[    0.087229] ACPI: PCI Root Bridge [PCI4] (domain 0004 [bus 00-0f])
[    0.087233] acpi PNP0A08:02: _OSC: OS supports [ExtendedConfig ASPM ClockPM Segments MSI EDR HPX-Type3]
[    0.087308] acpi PNP0A08:02: _OSC: platform does not support [SHPCHotplug DPC]
[    0.087444] acpi PNP0A08:02: _OSC: OS now controls [PCIeHotplug PME AER PCIeCapability LTR]
[    0.087730] acpi PNP0A08:02: ECAM area [mem 0xf340000000-0xf340ffffff] reserved by PNP0C02:00
[    0.087736] acpi PNP0A08:02: ECAM at [mem 0xf340000000-0xf340ffffff] for [bus 00-0f]
[    0.087755] ACPI: Remapped I/O 0x0000000062000000 to [io  0x20000-0x2ffff window]
[    0.087849] PCI host bridge to bus 0004:00
[    0.087886] pci_bus 0004:00: root bus resource [io  0x20000-0x2ffff window] (bus address [0x62000000-0x6200ffff])
[    0.087888] pci_bus 0004:00: root bus resource [mem 0x62010000-0x647fffff window]
[    0.087890] pci_bus 0004:00: root bus resource [mem 0x5900000000-0x66ffffffff window]
[    0.087893] pci_bus 0004:00: root bus resource [bus 00-0f]
[    0.087895] PCI: OF: of_root node is NULL, cannot create PCI host bridge node
[    0.087913] pci 0004:00:00.0: [10de:22ce] type 01 class 0x060400 PCIe Root Port
[    0.087925] pci 0004:00:00.0: PCI bridge to [bus 01-0f]
[    0.087930] pci 0004:00:00.0:   bridge window [mem 0x62100000-0x621fffff]
[    0.087987] pci 0004:00:00.0: PME# supported from D0 D3hot D3cold
[    0.088333] pci 0004:01:00.0: [144d:a810] type 00 class 0x010802 PCIe Endpoint
[    0.088365] pci 0004:01:00.0: BAR 0 [mem 0x62100000-0x62103fff 64bit]
[    0.092384] pci 0004:00:00.0: bridge window [io  0x1000-0x0fff] to [bus 01-0f] add_size 1000
[    0.092387] pci 0004:00:00.0: bridge window [mem 0x00100000-0x000fffff 64bit pref] to [bus 01-0f] add_size 200000 add_align 100000
[    0.092391] pci 0004:00:00.0: bridge window [mem 0x00100000-0x001fffff] to [bus 01-0f] add_size 100000 add_align 100000
[    0.092395] pci 0004:00:00.0: bridge window [mem 0x62100000-0x622fffff]: assigned
[    0.092398] pci 0004:00:00.0: bridge window [mem 0x5900000000-0x59001fffff 64bit pref]: assigned
[    0.092400] pci 0004:00:00.0: bridge window [io  0x20000-0x20fff]: assigned
[    0.092404] pci 0004:01:00.0: BAR 0 [mem 0x62100000-0x62103fff 64bit]: assigned
[    0.092411] pci 0004:00:00.0: PCI bridge to [bus 01-0f]
[    0.092414] pci 0004:00:00.0:   bridge window [io  0x20000-0x20fff]
[    0.092417] pci 0004:00:00.0:   bridge window [mem 0x62100000-0x622fffff]
[    0.092419] pci 0004:00:00.0:   bridge window [mem 0x5900000000-0x59001fffff 64bit pref]
[    0.092423] pci_bus 0004:00: resource 4 [io  0x20000-0x2ffff window]
[    0.092426] pci_bus 0004:00: resource 5 [mem 0x62010000-0x647fffff window]
[    0.092428] pci_bus 0004:00: resource 6 [mem 0x5900000000-0x66ffffffff window]
[    0.092430] pci_bus 0004:01: resource 0 [io  0x20000-0x20fff]
[    0.092432] pci_bus 0004:01: resource 1 [mem 0x62100000-0x622fffff]
[    0.092434] pci_bus 0004:01: resource 2 [mem 0x5900000000-0x59001fffff 64bit pref]
[    0.092438] pci 0004:00:00.0: Max Payload Size set to  512/ 512 (was  128), Max Read Rq  256
[    0.092444] pci 0004:01:00.0: Max Payload Size set to  512/ 512 (was  128), Max Read Rq  256
[    0.092497] ACPI: PCI Root Bridge [PCI6] (domain 0006 [bus 00-0f])
[    0.092501] acpi PNP0A08:03: _OSC: OS supports [ExtendedConfig ASPM ClockPM Segments MSI EDR HPX-Type3]
[    0.092578] acpi PNP0A08:03: _OSC: platform does not support [SHPCHotplug DPC]
[    0.092712] acpi PNP0A08:03: _OSC: OS now controls [PCIeHotplug PME AER PCIeCapability LTR]
[    0.092998] acpi PNP0A08:03: ECAM area [mem 0xf360000000-0xf360ffffff] reserved by PNP0C02:00
[    0.093003] acpi PNP0A08:03: ECAM at [mem 0xf360000000-0xf360ffffff] for [bus 00-0f]
[    0.093022] ACPI: Remapped I/O 0x000000006c000000 to [io  0x30000-0x3ffff window]
[    0.093115] PCI host bridge to bus 0006:00
[    0.093151] pci_bus 0006:00: root bus resource [io  0x30000-0x3ffff window] (bus address [0x6c000000-0x6c00ffff])
[    0.093154] pci_bus 0006:00: root bus resource [mem 0x6c010000-0x6e7fffff window]
[    0.093156] pci_bus 0006:00: root bus resource [mem 0x9100000000-0x9effffffff window]
[    0.093159] pci_bus 0006:00: root bus resource [bus 00-0f]
[    0.093161] PCI: OF: of_root node is NULL, cannot create PCI host bridge node
[    0.093188] pci_bus 0006:00: resource 4 [io  0x30000-0x3ffff window]
[    0.093190] pci_bus 0006:00: resource 5 [mem 0x6c010000-0x6e7fffff window]
[    0.093192] pci_bus 0006:00: resource 6 [mem 0x9100000000-0x9effffffff window]
[    0.093232] ACPI: PCI Root Bridge [PCI7] (domain 0007 [bus 00-0f])
[    0.093236] acpi PNP0A08:04: _OSC: OS supports [ExtendedConfig ASPM ClockPM Segments MSI EDR HPX-Type3]
[    0.093308] acpi PNP0A08:04: _OSC: platform does not support [SHPCHotplug DPC]
[    0.093445] acpi PNP0A08:04: _OSC: OS now controls [PCIeHotplug PME AER PCIeCapability LTR]
[    0.093731] acpi PNP0A08:04: ECAM area [mem 0xf370000000-0xf370ffffff] reserved by PNP0C02:00
[    0.093736] acpi PNP0A08:04: ECAM at [mem 0xf370000000-0xf370ffffff] for [bus 00-0f]
[    0.093755] ACPI: Remapped I/O 0x000000006e800000 to [io  0x40000-0x4ffff window]
[    0.093849] PCI host bridge to bus 0007:00
[    0.093885] pci_bus 0007:00: root bus resource [io  0x40000-0x4ffff window] (bus address [0x6e800000-0x6e80ffff])
[    0.093887] pci_bus 0007:00: root bus resource [mem 0x6e810000-0x70ffffff window]
[    0.093890] pci_bus 0007:00: root bus resource [mem 0x9f00000000-0xacffffffff window]
[    0.093892] pci_bus 0007:00: root bus resource [bus 00-0f]
[    0.093894] PCI: OF: of_root node is NULL, cannot create PCI host bridge node
[    0.093913] pci 0007:00:00.0: [10de:22d0] type 01 class 0x060400 PCIe Root Port
[    0.093927] pci 0007:00:00.0: PCI bridge to [bus 01-0f]
[    0.093932] pci 0007:00:00.0:   bridge window [io  0x40000-0x40fff]
[    0.093935] pci 0007:00:00.0:   bridge window [mem 0x6e900000-0x6e9fffff]
[    0.094000] pci 0007:00:00.0: PME# supported from D0 D3hot D3cold
[    0.094366] pci 0007:01:00.0: [10ec:8127] type 00 class 0x020000 PCIe Endpoint
[    0.094410] pci 0007:01:00.0: BAR 0 [io  0x40000-0x400ff]
[    0.094415] pci 0007:01:00.0: BAR 2 [mem 0x6e900000-0x6e93ffff 64bit]
[    0.094420] pci 0007:01:00.0: BAR 4 [mem 0x6e940000-0x6e943fff 64bit]
[    0.094535] pci 0007:01:00.0: supports D1 D2
[    0.094537] pci 0007:01:00.0: PME# supported from D0 D1 D2 D3hot D3cold
[    0.097392] pci 0007:00:00.0: bridge window [io  0x1000-0x1fff] to [bus 01-0f] add_size 1000
[    0.097395] pci 0007:00:00.0: bridge window [mem 0x00100000-0x000fffff 64bit pref] to [bus 01-0f] add_size 200000 add_align 100000
[    0.097398] pci 0007:00:00.0: bridge window [mem 0x00100000-0x001fffff] to [bus 01-0f] add_size 100000 add_align 100000
[    0.097402] pci 0007:00:00.0: bridge window [mem 0x6e900000-0x6eafffff]: assigned
[    0.097405] pci 0007:00:00.0: bridge window [mem 0x9f00000000-0x9f001fffff 64bit pref]: assigned
[    0.097407] pci 0007:00:00.0: bridge window [io  0x40000-0x41fff]: assigned
[    0.097411] pci 0007:01:00.0: BAR 2 [mem 0x6e900000-0x6e93ffff 64bit]: assigned
[    0.097421] pci 0007:01:00.0: BAR 4 [mem 0x6e940000-0x6e943fff 64bit]: assigned
[    0.097431] pci 0007:01:00.0: BAR 0 [io  0x40000-0x400ff]: assigned
[    0.097436] pci 0007:00:00.0: PCI bridge to [bus 01-0f]
[    0.097439] pci 0007:00:00.0:   bridge window [io  0x40000-0x41fff]
[    0.097442] pci 0007:00:00.0:   bridge window [mem 0x6e900000-0x6eafffff]
[    0.097445] pci 0007:00:00.0:   bridge window [mem 0x9f00000000-0x9f001fffff 64bit pref]
[    0.097449] pci_bus 0007:00: resource 4 [io  0x40000-0x4ffff window]
[    0.097451] pci_bus 0007:00: resource 5 [mem 0x6e810000-0x70ffffff window]
[    0.097453] pci_bus 0007:00: resource 6 [mem 0x9f00000000-0xacffffffff window]
[    0.097455] pci_bus 0007:01: resource 0 [io  0x40000-0x41fff]
[    0.097457] pci_bus 0007:01: resource 1 [mem 0x6e900000-0x6eafffff]
[    0.097459] pci_bus 0007:01: resource 2 [mem 0x9f00000000-0x9f001fffff 64bit pref]
[    0.097464] pci 0007:00:00.0: Max Payload Size set to  512/ 512 (was  128), Max Read Rq  256
[    0.097472] pci 0007:01:00.0: Max Payload Size set to  512/ 512 (was  128), Max Read Rq  256
[    0.097522] ACPI: PCI Root Bridge [PCI8] (domain 0008 [bus 00-0f])
[    0.097526] acpi PNP0A08:05: _OSC: OS supports [ExtendedConfig ASPM ClockPM Segments MSI EDR HPX-Type3]
[    0.097600] acpi PNP0A08:05: _OSC: platform does not support [SHPCHotplug DPC]
[    0.097733] acpi PNP0A08:05: _OSC: OS now controls [PCIeHotplug PME AER PCIeCapability LTR]
[    0.098019] acpi PNP0A08:05: ECAM area [mem 0xf380000000-0xf380ffffff] reserved by PNP0C02:00
[    0.098025] acpi PNP0A08:05: ECAM at [mem 0xf380000000-0xf380ffffff] for [bus 00-0f]
[    0.098044] ACPI: Remapped I/O 0x0000000071000000 to [io  0x50000-0x5ffff window]
[    0.098138] PCI host bridge to bus 0008:00
[    0.098174] pci_bus 0008:00: root bus resource [io  0x50000-0x5ffff window] (bus address [0x71000000-0x7100ffff])
[    0.098176] pci_bus 0008:00: root bus resource [mem 0x71010000-0x737fffff window]
[    0.098178] pci_bus 0008:00: root bus resource [mem 0xad00000000-0xbaffffffff window]
[    0.098181] pci_bus 0008:00: root bus resource [bus 00-0f]
[    0.098183] PCI: OF: of_root node is NULL, cannot create PCI host bridge node
[    0.098210] pci_bus 0008:00: resource 4 [io  0x50000-0x5ffff window]
[    0.098213] pci_bus 0008:00: resource 5 [mem 0x71010000-0x737fffff window]
[    0.098215] pci_bus 0008:00: resource 6 [mem 0xad00000000-0xbaffffffff window]
[    0.098255] ACPI: PCI Root Bridge [PCI9] (domain 0009 [bus 00-0f])
[    0.098258] acpi PNP0A08:06: _OSC: OS supports [ExtendedConfig ASPM ClockPM Segments MSI EDR HPX-Type3]
[    0.098332] acpi PNP0A08:06: _OSC: platform does not support [SHPCHotplug DPC]
[    0.098467] acpi PNP0A08:06: _OSC: OS now controls [PCIeHotplug PME AER PCIeCapability LTR]
[    0.098752] acpi PNP0A08:06: ECAM area [mem 0xf390000000-0xf390ffffff] reserved by PNP0C02:00
[    0.098757] acpi PNP0A08:06: ECAM at [mem 0xf390000000-0xf390ffffff] for [bus 00-0f]
[    0.098775] ACPI: Remapped I/O 0x0000000073800000 to [io  0x60000-0x6ffff window]
[    0.098870] PCI host bridge to bus 0009:00
[    0.098906] pci_bus 0009:00: root bus resource [io  0x60000-0x6ffff window] (bus address [0x73800000-0x7380ffff])
[    0.098909] pci_bus 0009:00: root bus resource [mem 0x73810000-0x75ffffff window]
[    0.098911] pci_bus 0009:00: root bus resource [mem 0xbb00000000-0xc8ffffffff window]
[    0.098913] pci_bus 0009:00: root bus resource [bus 00-0f]
[    0.098915] PCI: OF: of_root node is NULL, cannot create PCI host bridge node
[    0.098935] pci 0009:00:00.0: [10de:22d0] type 01 class 0x060400 PCIe Root Port
[    0.098950] pci 0009:00:00.0: PCI bridge to [bus 01-0f]
[    0.098956] pci 0009:00:00.0:   bridge window [mem 0x73a00000-0x73cfffff]
[    0.099027] pci 0009:00:00.0: PME# supported from D0 D3hot D3cold
[    0.099417] pci 0009:01:00.0: [14c3:7925] type 00 class 0x028000 PCIe Endpoint
[    0.099477] pci 0009:01:00.0: BAR 0 [mem 0x73a00000-0x73bfffff 64bit]
[    0.099483] pci 0009:01:00.0: BAR 2 [mem 0x73c00000-0x73c07fff 64bit]
[    0.099590] pci 0009:01:00.0: PME# supported from D0 D3hot D3cold
[    0.102400] pci 0009:00:00.0: bridge window [io  0x1000-0x0fff] to [bus 01-0f] add_size 1000
[    0.102403] pci 0009:00:00.0: bridge window [mem 0x00100000-0x000fffff 64bit pref] to [bus 01-0f] add_size 200000 add_align 100000
[    0.102407] pci 0009:00:00.0: bridge window [mem 0x73900000-0x73bfffff]: assigned
[    0.102410] pci 0009:00:00.0: bridge window [mem 0xbb00000000-0xbb001fffff 64bit pref]: assigned
[    0.102412] pci 0009:00:00.0: bridge window [io  0x60000-0x60fff]: assigned
[    0.102416] pci 0009:01:00.0: BAR 0 [mem 0x73a00000-0x73bfffff 64bit]: assigned
[    0.102429] pci 0009:01:00.0: BAR 2 [mem 0x73900000-0x73907fff 64bit]: assigned
[    0.102441] pci 0009:00:00.0: PCI bridge to [bus 01-0f]
[    0.102444] pci 0009:00:00.0:   bridge window [io  0x60000-0x60fff]
[    0.102447] pci 0009:00:00.0:   bridge window [mem 0x73900000-0x73bfffff]
[    0.102450] pci 0009:00:00.0:   bridge window [mem 0xbb00000000-0xbb001fffff 64bit pref]
[    0.102454] pci_bus 0009:00: resource 4 [io  0x60000-0x6ffff window]
[    0.102456] pci_bus 0009:00: resource 5 [mem 0x73810000-0x75ffffff window]
[    0.102458] pci_bus 0009:00: resource 6 [mem 0xbb00000000-0xc8ffffffff window]
[    0.102460] pci_bus 0009:01: resource 0 [io  0x60000-0x60fff]
[    0.102463] pci_bus 0009:01: resource 1 [mem 0x73900000-0x73bfffff]
[    0.102465] pci_bus 0009:01: resource 2 [mem 0xbb00000000-0xbb001fffff 64bit pref]
[    0.102469] pci 0009:00:00.0: Max Payload Size set to  256/ 512 (was  128), Max Read Rq  256
[    0.102480] pci 0009:01:00.0: Max Payload Size set to  256/ 256 (was  128), Max Read Rq  256
[    0.106485] platform NVDA8800:00: failed to claim resource 0: [mem 0x05170000-0x051cffff]
[    0.106490] acpi NVDA8800:00: platform device creation failed: -16
[    0.106554] platform NVDA8900:00: failed to claim resource 0: [mem 0xc8000000-0xd7ffffff]
[    0.106558] acpi NVDA8900:00: platform device creation failed: -16
[    0.107379] ACPI: PCI Root Bridge [PCIF] (domain 000f [bus 00-01])
[    0.107383] acpi PNP0A08:0b: _OSC: OS supports [ExtendedConfig ASPM ClockPM Segments MSI EDR HPX-Type3]
[    0.107454] acpi PNP0A08:0b: _OSC: platform does not support [SHPCHotplug DPC]
[    0.107570] acpi PNP0A08:0b: _OSC: OS now controls [PCIeHotplug PME AER PCIeCapability LTR]
[    0.108451] acpi PNP0A08:0b: ECAM area [mem 0x29000000-0x291fffff] reserved by PNP0C02:01
[    0.108459] acpi PNP0A08:0b: ECAM at [mem 0x29000000-0x291fffff] for [bus 00-01]
[    0.108569] PCI host bridge to bus 000f:00
[    0.108604] pci_bus 000f:00: root bus resource [mem 0x24000000-0x281fffff window]
[    0.108607] pci_bus 000f:00: root bus resource [bus 00-01]
[    0.108609] PCI: OF: of_root node is NULL, cannot create PCI host bridge node
[    0.108639] pci 000f:00:00.0: [10de:22d1] type 01 class 0x060400 PCIe Root Port
[    0.108675] pci 000f:00:00.0: PCI bridge to [bus 01]
[    0.108699] pci 000f:00:00.0:   bridge window [mem 0x24000000-0x27ffffff 64bit pref]
[    0.108858] pci 000f:00:00.0: PME# supported from D0 D3hot
[    0.109315] pci 000f:01:00.0: [10de:2e12] type 00 class 0x030000 PCIe Endpoint
[    0.109380] pci 000f:01:00.0: BAR 0 [mem 0x24000000-0x27ffffff 64bit pref]
[    0.109451] pci 000f:01:00.0: Enabling HDA controller
[    1.121235] pci 000f:01:00.0: DOE: [2c8] ABORT timed out
[    1.121237] pci 000f:01:00.0: DOE: [2c8] failed to reset mailbox with abort command : -5
[    1.121245] pci 000f:01:00.0: DOE: [2c8] failed to create mailbox: -5
[    1.121306] pci 000f:01:00.0: 0.000 Gb/s available PCIe bandwidth, limited by Unknown x0 link at 000f:00:00.0 (capable of 32.000 Gb/s with 2.5 GT/s PCIe x16 link)
[    1.121552] pci 000f:00:00.0: PCI bridge to [bus 01]
[    1.121571] pci 000f:00:00.0: PCI bridge to [bus 01]
[    1.121579] pci 000f:00:00.0:   bridge window [mem 0x24000000-0x27ffffff 64bit pref]
[    1.121586] pci_bus 000f:00: resource 4 [mem 0x24000000-0x281fffff window]
[    1.121589] pci_bus 000f:01: resource 2 [mem 0x24000000-0x27ffffff 64bit pref]
[    1.121599] pci 000f:00:00.0: Max Payload Size set to  256/ 512 (was  128), Max Read Rq  512
[    1.121610] pci 000f:01:00.0: Max Payload Size set to  256/ 256 (was  128), Max Read Rq  512
[    1.122273] iommu: Default domain type: Translated (set via kernel command line)
[    1.122275] iommu: DMA domain TLB invalidation policy: lazy mode
[    1.123099] SCSI subsystem initialized
[    1.123162] libata version 3.00 loaded.
[    1.123192] ACPI: bus type USB registered
[    1.123218] usbcore: registered new interface driver usbfs
[    1.123230] usbcore: registered new interface driver hub
[    1.123249] usbcore: registered new device driver usb
[    1.123314] pps_core: LinuxPPS API ver. 1 registered
[    1.123316] pps_core: Software ver. 5.3.6 - Copyright 2005-2007 Rodolfo Giometti <giometti@linux.it>
[    1.123321] PTP clock support registered
[    1.123438] EDAC MC: Ver: 3.0.0
[    1.123626] scmi_core: SCMI protocol bus registered
[    1.123794] efivars: Registered efivars operations
[    1.124090] mpam:mpam_msc_driver_init: No MSC devices found in firmware
[    1.124352] NetLabel: Initializing
[    1.124354] NetLabel:  domain hash size = 128
[    1.124355] NetLabel:  protocols = UNLABELED CIPSOv4 CALIPSO
[    1.124375] NetLabel:  unlabeled traffic allowed by default
[    1.124433] mctp: management component transport protocol core
[    1.124435] NET: Registered PF_MCTP protocol family
[    1.124514] pci 000f:01:00.0: vgaarb: setting as boot VGA device
[    1.124517] pci 000f:01:00.0: vgaarb: bridge control possible
[    1.124518] pci 000f:01:00.0: vgaarb: VGA device added: decodes=io+mem,owns=none,locks=none
[    1.124521] vgaarb: loaded
[    1.124712] clocksource: Switched to clocksource arch_sys_counter
[    1.125627] VFS: Disk quotas dquot_6.6.0
[    1.125641] VFS: Dquot-cache hash table entries: 512 (order 0, 4096 bytes)
[    1.126006] AppArmor: AppArmor Filesystem Enabled
[    1.126054] pnp: PnP ACPI init
[    1.126340] system 00:00: [mem 0xf300000000-0xf3ffffffff window] could not be reserved
[    1.126345] system 00:00: [mem 0x1d790000-0x1d790fff] has been reserved
[    1.126348] system 00:00: [mem 0x1d690000-0x1d690fff] has been reserved
[    1.126351] system 00:00: [mem 0x1d600000-0x1d600fff] has been reserved
[    1.126353] system 00:00: [mem 0x1d640000-0x1d640fff] has been reserved
[    1.126356] system 00:00: [mem 0x16bd0000-0x16bd0fff] has been reserved
[    1.126685] system 00:01: [mem 0x29000000-0x291fffff window] could not be reserved
[    1.126710] pnp: PnP ACPI: found 2 devices
[    1.129583] NET: Registered PF_INET protocol family
[    1.129663] IP idents hash table entries: 262144 (order: 9, 2097152 bytes, linear)
[    1.154086] tcp_listen_portaddr_hash hash table entries: 65536 (order: 8, 1048576 bytes, linear)
[    1.154753] Table-perturb hash table entries: 65536 (order: 6, 262144 bytes, linear)
[    1.154768] TCP established hash table entries: 524288 (order: 10, 4194304 bytes, linear)
[    1.157319] TCP bind hash table entries: 65536 (order: 9, 2097152 bytes, linear)
[    1.158643] TCP: Hash tables configured (established 524288 bind 65536)
[    1.158834] MPTCP token hash table entries: 65536 (order: 9, 1572864 bytes, linear)
[    1.158943] UDP hash table entries: 65536 (order: 10, 4194304 bytes, linear)
[    1.162362] UDP-Lite hash table entries: 65536 (order: 10, 4194304 bytes, linear)
[    1.165861] NET: Registered PF_UNIX/PF_LOCAL protocol family
[    1.165878] NET: Registered PF_XDP protocol family
[    1.165973] PCI: CLS 0 bytes, default 64
[    1.165999] ARM FF-A: Driver version 1.2
[    1.166001] ARM FF-A: Firmware version 1.2 found
[    1.166076] Trying to unpack rootfs image as initramfs...
[    1.174262] kvm [1]: nv: 567 coarse grained trap handlers
[    1.174473] kvm [1]: nv: 664 fine grained trap handlers
[    1.174630] kvm [1]: IPA Size Limit: 40 bits
[    1.174652] kvm [1]: GICv4 support disabled
[    1.174655] kvm [1]: GICv3: no GICV resource entry
[    1.174657] kvm [1]: disabling GICv2 emulation
[    1.174697] kvm [1]: GIC system register CPU interface enabled
[    1.174717] kvm [1]: vgic interrupt IRQ9
[    1.174759] kvm [1]: VHE mode initialized successfully
[    1.204237] Initialise system trusted keyrings
[    1.204258] Key type blacklist registered
[    1.204376] workingset: timestamp_bits=40 max_order=25 bucket_order=0
[    1.204989] squashfs: version 4.0 (2009/01/31) Phillip Lougher
[    1.205193] fuse: init (API version 7.44)
[    1.205396] integrity: Platform Keyring initialized
[    1.205402] integrity: Machine keyring initialized
[    1.225546] Key type asymmetric registered
[    1.225548] Asymmetric key parser 'x509' registered
[    1.225574] Block layer SCSI generic (bsg) driver version 0.4 loaded (major 241)
[    1.225669] io scheduler mq-deadline registered
[    1.227881] ledtrig-cpu: registered to indicate activity on CPUs
[    1.228987] input: Power Button as /devices/LNXSYSTM:00/LNXSYBUS:00/PNP0C0C:00/input/input0
[    1.229049] ACPI: button: Power Button [PWRB]
[    1.229113] input: Lid Switch as /devices/LNXSYSTM:00/LNXSYBUS:00/PNP0C0D:00/input/input1
[    1.229148] ACPI: button: Lid Switch [LID0]
[    1.229197] input: Sleep Button as /devices/LNXSYSTM:00/LNXSYBUS:00/PNP0C0E:00/input/input2
[    1.229230] ACPI: button: Sleep Button [SLPB]
[    1.242909] thermal LNXTHERM:00: registered as thermal_zone0
[    1.242916] ACPI: thermal: Thermal Zone [TSOC] (42 C)
[    1.243011] thermal LNXTHERM:01: registered as thermal_zone1
[    1.243013] ACPI: thermal: Thermal Zone [TS0E] (41 C)
[    1.243098] thermal LNXTHERM:02: registered as thermal_zone2
[    1.243100] ACPI: thermal: Thermal Zone [TS0P] (41 C)
[    1.243182] thermal LNXTHERM:03: registered as thermal_zone3
[    1.243184] ACPI: thermal: Thermal Zone [TS1E] (41 C)
[    1.243266] thermal LNXTHERM:04: registered as thermal_zone4
[    1.243267] ACPI: thermal: Thermal Zone [TS1P] (41 C)
[    1.243351] thermal LNXTHERM:05: registered as thermal_zone5
[    1.243352] ACPI: thermal: Thermal Zone [TGPU] (42 C)
[    1.243436] thermal LNXTHERM:06: registered as thermal_zone6
[    1.243438] ACPI: thermal: Thermal Zone [TUNC] (42 C)
[    1.243579] ACPI GTDT: found 1 SBSA generic Watchdog(s).
[    1.245968] Serial: 8250/16550 driver, 32 ports, IRQ sharing enabled
[    1.249010] printk: legacy console [ttyS0] disabled
[    1.269322] MTKI0511:00: ttyS0 at MMIO 0x16a00000 (irq = 45, base_baud = 1625000) is a ST16650V2
[    1.269362] printk: legacy console [ttyS0] enabled
[    1.269364] printk: legacy bootconsole [uart0] disabled
[    1.270453] msm_serial: driver initialized
[    1.270540] SuperH (H)SCI(F) driver initialized
[    1.271186] arm-smmu-v3 arm-smmu-v3.0.auto: option mask 0x0
[    1.271218] arm-smmu-v3 arm-smmu-v3.0.auto: ias 40-bit, oas 40-bit (features 0x0396dfbf)
[    1.271945] arm-smmu-v3 arm-smmu-v3.0.auto: allocated 65536 entries for cmdq
[    1.272235] arm-smmu-v3 arm-smmu-v3.0.auto: allocated 32768 entries for evtq
[    1.272561] arm-smmu-v3 arm-smmu-v3.0.auto: allocated 65536 entries for priq
[    1.272564] arm-smmu-v3 arm-smmu-v3.0.auto: 2-level strtab only covers 25/32 bits of SID
[    1.273159] arm-smmu-v3 arm-smmu-v3.0.auto: msi_domain absent - falling back to wired irqs
[    1.274320] platform NVDA8000:00: Adding to iommu group 0
[    1.274345] platform NVDA8000:01: Adding to iommu group 1
[    1.274359] platform NVDA8000:02: Adding to iommu group 2
[    1.274376] platform NVDA8000:03: Adding to iommu group 3
[    1.274392] platform NVDA8001:00: Adding to iommu group 4
[    1.274408] platform NVDA8000:04: Adding to iommu group 5
[    1.275341] pci 0000:00:00.0: Adding to iommu group 6
[    1.275863] pci 0000:01:00.0: Adding to iommu group 7
[    1.275894] pci 0000:01:00.1: Adding to iommu group 8
[    1.276278] pci 0002:00:00.0: Adding to iommu group 9
[    1.276799] pci 0002:01:00.0: Adding to iommu group 10
[    1.276830] pci 0002:01:00.1: Adding to iommu group 11
[    1.277106] pci 0004:00:00.0: Adding to iommu group 12
[    1.277374] pci 0004:01:00.0: Adding to iommu group 13
[    1.277715] pci 0007:00:00.0: Adding to iommu group 14
[    1.277973] pci 0007:01:00.0: Adding to iommu group 15
[    1.278374] pci 0009:00:00.0: Adding to iommu group 16
[    1.278633] pci 0009:01:00.0: Adding to iommu group 17
[    1.279467] arm-smmu-v3 arm-smmu-v3.1.auto: option mask 0x0
[    1.279479] arm-smmu-v3 arm-smmu-v3.1.auto: ias 40-bit, oas 40-bit (features 0x0396dfbf)
[    1.280317] arm-smmu-v3 arm-smmu-v3.1.auto: allocated 65536 entries for cmdq
[    1.281146] arm-smmu-v3 arm-smmu-v3.1.auto: allocated 32768 entries for evtq
[    1.281952] arm-smmu-v3 arm-smmu-v3.1.auto: allocated 65536 entries for priq
[    1.281954] arm-smmu-v3 arm-smmu-v3.1.auto: 2-level strtab only covers 25/32 bits of SID
[    1.284691] arm-smmu-v3 arm-smmu-v3.1.auto: msi_domain absent - falling back to wired irqs
[    1.287020] platform NVDA2014:00: Adding to iommu group 18
[    1.287274] pci 000f:00:00.0: Adding to iommu group 19
[    1.288324] pci 000f:01:00.0: Adding to iommu group 20
[    1.358159] arm-smmu-v3 arm-smmu-v3.2.auto: option mask 0x0
[    1.358191] arm-smmu-v3 arm-smmu-v3.2.auto: ias 40-bit, oas 40-bit (features 0x0396dfbf)
[    1.358900] arm-smmu-v3 arm-smmu-v3.2.auto: allocated 65536 entries for cmdq
[    1.359428] arm-smmu-v3 arm-smmu-v3.2.auto: allocated 32768 entries for evtq
[    1.359907] arm-smmu-v3 arm-smmu-v3.2.auto: allocated 65536 entries for priq
[    1.359914] arm-smmu-v3 arm-smmu-v3.2.auto: 2-level strtab only covers 25/32 bits of SID
[    1.361117] arm-smmu-v3 arm-smmu-v3.2.auto: msi_domain absent - falling back to wired irqs
[    1.362785] arm-smmu-v3 arm-smmu-v3.2.auto: no priq irq - PRI will be broken
[    1.364051] platform NVDA2861:00: Adding to iommu group 21
[    1.364266] platform NVDA0210:00: Adding to iommu group 22
[    1.364296] platform NVDA0210:01: Adding to iommu group 23
[    1.364325] platform NVDA0210:02: Adding to iommu group 24
[    1.375744] loop: module loaded
[    1.376212] ACPI: bus type drm_connector registered
[    1.376476] tun: Universal TUN/TAP device driver, 1.6
[    1.376643] PPP generic driver version 2.4.2
[    1.376866] mousedev: PS/2 mouse device common for all mice
[    1.377352] rtc-efi rtc-efi.0: registered as rtc0
[    1.377448] rtc-efi rtc-efi.0: setting system clock to 2026-05-10T09:48:30 UTC (1778406510)
[    1.377521] i2c_dev: i2c /dev entries driver
[    1.377760] device-mapper: core: CONFIG_IMA_DISABLE_HTABLE is disabled. Duplicate IMA measurements will not be recorded in the IMA log.
[    1.377776] device-mapper: uevent: version 1.0.3
[    1.377849] device-mapper: ioctl: 4.50.0-ioctl (2025-04-28) initialised: dm-devel@lists.linux.dev
[    1.378268] SMCCC: SOC_ID: ID = jep106:0426:8901 Revision = 0x00000000
[    1.378271] Arm LFA: Live Firmware activation: no firmware agent found
[    1.381873] hw perfevents: enabled with armv8_pmuv3_0 PMU driver, 21 (0,800fffff) counters available
[    1.384313] hw perfevents: enabled with armv8_pmuv3_1 PMU driver, 32 (0,ffffffff) counters available
[    1.384482] drop_monitor: Initializing network drop monitor service
[    1.384596] NET: Registered PF_INET6 protocol family
[    1.384676] watchdog: NMI not fully supported
[    1.384678] watchdog: Hard watchdog permanently disabled
[    1.385312] Segment Routing with IPv6
[    1.385321] In-situ OAM (IOAM) with IPv6
[    1.385344] NET: Registered PF_PACKET protocol family
[    1.385583] Key type dns_resolver registered
[    1.388132] registered taskstats version 1
[    1.399648] Freeing initrd memory: 82172K
[    1.405980] Loading compiled-in X.509 certificates
[    1.408504] Loaded X.509 cert 'Build time autogenerated kernel key: ca9bdbc329efdbfa17c549806ab70bafd88f468f'
[    1.409135] Loaded X.509 cert 'Canonical Ltd. Live Patch Signing 2025 Kmod: d541cef61dc7e793b7eb7e899970a2eef0b5dc8c'
[    1.409733] Loaded X.509 cert 'Canonical Ltd. Live Patch Signing: 14df34d1a87cf37625abec039ef2bf521249b969'
[    1.410324] Loaded X.509 cert 'Canonical Ltd. Kernel Module Signing: 88f752e560a1e0737e31163a466ad7b70a850c19'
[    1.410329] blacklist: Loading compiled-in revocation X.509 certificates
[    1.410350] Loaded X.509 cert 'Canonical Ltd. Secure Boot Signing: 61482aa2830d0ab2ad5af10b7250da9033ddcef0'
[    1.410362] Loaded X.509 cert 'Canonical Ltd. Secure Boot Signing (2017): 242ade75ac4a15e50d50c84b0d45ff3eae707a03'
[    1.410372] Loaded X.509 cert 'Canonical Ltd. Secure Boot Signing (ESM 2018): 365188c1d374d6b07c3c8f240f8ef722433d6a8b'
[    1.410382] Loaded X.509 cert 'Canonical Ltd. Secure Boot Signing (2019): c0746fd6c5da3ae827864651ad66ae47fe24b3e8'
[    1.410391] Loaded X.509 cert 'Canonical Ltd. Secure Boot Signing (2021 v1): a8d54bbb3825cfb94fa13c9f8a594a195c107b8d'
[    1.410401] Loaded X.509 cert 'Canonical Ltd. Secure Boot Signing (2021 v2): 4cf046892d6fd3c9a5b03f98d845f90851dc6a8c'
[    1.410411] Loaded X.509 cert 'Canonical Ltd. Secure Boot Signing (2021 v3): 100437bb6de6e469b581e61cd66bce3ef4ed53af'
[    1.410420] Loaded X.509 cert 'Canonical Ltd. Secure Boot Signing (Ubuntu Core 2019): c1d57b8f6b743f23ee41f4f7ee292f06eecadfb9'
[    1.416887] Demotion targets for Node 0: null
[    1.417427] Key type .fscrypt registered
[    1.417429] Key type fscrypt-provisioning registered
[    1.417510] Key type big_key registered
[    1.447528] Key type encrypted registered
[    1.447539] AppArmor: AppArmor sha256 policy hashing enabled
[    1.448683] integrity: Loading X.509 certificate: UEFI:db
[    1.448758] integrity: Loaded X.509 cert 'Microsoft UEFI CA 2023: 81aa6b3244c935bce0d6628af39827421e32497d'
[    1.448761] integrity: Loading X.509 certificate: UEFI:db
[    1.448777] integrity: Loaded X.509 cert 'Microsoft Corporation: Windows UEFI CA 2023: aefc5fbbbe055d8f8daa585473499417ab5a5272'
[    1.448779] integrity: Loading X.509 certificate: UEFI:db
[    1.448801] integrity: Loaded X.509 cert 'Microsoft Corporation UEFI CA 2011: 13adbf4309bd82709c8cd54f316ed522988a1bd4'
[    1.448803] integrity: Loading X.509 certificate: UEFI:db
[    1.448814] integrity: Loaded X.509 cert 'Microsoft Windows Production PCA 2011: a92902398e16c49778cd90f99e4f9ae17c55af53'
[    1.449392] ima: secureboot mode enabled
[    1.449399] integrity: Loading X.509 certificate: UEFI:MokListRT (MOKvar table)
[    1.449877] integrity: Loaded X.509 cert 'Canonical Ltd. Master Certificate Authority: ad91990bc22ab1f517048c23b6655a268e345a63'
[    1.449884] ima: No TPM chip found, activating TPM-bypass!
[    1.449895] Loading compiled-in module X.509 certificates
[    1.450496] Loaded X.509 cert 'Build time autogenerated kernel key: ca9bdbc329efdbfa17c549806ab70bafd88f468f'
[    1.450499] ima: Allocated hash algorithm: sha256
[    1.450544] audit: type=1807 audit(1778406510.572:2): action=measure func=KEXEC_KERNEL_CHECK res=1
[    1.450558] audit: type=1807 audit(1778406510.572:3): action=measure func=MODULE_CHECK res=1
[    1.450563] evm: Initialising EVM extended attributes:
[    1.450566] evm: security.selinux
[    1.450568] evm: security.SMACK64
[    1.450570] evm: security.SMACK64EXEC
[    1.450571] evm: security.SMACK64TRANSMUTE
[    1.450573] evm: security.SMACK64MMAP
[    1.450574] evm: security.apparmor
[    1.450576] evm: security.ima
[    1.450577] evm: security.capability
[    1.450579] evm: HMAC attrs: 0x1
[    1.452008] pcieport 0000:00:00.0: PME: Signaling with IRQ 329
[    1.452309] pcieport 0000:00:00.0: AER: enabled with IRQ 330
[    1.453371] pcieport 0002:00:00.0: PME: Signaling with IRQ 332
[    1.453642] pcieport 0002:00:00.0: AER: enabled with IRQ 333
[    1.454679] pcieport 0004:00:00.0: PME: Signaling with IRQ 335
[    1.454952] pcieport 0004:00:00.0: AER: enabled with IRQ 336
[    1.454979] pcieport 0004:00:00.0: pciehp: Slot #4 AttnBtn- PwrCtrl- MRL- AttnInd- PwrInd- HotPlug+ Surprise+ Interlock- NoCompl+ IbPresDis- LLActRep+
[    1.456295] pcieport 0007:00:00.0: PME: Signaling with IRQ 338
[    1.456582] pcieport 0007:00:00.0: AER: enabled with IRQ 339
[    1.456605] pcieport 0007:00:00.0: pciehp: Slot #7 AttnBtn- PwrCtrl- MRL- AttnInd- PwrInd- HotPlug+ Surprise+ Interlock- NoCompl+ IbPresDis- LLActRep+
[    1.457893] pcieport 0009:00:00.0: PME: Signaling with IRQ 341
[    1.458153] pcieport 0009:00:00.0: AER: enabled with IRQ 342
[    1.458174] pcieport 0009:00:00.0: pciehp: Slot #9 AttnBtn- PwrCtrl- MRL- AttnInd- PwrInd- HotPlug+ Surprise+ Interlock- NoCompl+ IbPresDis- LLActRep+
[    1.458808] pcieport 000f:00:00.0: PME: Signaling with IRQ 343
[    1.459084] pcieport 000f:00:00.0: AER: enabled with IRQ 345
[    1.474938] clk: Disabling unused clocks
[    1.474943] PM: genpd: Disabling unused power domains
[    1.478260] Freeing unused kernel memory: 14592K
[    1.824051] Checked W+X mappings: passed, no W+X pages found
[    1.824066] Run /init as init process
[    1.824069]   with arguments:
[    1.824072]     /init
[    1.824074]     splash
[    1.824076]   with environment:
[    1.824077]     HOME=/
[    1.824079]     TERM=linux
[    2.141790] xhci-hcd NVDA8000:00: xHCI Host Controller
[    2.141808] xhci-hcd NVDA8000:00: new USB bus registered, assigned bus number 1
[    2.142087] xhci-hcd NVDA8000:00: hcc params 0x01844f91 hci version 0x120 quirks 0x0008000000000010
[    2.142109] xhci-hcd NVDA8000:00: irq 96, io mem 0x1db60000
[    2.142195] xhci-hcd NVDA8000:00: xHCI Host Controller
[    2.142198] xhci-hcd NVDA8000:00: new USB bus registered, assigned bus number 2
[    2.142202] xhci-hcd NVDA8000:00: Host supports USB 3.2 Enhanced SuperSpeed
[    2.142411] usb usb1: New USB device found, idVendor=1d6b, idProduct=0002, bcdDevice= 6.17
[    2.142423] usb usb1: New USB device strings: Mfr=3, Product=2, SerialNumber=1
[    2.142427] usb usb1: Product: xHCI Host Controller
[    2.142431] usb usb1: Manufacturer: Linux 6.17.0-1014-nvidia xhci-hcd
[    2.142434] usb usb1: SerialNumber: NVDA8000:00
[    2.145942] hub 1-0:1.0: USB hub found
[    2.145995] hub 1-0:1.0: 1 port detected
[    2.146424] usb usb2: We don't know the algorithms for LPM for this host, disabling LPM.
[    2.146606] usb usb2: New USB device found, idVendor=1d6b, idProduct=0003, bcdDevice= 6.17
[    2.146613] usb usb2: New USB device strings: Mfr=3, Product=2, SerialNumber=1
[    2.146617] usb usb2: Product: xHCI Host Controller
[    2.146621] usb usb2: Manufacturer: Linux 6.17.0-1014-nvidia xhci-hcd
[    2.146625] usb usb2: SerialNumber: NVDA8000:00
[    2.148464] hub 2-0:1.0: USB hub found
[    2.148514] hub 2-0:1.0: 1 port detected
[    2.158511] xhci-hcd NVDA8000:01: xHCI Host Controller
[    2.158527] xhci-hcd NVDA8000:01: new USB bus registered, assigned bus number 3
[    2.158860] xhci-hcd NVDA8000:01: hcc params 0x01844f91 hci version 0x120 quirks 0x0008000000000010
[    2.158893] xhci-hcd NVDA8000:01: irq 97, io mem 0x1db90000
[    2.159005] xhci-hcd NVDA8000:01: xHCI Host Controller
[    2.159012] xhci-hcd NVDA8000:01: new USB bus registered, assigned bus number 4
[    2.159018] xhci-hcd NVDA8000:01: Host supports USB 3.2 Enhanced SuperSpeed
[    2.159204] usb usb3: New USB device found, idVendor=1d6b, idProduct=0002, bcdDevice= 6.17
[    2.159213] usb usb3: New USB device strings: Mfr=3, Product=2, SerialNumber=1
[    2.159216] usb usb3: Product: xHCI Host Controller
[    2.159219] usb usb3: Manufacturer: Linux 6.17.0-1014-nvidia xhci-hcd
[    2.159221] usb usb3: SerialNumber: NVDA8000:01
[    2.159543] hub 3-0:1.0: USB hub found
[    2.159573] hub 3-0:1.0: 1 port detected
[    2.159815] usb usb4: We don't know the algorithms for LPM for this host, disabling LPM.
[    2.159892] usb usb4: New USB device found, idVendor=1d6b, idProduct=0003, bcdDevice= 6.17
[    2.159896] usb usb4: New USB device strings: Mfr=3, Product=2, SerialNumber=1
[    2.159898] usb usb4: Product: xHCI Host Controller
[    2.159900] usb usb4: Manufacturer: Linux 6.17.0-1014-nvidia xhci-hcd
[    2.159903] usb usb4: SerialNumber: NVDA8000:01
[    2.160092] hub 4-0:1.0: USB hub found
[    2.160113] hub 4-0:1.0: 1 port detected
[    2.160403] Key type psk registered
[    2.160416] xhci-hcd NVDA8000:02: xHCI Host Controller
[    2.160425] xhci-hcd NVDA8000:02: new USB bus registered, assigned bus number 5
[    2.160677] xhci-hcd NVDA8000:02: hcc params 0x01844f91 hci version 0x120 quirks 0x0008000000000010
[    2.160699] xhci-hcd NVDA8000:02: irq 98, io mem 0x1dde0000
[    2.160808] xhci-hcd NVDA8000:02: xHCI Host Controller
[    2.160814] xhci-hcd NVDA8000:02: new USB bus registered, assigned bus number 6
[    2.160820] xhci-hcd NVDA8000:02: Host supports USB 3.2 Enhanced SuperSpeed
[    2.160922] usb usb5: New USB device found, idVendor=1d6b, idProduct=0002, bcdDevice= 6.17
[    2.160925] usb usb5: New USB device strings: Mfr=3, Product=2, SerialNumber=1
[    2.160928] usb usb5: Product: xHCI Host Controller
[    2.160929] usb usb5: Manufacturer: Linux 6.17.0-1014-nvidia xhci-hcd
[    2.160932] usb usb5: SerialNumber: NVDA8000:02
[    2.167056] hub 5-0:1.0: USB hub found
[    2.167109] hub 5-0:1.0: 1 port detected
[    2.170864] usb usb6: We don't know the algorithms for LPM for this host, disabling LPM.
[    2.171106] usb usb6: New USB device found, idVendor=1d6b, idProduct=0003, bcdDevice= 6.17
[    2.171117] usb usb6: New USB device strings: Mfr=3, Product=2, SerialNumber=1
[    2.171121] usb usb6: Product: xHCI Host Controller
[    2.171125] usb usb6: Manufacturer: Linux 6.17.0-1014-nvidia xhci-hcd
[    2.171128] usb usb6: SerialNumber: NVDA8000:02
[    2.176067] hub 6-0:1.0: USB hub found
[    2.176104] hub 6-0:1.0: 1 port detected
[    2.178113] xhci-hcd NVDA8000:03: xHCI Host Controller
[    2.178131] xhci-hcd NVDA8000:03: new USB bus registered, assigned bus number 7
[    2.178391] xhci-hcd NVDA8000:03: hcc params 0x01844f91 hci version 0x120 quirks 0x0008000000000010
[    2.178411] xhci-hcd NVDA8000:03: irq 99, io mem 0x1de10000
[    2.178495] xhci-hcd NVDA8000:03: xHCI Host Controller
[    2.178498] xhci-hcd NVDA8000:03: new USB bus registered, assigned bus number 8
[    2.178502] xhci-hcd NVDA8000:03: Host supports USB 3.2 Enhanced SuperSpeed
[    2.178611] usb usb7: New USB device found, idVendor=1d6b, idProduct=0002, bcdDevice= 6.17
[    2.178619] usb usb7: New USB device strings: Mfr=3, Product=2, SerialNumber=1
[    2.178622] usb usb7: Product: xHCI Host Controller
[    2.178625] usb usb7: Manufacturer: Linux 6.17.0-1014-nvidia xhci-hcd
[    2.178627] usb usb7: SerialNumber: NVDA8000:03
[    2.179354] hub 7-0:1.0: USB hub found
[    2.179385] hub 7-0:1.0: 1 port detected
[    2.179687] usb usb8: We don't know the algorithms for LPM for this host, disabling LPM.
[    2.179777] usb usb8: New USB device found, idVendor=1d6b, idProduct=0003, bcdDevice= 6.17
[    2.179787] usb usb8: New USB device strings: Mfr=3, Product=2, SerialNumber=1
[    2.179791] usb usb8: Product: xHCI Host Controller
[    2.179795] usb usb8: Manufacturer: Linux 6.17.0-1014-nvidia xhci-hcd
[    2.179799] usb usb8: SerialNumber: NVDA8000:03
[    2.181679] hub 8-0:1.0: USB hub found
[    2.181711] hub 8-0:1.0: 1 port detected
[    2.182856] r8169 0007:01:00.0 eth0: RTL8127A, 4c:bb:47:2f:54:51, XID 6c9, IRQ 346
[    2.182864] r8169 0007:01:00.0 eth0: jumbo features [frames: 16362 bytes, tx checksumming: ko]
[    2.183232] xhci-hcd NVDA8001:00: xHCI Host Controller
[    2.183238] xhci-hcd NVDA8001:00: new USB bus registered, assigned bus number 9
[    2.183485] xhci-hcd NVDA8001:00: hcc params 0x01844f91 hci version 0x120 quirks 0x0008000000000010
[    2.183499] xhci-hcd NVDA8001:00: irq 100, io mem 0x1d860000
[    2.183573] xhci-hcd NVDA8001:00: xHCI Host Controller
[    2.183576] xhci-hcd NVDA8001:00: new USB bus registered, assigned bus number 10
[    2.183579] xhci-hcd NVDA8001:00: Host supports USB 3.2 Enhanced SuperSpeed
[    2.183668] usb usb9: New USB device found, idVendor=1d6b, idProduct=0002, bcdDevice= 6.17
[    2.183673] usb usb9: New USB device strings: Mfr=3, Product=2, SerialNumber=1
[    2.183675] usb usb9: Product: xHCI Host Controller
[    2.183677] usb usb9: Manufacturer: Linux 6.17.0-1014-nvidia xhci-hcd
[    2.183680] usb usb9: SerialNumber: NVDA8001:00
[    2.184259] hub 9-0:1.0: USB hub found
[    2.184317] hub 9-0:1.0: 1 port detected
[    2.186999] usb usb10: We don't know the algorithms for LPM for this host, disabling LPM.
[    2.187220] usb usb10: New USB device found, idVendor=1d6b, idProduct=0003, bcdDevice= 6.17
[    2.187231] usb usb10: New USB device strings: Mfr=3, Product=2, SerialNumber=1
[    2.187236] usb usb10: Product: xHCI Host Controller
[    2.187240] usb usb10: Manufacturer: Linux 6.17.0-1014-nvidia xhci-hcd
[    2.187244] usb usb10: SerialNumber: NVDA8001:00
[    2.191025] hub 10-0:1.0: USB hub found
[    2.191081] hub 10-0:1.0: 1 port detected
[    2.194628] nvme nvme0: pci function 0004:01:00.0
[    2.195126] xhci-hcd NVDA8000:04: xHCI Host Controller
[    2.195149] xhci-hcd NVDA8000:04: new USB bus registered, assigned bus number 11
[    2.195433] xhci-hcd NVDA8000:04: hcc params 0x01844f91 hci version 0x120 quirks 0x0008000000000010
[    2.195455] xhci-hcd NVDA8000:04: irq 101, io mem 0x1d870000
[    2.195541] xhci-hcd NVDA8000:04: xHCI Host Controller
[    2.195545] xhci-hcd NVDA8000:04: new USB bus registered, assigned bus number 12
[    2.195548] xhci-hcd NVDA8000:04: Host supports USB 3.2 Enhanced SuperSpeed
[    2.195671] usb usb11: New USB device found, idVendor=1d6b, idProduct=0002, bcdDevice= 6.17
[    2.195677] usb usb11: New USB device strings: Mfr=3, Product=2, SerialNumber=1
[    2.195679] usb usb11: Product: xHCI Host Controller
[    2.195682] usb usb11: Manufacturer: Linux 6.17.0-1014-nvidia xhci-hcd
[    2.195684] usb usb11: SerialNumber: NVDA8000:04
[    2.197146] hub 11-0:1.0: USB hub found
[    2.197167] hub 11-0:1.0: 2 ports detected
[    2.198089] usb usb12: We don't know the algorithms for LPM for this host, disabling LPM.
[    2.198223] usb usb12: New USB device found, idVendor=1d6b, idProduct=0003, bcdDevice= 6.17
[    2.198230] usb usb12: New USB device strings: Mfr=3, Product=2, SerialNumber=1
[    2.198234] usb usb12: Product: xHCI Host Controller
[    2.198238] usb usb12: Manufacturer: Linux 6.17.0-1014-nvidia xhci-hcd
[    2.198242] usb usb12: SerialNumber: NVDA8000:04
[    2.198980] hub 12-0:1.0: USB hub found
[    2.199032] hub 12-0:1.0: 1 port detected
[    2.203386] nvme nvme0: D3 entry latency set to 10 seconds
[    2.212712] nvme nvme0: 15/0/0 default/read/poll queues
[    2.215171]  nvme0n1: p1 p2
[    2.218286] r8169 0007:01:00.0 enP7s7: renamed from eth0
[    2.260430] mlx5_core 0000:01:00.0: enabling device (0000 -> 0002)
[    2.260574] mlx5_core 0000:01:00.0: firmware version: 28.45.4028
[    2.260595] mlx5_core 0000:01:00.0: 126.028 Gb/s available PCIe bandwidth (32.0 GT/s PCIe x4 link)
[    2.590065] usb 11-2: new high-speed USB device number 2 using xhci-hcd
[    2.617543] mlx5_core 0000:01:00.0: Rate limit: 127 rates are supported, range: 0Mbps to 195312Mbps
[    2.618261] mlx5_core 0000:01:00.0: E-Switch: Total vports 10, per vport: max uc(128) max mc(2048)
[    2.622539] mlx5_core 0000:01:00.0: Flow counters bulk query buffer size increased, bulk_query_len(8)
[    2.632559] mlx5_core 0000:01:00.0: Port module event: module 0, Cable unplugged
[    2.634528] mlx5_core 0000:01:00.0: mlx5_pcie_event:326:(pid 165): Detected insufficient power on the PCIe slot (27W).
[    2.644129] mlx5_core 0000:01:00.0: mlx5e: IPSec ESP acceleration enabled
[    2.716242] usb 11-2: New USB device found, idVendor=13d3, idProduct=3630, bcdDevice= 1.00
[    2.716256] usb 11-2: New USB device strings: Mfr=5, Product=6, SerialNumber=7
[    2.716261] usb 11-2: Product: Wireless_Device
[    2.716265] usb 11-2: Manufacturer: MediaTek Inc.
[    2.716269] usb 11-2: SerialNumber: 000000000
[    2.818768] mlx5_core 0000:01:00.0: MLX5E: StrdRq(1) RqSz(8) StrdSz(2048) RxCqeCmprss(0 enhanced)
[    2.827153] mlx5_core 0000:01:00.1: enabling device (0000 -> 0002)
[    2.827299] mlx5_core 0000:01:00.1: firmware version: 28.45.4028
[    2.827323] mlx5_core 0000:01:00.1: 126.028 Gb/s available PCIe bandwidth (32.0 GT/s PCIe x4 link)
[    3.194612] mlx5_core 0000:01:00.1: Rate limit: 127 rates are supported, range: 0Mbps to 195312Mbps
[    3.195176] mlx5_core 0000:01:00.1: E-Switch: Total vports 10, per vport: max uc(128) max mc(2048)
[    3.199580] mlx5_core 0000:01:00.1: Flow counters bulk query buffer size increased, bulk_query_len(8)
[    3.205723] mlx5_core 0000:01:00.1: Port module event: module 1, Cable unplugged
[    3.206208] mlx5_core 0000:01:00.1: mlx5_pcie_event:326:(pid 388): Detected insufficient power on the PCIe slot (27W).
[    3.219402] mlx5_core 0000:01:00.1: mlx5e: IPSec ESP acceleration enabled
[    3.371421] mlx5_core 0000:01:00.1: MLX5E: StrdRq(1) RqSz(8) StrdSz(2048) RxCqeCmprss(0 enhanced)
[    3.379210] mlx5_core 0002:01:00.0: enabling device (0000 -> 0002)
[    3.379362] mlx5_core 0002:01:00.0: firmware version: 28.45.4028
[    3.379384] mlx5_core 0002:01:00.0: 126.028 Gb/s available PCIe bandwidth (32.0 GT/s PCIe x4 link)
[    3.746481] mlx5_core 0002:01:00.0: Rate limit: 127 rates are supported, range: 0Mbps to 195312Mbps
[    3.747590] mlx5_core 0002:01:00.0: E-Switch: Total vports 10, per vport: max uc(128) max mc(2048)
[    3.761081] mlx5_core 0002:01:00.0: Flow counters bulk query buffer size increased, bulk_query_len(8)
[    3.770827] mlx5_core 0002:01:00.0: Port module event: module 0, Cable unplugged
[    3.771244] mlx5_core 0002:01:00.0: mlx5_pcie_event:326:(pid 165): Detected insufficient power on the PCIe slot (27W).
[    3.782592] mlx5_core 0002:01:00.0: mlx5e: IPSec ESP acceleration enabled
[    3.962300] mlx5_core 0002:01:00.0: MLX5E: StrdRq(1) RqSz(8) StrdSz(2048) RxCqeCmprss(0 enhanced)
[    3.970271] mlx5_core 0002:01:00.1: enabling device (0000 -> 0002)
[    3.970413] mlx5_core 0002:01:00.1: firmware version: 28.45.4028
[    3.970435] mlx5_core 0002:01:00.1: 126.028 Gb/s available PCIe bandwidth (32.0 GT/s PCIe x4 link)
[    4.338591] mlx5_core 0002:01:00.1: Rate limit: 127 rates are supported, range: 0Mbps to 195312Mbps
[    4.339521] mlx5_core 0002:01:00.1: E-Switch: Total vports 10, per vport: max uc(128) max mc(2048)
[    4.347698] mlx5_core 0002:01:00.1: Flow counters bulk query buffer size increased, bulk_query_len(8)
[    4.355065] mlx5_core 0002:01:00.1: Port module event: module 1, Cable unplugged
[    4.355735] mlx5_core 0002:01:00.1: mlx5_pcie_event:326:(pid 372): Detected insufficient power on the PCIe slot (27W).
[    4.367530] mlx5_core 0002:01:00.1: mlx5e: IPSec ESP acceleration enabled
[    4.534279] mlx5_core 0002:01:00.1: MLX5E: StrdRq(1) RqSz(8) StrdSz(2048) RxCqeCmprss(0 enhanced)
[    4.539933] mlx5_core 0000:01:00.0 enp1s0f0np0: renamed from eth0
[    4.540175] mlx5_core 0002:01:00.0 enP2p1s0f0np0: renamed from eth2
[    4.541112] mlx5_core 0002:01:00.1 enP2p1s0f1np1: renamed from eth3
[    4.541488] mlx5_core 0000:01:00.1 enp1s0f1np1: renamed from eth1
[    4.556960] MACsec IEEE 802.1AE
[    5.972702] raid6: neonx8   gen() 19136 MB/s
[    5.989736] raid6: neonx4   gen() 15792 MB/s
[    6.006703] raid6: neonx2   gen() 14389 MB/s
[    6.023702] raid6: neonx1   gen() 13113 MB/s
[    6.040703] raid6: int64x8  gen()  6571 MB/s
[    6.057705] raid6: int64x4  gen()  6333 MB/s
[    6.074703] raid6: int64x2  gen()  5219 MB/s
[    6.091706] raid6: int64x1  gen()  4253 MB/s
[    6.091708] raid6: using algorithm neonx8 gen() 19136 MB/s
[    6.108701] raid6: .... xor() 14713 MB/s, rmw enabled
[    6.108704] raid6: using neon recovery algorithm
[    6.115961] xor: measuring software checksum speed
[    6.116141]    8regs           : 18834 MB/sec
[    6.116321]    32regs          : 18624 MB/sec
[    6.116452]    arm64_neon      : 25441 MB/sec
[    6.116454] xor: using function: arm64_neon (25441 MB/sec)
[    6.119993] async_tx: api initialized (async)
[    6.255084] Btrfs loaded, zoned=yes, fsverity=yes
[    6.403605] EXT4-fs (nvme0n1p2): mounted filesystem d27bfd26-ff30-400e-9eca-9cdf73de9406 ro with ordered data mode. Quota mode: none.
[    6.594308] systemd[1]: Inserted module 'autofs4'
[    6.627711] systemd[1]: systemd 255.4-1ubuntu8.15 running in system mode (+PAM +AUDIT +SELINUX +APPARMOR +IMA +SMACK +SECCOMP +GCRYPT -GNUTLS +OPENSSL +ACL +BLKID +CURL +ELFUTILS +FIDO2 +IDN2 -IDN +IPTC +KMOD +LIBCRYPTSETUP +LIBFDISK +PCRE2 -PWQUALITY +P11KIT +QRENCODE +TPM2 +BZIP2 +LZ4 +XZ +ZLIB +ZSTD -BPF_FRAMEWORK -XKBCOMMON +UTMP +SYSVINIT default-hierarchy=unified)
[    6.627722] systemd[1]: Detected architecture arm64.
[    6.628617] systemd[1]: Hostname set to <spark-07>.
[    6.911543] systemd[1]: Configuration file /etc/systemd/system/dgx-dashboard-admin.service is marked world-inaccessible. This has no effect as configuration data is accessible via APIs without restrictions. Proceeding anyway.
[    6.995445] systemd[1]: Queued start job for default target multi-user.target.
[    7.029411] systemd[1]: Created slice system-modprobe.slice - Slice /system/modprobe.
[    7.030559] systemd[1]: Created slice system-serial\x2dgetty.slice - Slice /system/serial-getty.
[    7.031496] systemd[1]: Created slice system-systemd\x2dfsck.slice - Slice /system/systemd-fsck.
[    7.032165] systemd[1]: Created slice user.slice - User and Session Slice.
[    7.032312] systemd[1]: Started systemd-ask-password-wall.path - Forward Password Requests to Wall Directory Watch.
[    7.032731] systemd[1]: Set up automount proc-sys-fs-binfmt_misc.automount - Arbitrary Executable File Formats File System Automount Point.
[    7.032778] systemd[1]: Expecting device dev-disk-by\x2duuid-9DA2\x2d3597.device - /dev/disk/by-uuid/9DA2-3597...
[    7.032792] systemd[1]: Expecting device dev-ttyS0.device - /dev/ttyS0...
[    7.032827] systemd[1]: Reached target integritysetup.target - Local Integrity Protected Volumes.
[    7.032911] systemd[1]: Reached target slices.target - Slice Units.
[    7.032939] systemd[1]: Reached target snapd.mounts-pre.target - Mounting snaps.
[    7.032995] systemd[1]: Reached target veritysetup.target - Local Verity Protected Volumes.
[    7.033163] systemd[1]: Listening on dm-event.socket - Device-mapper event daemon FIFOs.
[    7.033409] systemd[1]: Listening on lvm2-lvmpolld.socket - LVM2 poll daemon socket.
[    7.033886] systemd[1]: Listening on multipathd.socket - multipathd control socket.
[    7.034125] systemd[1]: Listening on syslog.socket - Syslog Socket.
[    7.034300] systemd[1]: Listening on systemd-fsckd.socket - fsck to fsckd communication Socket.
[    7.034417] systemd[1]: Listening on systemd-initctl.socket - initctl Compatibility Named Pipe.
[    7.034603] systemd[1]: Listening on systemd-journald-dev-log.socket - Journal Socket (/dev/log).
[    7.034846] systemd[1]: Listening on systemd-journald.socket - Journal Socket.
[    7.035132] systemd[1]: Listening on systemd-networkd.socket - Network Service Netlink Socket.
[    7.035218] systemd[1]: systemd-pcrextend.socket - TPM2 PCR Extension (Varlink) was skipped because of an unmet condition check (ConditionSecurity=measured-uki).
[    7.035691] systemd[1]: Listening on systemd-udevd-control.socket - udev Control Socket.
[    7.035904] systemd[1]: Listening on systemd-udevd-kernel.socket - udev Kernel Socket.
[    7.054788] systemd[1]: Mounting dev-hugepages.mount - Huge Pages File System...
[    7.056069] systemd[1]: Mounting dev-mqueue.mount - POSIX Message Queue File System...
[    7.057178] systemd[1]: Mounting sys-kernel-debug.mount - Kernel Debug File System...
[    7.058287] systemd[1]: Mounting sys-kernel-tracing.mount - Kernel Trace File System...
[    7.066320] systemd[1]: Starting systemd-journald.service - Journal Service...
[    7.066453] systemd[1]: auth-rpcgss-module.service - Kernel Module supporting RPCSEC_GSS was skipped because of an unmet condition check (ConditionPathExists=/etc/krb5.keytab).
[    7.068839] systemd[1]: Starting keyboard-setup.service - Set the console keyboard layout...
[    7.070843] systemd[1]: Starting kmod-static-nodes.service - Create List of Static Device Nodes...
[    7.072818] systemd[1]: Starting lvm2-monitor.service - Monitoring of LVM2 mirrors, snapshots etc. using dmeventd or progress polling...
[    7.074696] systemd[1]: Starting modprobe@configfs.service - Load Kernel Module configfs...
[    7.076510] systemd[1]: Starting modprobe@dm_mod.service - Load Kernel Module dm_mod...
[    7.078236] systemd[1]: Starting modprobe@drm.service - Load Kernel Module drm...
[    7.079984] systemd[1]: Starting modprobe@efi_pstore.service - Load Kernel Module efi_pstore...
[    7.081849] systemd[1]: Starting modprobe@fuse.service - Load Kernel Module fuse...
[    7.083487] systemd[1]: Starting modprobe@loop.service - Load Kernel Module loop...
[    7.084724] systemd[1]: Starting modprobe@nvme_fabrics.service - Load Kernel Module nvme_fabrics...
[    7.084775] systemd[1]: netplan-ovs-cleanup.service - OpenVSwitch configuration for cleanup was skipped because of an unmet condition check (ConditionFileIsExecutable=/usr/bin/ovs-vsctl).
[    7.085102] systemd[1]: systemd-fsck-root.service - File System Check on Root Device was skipped because of an unmet condition check (ConditionPathExists=!/run/initramfs/fsck-root).
[    7.086647] systemd[1]: Starting systemd-modules-load.service - Load Kernel Modules...
[    7.086669] systemd[1]: systemd-pcrmachine.service - TPM2 PCR Machine ID Measurement was skipped because of an unmet condition check (ConditionSecurity=measured-uki).
[    7.087584] systemd[1]: Starting systemd-remount-fs.service - Remount Root and Kernel File Systems...
[    7.087635] systemd[1]: systemd-tpm2-setup-early.service - TPM2 SRK Setup (Early) was skipped because of an unmet condition check (ConditionSecurity=measured-uki).
[    7.088582] systemd[1]: Starting systemd-udev-trigger.service - Coldplug All udev Devices...
[    7.089948] systemd[1]: Mounted dev-hugepages.mount - Huge Pages File System.
[    7.090062] systemd[1]: Mounted dev-mqueue.mount - POSIX Message Queue File System.
[    7.090146] systemd[1]: Mounted sys-kernel-debug.mount - Kernel Debug File System.
[    7.090228] systemd[1]: Mounted sys-kernel-tracing.mount - Kernel Trace File System.
[    7.090455] pstore: Using crash dump compression: deflate
[    7.090480] systemd[1]: Finished kmod-static-nodes.service - Create List of Static Device Nodes.
[    7.090801] systemd[1]: modprobe@configfs.service: Deactivated successfully.
[    7.090965] systemd[1]: Finished modprobe@configfs.service - Load Kernel Module configfs.
[    7.091192] systemd[1]: modprobe@dm_mod.service: Deactivated successfully.
[    7.091329] systemd[1]: Finished modprobe@dm_mod.service - Load Kernel Module dm_mod.
[    7.091523] systemd[1]: modprobe@drm.service: Deactivated successfully.
[    7.091601] systemd-journald[626]: Collecting audit messages is disabled.
[    7.091645] systemd[1]: Finished modprobe@drm.service - Load Kernel Module drm.
[    7.091858] systemd[1]: modprobe@fuse.service: Deactivated successfully.
[    7.091989] systemd[1]: Finished modprobe@fuse.service - Load Kernel Module fuse.
[    7.093034] systemd[1]: Mounting sys-fs-fuse-connections.mount - FUSE Control File System...
[    7.093809] systemd[1]: Mounting sys-kernel-config.mount - Kernel Configuration File System...
[    7.094776] systemd[1]: Starting systemd-tmpfiles-setup-dev-early.service - Create Static Device Nodes in /dev gracefully...
[    7.095016] systemd[1]: modprobe@loop.service: Deactivated successfully.
[    7.095145] pstore: Registered efi_pstore as persistent store backend
[    7.095149] systemd[1]: Finished modprobe@loop.service - Load Kernel Module loop.
[    7.095378] systemd[1]: modprobe@nvme_fabrics.service: Deactivated successfully.
[    7.095509] systemd[1]: Finished modprobe@nvme_fabrics.service - Load Kernel Module nvme_fabrics.
[    7.095777] systemd[1]: modprobe@efi_pstore.service: Deactivated successfully.
[    7.095906] systemd[1]: Finished modprobe@efi_pstore.service - Load Kernel Module efi_pstore.
[    7.096068] systemd[1]: systemd-repart.service - Repartition Root Disk was skipped because no trigger condition checks were met.
[    7.099950] systemd[1]: Mounted sys-fs-fuse-connections.mount - FUSE Control File System.
[    7.100045] systemd[1]: Mounted sys-kernel-config.mount - Kernel Configuration File System.
[    7.103913] IPMI message handler: version 39.2
[    7.107191] ipmi device interface
[    7.113172] mstflint_access: loading out-of-tree module taints kernel.
[    7.114811]   MST::  : mst_init 1715: Mellanox Technologies Software Tools Driver - version 2.0.0
[    7.114823]   MST::  : mst_init 1726: found device - domain=0x0, bus=0x1, slot=0x0, func=0x0, vendor=0x15b3, device=0x1021
[    7.115090]   MST::  : mst_init 1726: found device - domain=0x0, bus=0x1, slot=0x0, func=0x1, vendor=0x15b3, device=0x1021
[    7.115247]   MST::  : mst_init 1726: found device - domain=0x2, bus=0x1, slot=0x0, func=0x0, vendor=0x15b3, device=0x1021
[    7.115400]   MST::  : mst_init 1726: found device - domain=0x2, bus=0x1, slot=0x0, func=0x1, vendor=0x15b3, device=0x1021
[    7.116448] systemd[1]: Finished systemd-modules-load.service - Load Kernel Modules.
[    7.117742] systemd[1]: Starting systemd-sysctl.service - Apply Kernel Variables...
[    7.120257] EXT4-fs (nvme0n1p2): re-mounted d27bfd26-ff30-400e-9eca-9cdf73de9406 r/w.
[    7.121258] systemd[1]: Finished systemd-tmpfiles-setup-dev-early.service - Create Static Device Nodes in /dev gracefully.
[    7.121549] systemd[1]: Finished systemd-remount-fs.service - Remount Root and Kernel File Systems.
[    7.122618] systemd[1]: Activating swap swap.img.swap - /swap.img...
[    7.123509] systemd[1]: Starting multipathd.service - Device-Mapper Multipath Device Controller...
[    7.123791] systemd[1]: systemd-hwdb-update.service - Rebuild Hardware Database was skipped because of an unmet condition check (ConditionNeedsUpdate=/etc).
[    7.123832] systemd[1]: systemd-pstore.service - Platform Persistent Storage Archival was skipped because of an unmet condition check (ConditionDirectoryNotEmpty=/sys/fs/pstore).
[    7.124741] systemd[1]: Starting systemd-random-seed.service - Load/Save OS Random Seed...
[    7.124784] systemd[1]: systemd-sysusers.service - Create System Users was skipped because no trigger condition checks were met.
[    7.125679] systemd[1]: Starting systemd-tmpfiles-setup-dev.service - Create Static Device Nodes in /dev...
[    7.125695] systemd[1]: systemd-tpm2-setup.service - TPM2 SRK Setup was skipped because of an unmet condition check (ConditionSecurity=measured-uki).
[    7.126110] systemd[1]: Finished lvm2-monitor.service - Monitoring of LVM2 mirrors, snapshots etc. using dmeventd or progress polling.
[    7.126403] systemd[1]: Finished keyboard-setup.service - Set the console keyboard layout.
[    7.130285] Adding 16777212k swap on /swap.img.  Priority:-2 extents:13 across:18145276k SS
[    7.130404] systemd[1]: Activated swap swap.img.swap - /swap.img.
[    7.130479] systemd[1]: Reached target swap.target - Swaps.
[    7.135458] systemd[1]: Finished systemd-sysctl.service - Apply Kernel Variables.
[    7.137658] systemd[1]: Finished systemd-tmpfiles-setup-dev.service - Create Static Device Nodes in /dev.
[    7.140291] systemd[1]: Starting systemd-udevd.service - Rule-based Manager for Device Events and Files...
[    7.140558] systemd[1]: Finished systemd-random-seed.service - Load/Save OS Random Seed.
[    7.165560] nvme nvme0: using unchecked data buffer
[    7.166892] systemd[1]: Started multipathd.service - Device-Mapper Multipath Device Controller.
[    7.167987] systemd[1]: Started systemd-journald.service - Journal Service.
[    7.204881] systemd-journald[626]: Received client request to flush runtime journal.
[    7.205628] systemd-journald[626]: File /var/log/journal/7af66f30966a49b6886e00e2fce4b42f/system.journal corrupted or uncleanly shut down, renaming and replacing.
[    7.221515] loop0: detected capacity change from 0 to 8
[    7.222026] loop1: detected capacity change from 0 to 141200
[    7.225427] loop2: detected capacity change from 0 to 141232
[    7.229445] loop3: detected capacity change from 0 to 126728
[    7.233265] loop4: detected capacity change from 0 to 126776
[    7.236676] loop5: detected capacity change from 0 to 493792
[    7.237005] loop6: detected capacity change from 0 to 31752
[    7.238724] loop7: detected capacity change from 0 to 480896
[    7.245415] loop8: detected capacity change from 0 to 31856
[    7.245721] loop9: detected capacity change from 0 to 1010952
[    7.246670] loop10: detected capacity change from 0 to 1030064
[    7.252786] loop12: detected capacity change from 0 to 357512
[    7.253195] loop11: detected capacity change from 0 to 1132440
[    7.254136] loop13: detected capacity change from 0 to 187776
[    7.263407] loop14: detected capacity change from 0 to 25016
[    7.266106] loop15: detected capacity change from 0 to 87312
[    7.266317] loop16: detected capacity change from 0 to 20568
[    7.268739] loop17: detected capacity change from 0 to 85664
[    7.271513] loop18: detected capacity change from 0 to 452992
[    7.271655] loop20: detected capacity change from 0 to 452952
[    7.273126] loop19: detected capacity change from 0 to 1120
[    7.274626] loop21: detected capacity change from 0 to 1120
[    7.548197] cx7-pcie-hotplug MTKP0001:00: PCIe hotplug driver initialized successfully
[    7.559088] CPPC Cpufreq:Enabling auto_sel_mode (autonomous selection mode)
[    7.559329] processor cpu0: EM: CPUs of 0-4,10-14 must have the same capacity
[    7.563731] processor cpu1: EM: CPUs of 0-4,10-14 must have the same capacity
[    7.566841] processor cpu2: EM: CPUs of 0-4,10-14 must have the same capacity
[    7.574627] processor cpu3: EM: CPUs of 0-4,10-14 must have the same capacity
[    7.580958] processor cpu4: EM: CPUs of 0-4,10-14 must have the same capacity
[    7.594612] processor cpu5: EM: created perf domain
[    7.616521] processor cpu10: EM: CPUs of 0-4,10-14 must have the same capacity
[    7.622130] processor cpu11: EM: CPUs of 0-4,10-14 must have the same capacity
[    7.626469] processor cpu12: EM: CPUs of 0-4,10-14 must have the same capacity
[    7.628410] arm-smmu-v3-pmcg arm-smmu-v3-pmcg.3.auto: option mask 0x0
[    7.628634] processor cpu13: EM: CPUs of 0-4,10-14 must have the same capacity
[    7.629488] arm_spe_pmu arm,spe-v1: probed SPEv1.2 for CPUs 0-19 [max_record_sz 64, align 64, features 0xd7]
[    7.629492] arm-smmu-v3-pmcg arm-smmu-v3-pmcg.3.auto: Registered PMU @ 0x0000000013802000 using 32 counters with Global(Counter0) filter settings
[    7.629941] arm-smmu-v3-pmcg arm-smmu-v3-pmcg.4.auto: option mask 0x0
[    7.630962] processor cpu14: EM: CPUs of 0-4,10-14 must have the same capacity
[    7.635389] processor cpu15: EM: CPUs of 15-19 must have the same capacity
[    7.636341] arm-smmu-v3-pmcg arm-smmu-v3-pmcg.4.auto: Registered PMU @ 0x0000000013842000 using 16 counters with Global(Counter0) filter settings
[    7.636498] arm-smmu-v3-pmcg arm-smmu-v3-pmcg.5.auto: option mask 0x0
[    7.637022] arm-smmu-v3-pmcg arm-smmu-v3-pmcg.5.auto: Registered PMU @ 0x0000000013862000 using 16 counters with Global(Counter0) filter settings
[    7.637088] processor cpu16: EM: CPUs of 15-19 must have the same capacity
[    7.637110] arm-smmu-v3-pmcg arm-smmu-v3-pmcg.6.auto: option mask 0x0
[    7.638750] arm-smmu-v3-pmcg arm-smmu-v3-pmcg.6.auto: Registered PMU @ 0x0000000013882000 using 16 counters with Global(Counter0) filter settings
[    7.639138] processor cpu17: EM: CPUs of 15-19 must have the same capacity
[    7.639183] arm-smmu-v3-pmcg arm-smmu-v3-pmcg.7.auto: option mask 0x0
[    7.640735] processor cpu18: EM: CPUs of 15-19 must have the same capacity
[    7.640853] arm-smmu-v3-pmcg arm-smmu-v3-pmcg.7.auto: Registered PMU @ 0x00000000138a2000 using 16 counters with Global(Counter0) filter settings
[    7.642208] arm-smmu-v3-pmcg arm-smmu-v3-pmcg.8.auto: option mask 0x0
[    7.642406] processor cpu19: EM: CPUs of 15-19 must have the same capacity
[    7.642604] arm-smmu-v3-pmcg arm-smmu-v3-pmcg.8.auto: Registered PMU @ 0x00000000138c2000 using 16 counters with Global(Counter0) filter settings
[    7.643926] arm-smmu-v3-pmcg arm-smmu-v3-pmcg.9.auto: option mask 0x0
[    7.648461] arm-smmu-v3-pmcg arm-smmu-v3-pmcg.9.auto: Registered PMU @ 0x00000000138e2000 using 16 counters with Global(Counter0) filter settings
[    7.648702] arm-smmu-v3-pmcg arm-smmu-v3-pmcg.10.auto: option mask 0x0
[    7.648965] cfg80211: Loading compiled-in X.509 certificates for regulatory database
[    7.649055] Loaded X.509 cert 'sforshee: 00b28ddf47aef9cea7'
[    7.649123] Loaded X.509 cert 'wens: 61c038651aabdcf94bd0ac7ff06c7248db18c600'
[    7.650869] arm-smmu-v3-pmcg arm-smmu-v3-pmcg.10.auto: Registered PMU @ 0x0000000013002000 using 32 counters with Global(Counter0) filter settings
[    7.651140] arm-smmu-v3-pmcg arm-smmu-v3-pmcg.11.auto: option mask 0x0
[    7.651616] sbsa-gwdt sbsa-gwdt.0: Initialized with 10s timeout @ 1000000000 Hz, action=1. [enabled]
[    7.653082] arm-smmu-v3-pmcg arm-smmu-v3-pmcg.11.auto: Registered PMU @ 0x0000000013042000 using 16 counters with Global(Counter0) filter settings
[    7.654226] arm-smmu-v3-pmcg arm-smmu-v3-pmcg.12.auto: option mask 0x0
[    7.655721] arm-smmu-v3-pmcg arm-smmu-v3-pmcg.12.auto: Registered PMU @ 0x0000000013062000 using 16 counters with Global(Counter0) filter settings
[    7.655944] arm-smmu-v3-pmcg arm-smmu-v3-pmcg.13.auto: option mask 0x0
[    7.656326] arm-smmu-v3-pmcg arm-smmu-v3-pmcg.13.auto: Registered PMU @ 0x0000000013082000 using 16 counters with Global(Counter0) filter settings
[    7.656574] arm-smmu-v3-pmcg arm-smmu-v3-pmcg.14.auto: option mask 0x0
[    7.660479] arm-smmu-v3-pmcg arm-smmu-v3-pmcg.14.auto: Registered PMU @ 0x00000000130a2000 using 16 counters with Global(Counter0) filter settings
[    7.660919] arm-smmu-v3-pmcg arm-smmu-v3-pmcg.15.auto: option mask 0x0
[    7.661558] arm-smmu-v3-pmcg arm-smmu-v3-pmcg.15.auto: Registered PMU @ 0x00000000130c2000 using 16 counters with Global(Counter0) filter settings
[    7.661596] arm-smmu-v3-pmcg arm-smmu-v3-pmcg.16.auto: option mask 0x0
[    7.661621] arm-smmu-v3-pmcg arm-smmu-v3-pmcg.16.auto: Registered PMU @ 0x00000000130e2000 using 16 counters with Global(Counter0) filter settings
[    7.661647] arm-smmu-v3-pmcg arm-smmu-v3-pmcg.17.auto: option mask 0x0
[    7.661665] arm-smmu-v3-pmcg arm-smmu-v3-pmcg.17.auto: Registered PMU @ 0x0000000014902000 using 32 counters with Global(Counter0) filter settings
[    7.661680] arm-smmu-v3-pmcg arm-smmu-v3-pmcg.18.auto: option mask 0x0
[    7.661703] arm-smmu-v3-pmcg arm-smmu-v3-pmcg.18.auto: Registered PMU @ 0x0000000014942000 using 16 counters with Global(Counter0) filter settings
[    7.661718] arm-smmu-v3-pmcg arm-smmu-v3-pmcg.19.auto: option mask 0x0
[    7.661744] arm-smmu-v3-pmcg arm-smmu-v3-pmcg.19.auto: Registered PMU @ 0x0000000014962000 using 16 counters with Global(Counter0) filter settings
[    7.705605] nvidia-nvlink: Nvlink Core is being initialized, major device number 501

[    7.711301] nvidia 000f:01:00.0: vgaarb: VGA decodes changed: olddecodes=io+mem,decodes=none:owns=none
[    7.713809] Loading iSCSI transport class v2.0-870.
[    7.721660] mt7925e 0009:01:00.0: enabling device (0000 -> 0002)
[    7.728735] mt7925e 0009:01:00.0: ASIC revision: 79250000
[    7.728861] iscsi: registered transport (iser)
[    7.752432] input: NVIDIA HDMI/DP,pcm=3 as /devices/platform/NVDA2014:00/sound/card0/input3
