[    0.000000] Booting Linux on physical CPU 0x0000000000 [0x410fd871]
[    0.000000] Linux version 6.17.0-1014-nvidia (buildd@bos03-arm64-009) (aarch64-linux-gnu-gcc-13 (Ubuntu 13.3.0-6ubuntu2~24.04.1) 13.3.0, GNU ld (GNU Binutils for Ubuntu) 2.42) #14-Ubuntu SMP PREEMPT_DYNAMIC Tue Mar 17 19:01:40 UTC 2026 (Ubuntu 6.17.0-1014.14-nvidia 6.17.9)
[    0.000000] KASLR enabled
[    0.000000] earlycon: uart0 at MMIO32 0x0000000016a00000 (options '')
[    0.000000] printk: legacy bootconsole [uart0] enabled
[    0.000000] efi: EFI v2.9 by American Megatrends
[    0.000000] efi: RTPROP=0x86f4fd18 ACPI 2.0=0x8707e018 SMBIOS=0x86dd0000 SMBIOS 3.0=0x86dc0000 TPMFinalLog=0x86fe0000 ESRT=0x855b3a18 MOKvar=0x86d10000 INITRD=0x84730a18 RNG=0x87065d98 MEMRESERVE=0x84730598 
[    0.000000] random: crng init done
[    0.000000] secureboot: Secure boot disabled
[    0.000000] esrt: Reserving ESRT space from 0x00000000855b3a18 to 0x00000000855b3aa0.
[    0.000000] ACPI: Early table checksum verification disabled
[    0.000000] ACPI: RSDP 0x000000008707E018 000024 (v02 ALASKA)
[    0.000000] ACPI: XSDT 0x000000008707E098 0000B4 (v01 ALASKA A M I    01072009 AMI  01000013)
[    0.000000] ACPI: FACP 0x000000008707EB18 000114 (v06 ALASKA A M I    01072009 AMI  00010013)
[    0.000000] ACPI: DSDT 0x000000008706C018 0115EE (v02 ALASKA A M I    01072009 INTL 20230628)
[    0.000000] ACPI: FIDT 0x000000008707EF18 00009C (v01 ALASKA A M I    01072009 AMI  00010013)
[    0.000000] ACPI: SSDT 0x000000008706A018 001A08 (v02 MTKINC ANGUS    00000001 INTL 20230628)
[    0.000000] ACPI: SSDT 0x0000000087069018 000305 (v02 MTKINC ANGUSCPU 000000FF INTL 20230628)
[    0.000000] ACPI: CSRT 0x0000000087069E98 000068 (v00 ALASKA A M I    20130221 AMI  00000099)
[    0.000000] ACPI: DBG2 0x000000008707EC98 000175 (v00 ALASKA A M I    20130221 AMI  00000099)
[    0.000000] ACPI: GTDT 0x0000000087069418 0001D8 (v03 ALASKA A M I    20130221 AMI  00000099)
[    0.000000] ACPI: APIC 0x0000000087067018 0006A8 (v05 ALASKA A M I    20130221 AMI  00000099)
[    0.000000] ACPI: MCFG 0x0000000087067E98 00012C (v01 ALASKA A M I    20130221 AMI  00000099)
[    0.000000] ACPI: PPTT 0x0000000087066018 0008B8 (v02 ALASKA A M I    20130221 AMI  00000099)
[    0.000000] ACPI: SPCR 0x0000000087069F98 000050 (v02 ALASKA A M I    20130221 AMI  00000099)
[    0.000000] ACPI: SDEV 0x0000000087066E98 000024 (v01 ALASKA NVSDEV   00000000 AMI  00000001)
[    0.000000] ACPI: SSDT 0x0000000087065018 000793 (v02 ALASKA A M I    00000001 INTL 20230628)
[    0.000000] ACPI: SSDT 0x0000000087065A98 000171 (v01 NVIDIA NBCI     00000001 INTL 20230628)
[    0.000000] ACPI: IORT 0x0000000087068018 000F40 (v06 MEDTEK MTKSGI   00000000 MTK  00000001)
[    0.000000] ACPI: FPDT 0x0000000087066F18 000044 (v01 ALASKA A M I    01072009 AMI  01000013)
[    0.000000] ACPI: BGRT 0x0000000087066F98 000038 (v01 ALASKA A M I    01072009 AMI  00010013)
[    0.000000] ACPI: WSMT 0x0000000087065D18 000028 (v01 ALASKA A M I    01072009 AMI  00010013)
[    0.000000] ACPI: SPCR: console: uart,mmio32,0x16a00000,115200
[    0.000000] ACPI: Use ACPI SPCR as default console: No
[    0.000000] NUMA: Faking a node at [mem 0x0000000080000000-0x000000207fffffff]
[    0.000000] NODE_DATA(0) allocated [mem 0x2069674440-0x2069679fff]
[    0.000000] Zone ranges:
[    0.000000]   DMA      [mem 0x0000000080000000-0x00000000ffffffff]
[    0.000000]   DMA32    empty
[    0.000000]   Normal   [mem 0x0000000100000000-0x000000207fffffff]
[    0.000000]   Device   empty
[    0.000000] Movable zone start for each node
[    0.000000] Early memory node ranges
[    0.000000]   node   0: [mem 0x0000000080000000-0x000000008007ffff]
[    0.000000]   node   0: [mem 0x0000000080080000-0x0000000083d5ffff]
[    0.000000]   node   0: [mem 0x0000000083d60000-0x0000000083d6ffff]
[    0.000000]   node   0: [mem 0x0000000083d70000-0x000000008655ffff]
[    0.000000]   node   0: [mem 0x0000000086560000-0x000000008701ffff]
[    0.000000]   node   0: [mem 0x0000000087020000-0x000000008707ffff]
[    0.000000]   node   0: [mem 0x0000000087080000-0x0000000088100fff]
[    0.000000]   node   0: [mem 0x0000000088200000-0x000000008a0fffff]
[    0.000000]   node   0: [mem 0x000000008b080000-0x000000008e07ffff]
[    0.000000]   node   0: [mem 0x0000000090000000-0x00000000933dffff]
[    0.000000]   node   0: [mem 0x0000000093400000-0x00000000afffffff]
[    0.000000]   node   0: [mem 0x00000000b9600000-0x00000000b97fffff]
[    0.000000]   node   0: [mem 0x00000000c2e00000-0x00000000d59fffff]
[    0.000000]   node   0: [mem 0x00000000d5a00000-0x00000000ddffffff]
[    0.000000]   node   0: [mem 0x00000000e0000000-0x00000000e001ffff]
[    0.000000]   node   0: [mem 0x00000000e0020000-0x00000000f9ffffff]
[    0.000000]   node   0: [mem 0x00000000fa000000-0x00000000fa001fff]
[    0.000000]   node   0: [mem 0x00000000fa002000-0x00000000ffcfffff]
[    0.000000]   node   0: [mem 0x00000000ffd00000-0x00000000ffd1ffff]
[    0.000000]   node   0: [mem 0x00000000ffd20000-0x000000027fffffff]
[    0.000000]   node   0: [mem 0x0000000280000000-0x00000003237fffff]
[    0.000000]   node   0: [mem 0x0000000323800000-0x000000207df6ffff]
[    0.000000]   node   0: [mem 0x000000207df70000-0x000000207fffffff]
[    0.000000] Initmem setup node 0 [mem 0x0000000080000000-0x000000207fffffff]
[    0.000000] On node 0, zone DMA: 255 pages in unavailable ranges
[    0.000000] On node 0, zone DMA: 3968 pages in unavailable ranges
[    0.000000] On node 0, zone DMA: 8064 pages in unavailable ranges
[    0.000000] On node 0, zone DMA: 32 pages in unavailable ranges
[    0.000000] On node 0, zone DMA: 5632 pages in unavailable ranges
[    0.000000] On node 0, zone DMA: 38400 pages in unavailable ranges
[    0.000000] On node 0, zone DMA: 8192 pages in unavailable ranges
[    0.000000] cma: Reserved 128 MiB at 0x00000000f2000000
[    0.000000] crashkernel size resulted in zero bytes
[    0.000000] psci: probing for conduit method from ACPI.
[    0.000000] psci: PSCIv1.1 detected in firmware.
[    0.000000] psci: Using standard PSCI v0.2 function IDs
[    0.000000] psci: MIGRATE_INFO_TYPE not supported.
[    0.000000] psci: SMC Calling Convention v1.5
[    0.000000] percpu: Embedded 57 pages/cpu s108056 r8192 d117224 u233472
[    0.000000] pcpu-alloc: s108056 r8192 d117224 u233472 alloc=57*4096
[    0.000000] pcpu-alloc: [0] 00 [0] 01 [0] 02 [0] 03 [0] 04 [0] 05 [0] 06 [0] 07 
[    0.000000] pcpu-alloc: [0] 08 [0] 09 [0] 10 [0] 11 [0] 12 [0] 13 [0] 14 [0] 15 
[    0.000000] pcpu-alloc: [0] 16 [0] 17 [0] 18 [0] 19 
[    0.000000] Detected PIPT I-cache on CPU0
[    0.000000] CPU features: detected: Address authentication (architected QARMA3 algorithm)
[    0.000000] CPU features: detected: GICv3 CPU interface
[    0.000000] CPU features: detected: HCRX_EL2 register
[    0.000000] CPU features: detected: Virtualization Host Extensions
[    0.000000] CPU features: detected: Spectre-v4
[    0.000000] CPU features: detected: Spectre-BHB
[    0.000000] CPU features: detected: SSBS not fully self-synchronizing
[    0.000000] alternatives: applying boot alternatives
[    0.000000] Kernel command line: BOOT_IMAGE=/boot/vmlinuz-6.17.0-1014-nvidia root=UUID=af745134-d65e-4e78-806e-cdef7bf2276d ro init_on_alloc=0 iommu.passthrough=0 console=tty0 plymouth.ignore-serial-consoles plymouth.use-simpledrm earlycon=uart,mmio32,0x16A00000 console=tty0 console=ttyS0,921600 crashkernel=1G-:0M quiet splash initcall_blacklist=tegra234_cbb_init pci=pcie_bus_safe vt.handoff=7
[    0.000000] blacklisting initcall tegra234_cbb_init
[    0.000000] Unknown kernel command line parameters "splash", will be passed to user space.
[    0.000000] printk: log buffer data + meta data: 262144 + 917504 = 1179648 bytes
[    0.000000] Dentry cache hash table entries: 8388608 (order: 14, 67108864 bytes, linear)
[    0.000000] Inode-cache hash table entries: 4194304 (order: 13, 33554432 bytes, linear)
[    0.000000] software IO TLB: area num 32.
[    0.000000] software IO TLB: mapped [mem 0x00000000fbd00000-0x00000000ffd00000] (64MB)
[    0.000000] Fallback order for Node 0: 0 
[    0.000000] Built 1 zonelists, mobility grouping on.  Total pages: 33457121
[    0.000000] Policy zone: Normal
[    0.000000] mem auto-init: stack:all(zero), heap alloc:off, heap free:off
[    0.000000] SLUB: HWalign=64, Order=0-3, MinObjects=0, CPUs=20, Nodes=1
[    0.000000] ftrace: allocating 68567 entries in 268 pages
[    0.000000] ftrace: allocated 268 pages with 3 groups
[    0.000000] Dynamic Preempt: none
[    0.000000] rcu: Preemptible hierarchical RCU implementation.
[    0.000000] rcu: 	RCU restricting CPUs from NR_CPUS=512 to nr_cpu_ids=20.
[    0.000000] 	Trampoline variant of Tasks RCU enabled.
[    0.000000] 	Rude variant of Tasks RCU enabled.
[    0.000000] 	Tracing variant of Tasks RCU enabled.
[    0.000000] rcu: RCU calculated value of scheduler-enlistment delay is 100 jiffies.
[    0.000000] rcu: Adjusting geometry for rcu_fanout_leaf=16, nr_cpu_ids=20
[    0.000000] RCU Tasks: Setting shift to 5 and lim to 1 rcu_task_cb_adjust=1 rcu_task_cpu_ids=20.
[    0.000000] RCU Tasks Rude: Setting shift to 5 and lim to 1 rcu_task_cb_adjust=1 rcu_task_cpu_ids=20.
[    0.000000] RCU Tasks Trace: Setting shift to 5 and lim to 1 rcu_task_cb_adjust=1 rcu_task_cpu_ids=20.
[    0.000000] NR_IRQS: 64, nr_irqs: 64, preallocated irqs: 0
[    0.000000] GICv3: GIC: Using split EOI/Deactivate mode
[    0.000000] GICv3: 960 SPIs implemented
[    0.000000] GICv3: 672 Extended SPIs implemented
[    0.000000] Root IRQ handler: gic_handle_irq
[    0.000000] GICv3: GICv3 features: 16 PPIs, DirectLPI
[    0.000000] GICv3: GICv4 features: DirectLPI RVPEID Valid+Dirty 
[    0.000000] GICv3: GICD_CTLR.DS=0, SCR_EL3.FIQ=1
[    0.000000] GICv3: CPU0: found redistributor 0 region 0:0x0000000006880000
[    0.000000] ITS [mem 0x06840000-0x0685ffff]
[    0.000000] ITS@0x0000000006840000: Single VMOVP capable
[    0.000000] ITS@0x0000000006840000: Using GICv4.1 mode 00000000 00000001
[    0.000000] ITS@0x0000000006840000: allocated 8192 Devices @100330000 (indirect, esz 8, psz 64K, shr 1)
[    0.000000] ITS@0x0000000006840000: allocated 32768 Interrupt Collections @100340000 (flat, esz 2, psz 64K, shr 1)
[    0.000000] ITS@0x0000000006840000: allocated 8192 Virtual CPUs @100350000 (flat, esz 8, psz 64K, shr 1)
[    0.000000] GICv3: using LPI property table @0x0000000100360000
[    0.000000] ITS: Using DirectLPI for VPE invalidation
[    0.000000] ITS: Enabling GICv4 support
[    0.000000] GICv3: CPU0: using allocated LPI pending table @0x0000000100370000
[    0.000000] rcu: srcu_init: Setting srcu_struct sizes based on contention.
[    0.000000] ACPI GTDT: found 1 memory-mapped timer block(s).
[    0.000000] arch_timer: cp15 and mmio timer(s) running at 1000.00MHz (phys/virt).
[    0.000000] clocksource: arch_sys_counter: mask: 0x1fffffffffffffff max_cycles: 0x1cd42e4dffb, max_idle_ns: 881590591483 ns
[    0.000000] sched_clock: 61 bits at 1000MHz, resolution 1ns, wraps every 4398046511103ns
[    0.000211] Console: colour dummy device 80x25
[    0.000218] printk: legacy console [tty0] enabled
[    0.000344] ACPI: Core revision 20250404
[    0.000628] Calibrating delay loop (skipped), value calculated using timer frequency.. 2000.00 BogoMIPS (lpj=1000000)
[    0.000637] pid_max: default: 32768 minimum: 301
[    0.000740] LSM: initializing lsm=lockdown,capability,landlock,yama,apparmor,ima,evm
[    0.000779] landlock: Up and running.
[    0.000782] Yama: becoming mindful.
[    0.000841] AppArmor: AppArmor initialized
[    0.000987] Mount-cache hash table entries: 131072 (order: 8, 1048576 bytes, linear)
[    0.001028] Mountpoint-cache hash table entries: 131072 (order: 8, 1048576 bytes, linear)
[    0.002168] rcu: Hierarchical SRCU implementation.
[    0.002174] rcu: 	Max phase no-delay instances is 400.
[    0.002270] Timer migration: 2 hierarchy levels; 8 children per group; 2 crossnode level
[    0.002766] fsl-mc MSI: ITS@0x6840000 domain created
[    0.002809] Remapping and enabling EFI services.
[    0.003331] smp: Bringing up secondary CPUs ...
[    0.003664] Detected PIPT I-cache on CPU1
[    0.003690] GICv3: CPU1: found redistributor 100 region 0:0x00000000068c0000
[    0.003702] GICv3: CPU1: using allocated LPI pending table @0x0000000100380000
[    0.003725] CPU1: Booted secondary processor 0x0000000100 [0x410fd871]
[    0.004191] Detected PIPT I-cache on CPU2
[    0.004221] GICv3: CPU2: found redistributor 200 region 0:0x0000000006900000
[    0.004232] GICv3: CPU2: using allocated LPI pending table @0x0000000100390000
[    0.004259] CPU2: Booted secondary processor 0x0000000200 [0x410fd871]
[    0.004705] Detected PIPT I-cache on CPU3
[    0.004737] GICv3: CPU3: found redistributor 300 region 0:0x0000000006940000
[    0.004749] GICv3: CPU3: using allocated LPI pending table @0x00000001003a0000
[    0.004775] CPU3: Booted secondary processor 0x0000000300 [0x410fd871]
[    0.005231] Detected PIPT I-cache on CPU4
[    0.005265] GICv3: CPU4: found redistributor 400 region 0:0x0000000006980000
[    0.005277] GICv3: CPU4: using allocated LPI pending table @0x00000001003b0000
[    0.005305] CPU4: Booted secondary processor 0x0000000400 [0x410fd871]
[    0.005834] Detected PIPT I-cache on CPU5
[    0.005863] GICv3: CPU5: found redistributor 500 region 0:0x00000000069c0000
[    0.005872] GICv3: CPU5: using allocated LPI pending table @0x00000001003c0000
[    0.005894] CPU5: Booted secondary processor 0x0000000500 [0x410fd851]
[    0.006357] Detected PIPT I-cache on CPU6
[    0.006388] GICv3: CPU6: found redistributor 600 region 0:0x0000000006a00000
[    0.006397] GICv3: CPU6: using allocated LPI pending table @0x00000001003d0000
[    0.006419] CPU6: Booted secondary processor 0x0000000600 [0x410fd851]
[    0.006882] Detected PIPT I-cache on CPU7
[    0.006912] GICv3: CPU7: found redistributor 700 region 0:0x0000000006a40000
[    0.006921] GICv3: CPU7: using allocated LPI pending table @0x00000001003e0000
[    0.006943] CPU7: Booted secondary processor 0x0000000700 [0x410fd851]
[    0.007420] Detected PIPT I-cache on CPU8
[    0.007453] GICv3: CPU8: found redistributor 800 region 0:0x0000000006a80000
[    0.007462] GICv3: CPU8: using allocated LPI pending table @0x00000001003f0000
[    0.007485] CPU8: Booted secondary processor 0x0000000800 [0x410fd851]
[    0.007962] Detected PIPT I-cache on CPU9
[    0.007996] GICv3: CPU9: found redistributor 900 region 0:0x0000000006ac0000
[    0.008005] GICv3: CPU9: using allocated LPI pending table @0x0000000100400000
[    0.008028] CPU9: Booted secondary processor 0x0000000900 [0x410fd851]
[    0.008705] Detected PIPT I-cache on CPU10
[    0.008760] GICv3: CPU10: found redistributor 10000 region 0:0x0000000006b00000
[    0.008778] GICv3: CPU10: using allocated LPI pending table @0x0000000100410000
[    0.008815] CPU10: Booted secondary processor 0x0000010000 [0x410fd871]
[    0.009351] Detected PIPT I-cache on CPU11
[    0.009390] GICv3: CPU11: found redistributor 10100 region 0:0x0000000006b40000
[    0.009406] GICv3: CPU11: using allocated LPI pending table @0x0000000100420000
[    0.009434] CPU11: Booted secondary processor 0x0000010100 [0x410fd871]
[    0.009905] Detected PIPT I-cache on CPU12
[    0.009947] GICv3: CPU12: found redistributor 10200 region 0:0x0000000006b80000
[    0.009962] GICv3: CPU12: using allocated LPI pending table @0x0000000100430000
[    0.009991] CPU12: Booted secondary processor 0x0000010200 [0x410fd871]
[    0.010477] Detected PIPT I-cache on CPU13
[    0.010520] GICv3: CPU13: found redistributor 10300 region 0:0x0000000006bc0000
[    0.010536] GICv3: CPU13: using allocated LPI pending table @0x0000000100440000
[    0.010566] CPU13: Booted secondary processor 0x0000010300 [0x410fd871]
[    0.011056] Detected PIPT I-cache on CPU14
[    0.011103] GICv3: CPU14: found redistributor 10400 region 0:0x0000000006c00000
[    0.011119] GICv3: CPU14: using allocated LPI pending table @0x0000000100450000
[    0.011150] CPU14: Booted secondary processor 0x0000010400 [0x410fd871]
[    0.011682] Detected PIPT I-cache on CPU15
[    0.011722] GICv3: CPU15: found redistributor 10500 region 0:0x0000000006c40000
[    0.011736] GICv3: CPU15: using allocated LPI pending table @0x0000000100460000
[    0.011762] CPU15: Booted secondary processor 0x0000010500 [0x410fd851]
[    0.012267] Detected PIPT I-cache on CPU16
[    0.012309] GICv3: CPU16: found redistributor 10600 region 0:0x0000000006c80000
[    0.012324] GICv3: CPU16: using allocated LPI pending table @0x0000000100470000
[    0.012350] CPU16: Booted secondary processor 0x0000010600 [0x410fd851]
[    0.012925] Detected PIPT I-cache on CPU17
[    0.012968] GICv3: CPU17: found redistributor 10700 region 0:0x0000000006cc0000
[    0.012982] GICv3: CPU17: using allocated LPI pending table @0x0000000100480000
[    0.013006] CPU17: Booted secondary processor 0x0000010700 [0x410fd851]
[    0.013504] Detected PIPT I-cache on CPU18
[    0.013549] GICv3: CPU18: found redistributor 10800 region 0:0x0000000006d00000
[    0.013562] GICv3: CPU18: using allocated LPI pending table @0x0000000100490000
[    0.013588] CPU18: Booted secondary processor 0x0000010800 [0x410fd851]
[    0.014082] Detected PIPT I-cache on CPU19
[    0.014127] GICv3: CPU19: found redistributor 10900 region 0:0x0000000006d40000
[    0.014141] GICv3: CPU19: using allocated LPI pending table @0x00000001004a0000
[    0.014165] CPU19: Booted secondary processor 0x0000010900 [0x410fd851]
[    0.014328] smp: Brought up 1 node, 20 CPUs
[    0.014376] SMP: Total of 20 processors activated.
[    0.014380] CPU: All CPU(s) started at EL2
[    0.014385] CPU features: detected: Branch Target Identification
[    0.014389] CPU features: detected: ARMv8.4 Translation Table Level
[    0.014392] CPU features: detected: Data cache clean to the PoU not required for I/D coherence
[    0.014395] CPU features: detected: Common not Private translations
[    0.014398] CPU features: detected: CRC32 instructions
[    0.014401] CPU features: detected: Data cache clean to Point of Deep Persistence
[    0.014404] CPU features: detected: Data cache clean to Point of Persistence
[    0.014406] CPU features: detected: Data independent timing control (DIT)
[    0.014408] CPU features: detected: E0PD
[    0.014411] CPU features: detected: Enhanced Counter Virtualization
[    0.014413] CPU features: detected: Enhanced Counter Virtualization (CNTPOFF)
[    0.014415] CPU features: detected: Enhanced Privileged Access Never
[    0.014418] CPU features: detected: Enhanced Virtualization Traps
[    0.014420] CPU features: detected: Fine Grained Traps
[    0.014424] CPU features: detected: Generic authentication (architected QARMA3 algorithm)
[    0.014427] CPU features: detected: RCpc load-acquire (LDAPR)
[    0.014430] CPU features: detected: LSE atomic instructions
[    0.014433] CPU features: detected: Privileged Access Never
[    0.014435] CPU features: detected: PMUv3
[    0.014438] CPU features: detected: RAS Extension Support
[    0.014440] CPU features: detected: RASv1p1 Extension Support
[    0.014442] CPU features: detected: Speculation barrier (SB)
[    0.014445] CPU features: detected: Stage-2 Force Write-Back
[    0.014447] CPU features: detected: TLB range maintenance instructions
[    0.014450] CPU features: detected: WFx with timeout
[    0.014452] CPU features: detected: Memory Partitioning And Monitoring
[    0.014455] CPU features: detected: Memory Partitioning And Monitoring Virtualisation
[    0.014458] CPU features: detected: Speculative Store Bypassing Safe (SSBS)
[    0.014460] CPU features: detected: Scalable Vector Extension
[    0.014611] alternatives: applying system-wide alternatives
[    0.016206] CPU features: detected: Activity Monitors Unit (AMU) on CPU0-19
[    0.016218] CPU features: detected: Hardware dirty bit management on CPU0-19
[    0.016224] SVE: maximum available vector length 16 bytes per vector
[    0.016227] SVE: default vector length 16 bytes per vector
[    0.016876] Memory: 127348628K/133828484K available (25856K kernel code, 6230K rwdata, 19116K rodata, 14592K init, 1192K bss, 6324088K reserved, 131072K cma-reserved)
[    0.018392] devtmpfs: initialized
[    0.034931] initcall tegra234_cbb_init blacklisted
[    0.035400] clocksource: jiffies: mask: 0xffffffff max_cycles: 0xffffffff, max_idle_ns: 1911260446275000 ns
[    0.035414] posixtimers hash table entries: 16384 (order: 6, 262144 bytes, linear)
[    0.035501] futex hash table entries: 8192 (524288 bytes on 1 NUMA nodes, total 512 KiB, linear).
[    0.035768] 2G module region forced by RANDOMIZE_MODULE_REGION_FULL
[    0.035770] 0 pages in range for non-PLT usage
[    0.035772] 507488 pages in range for PLT usage
[    0.035887] pinctrl core: initialized pinctrl subsystem
[    0.036272] SMBIOS 3.3.0 present.
[    0.036278] DMI: NVIDIA NVIDIA_DGX_Spark/P4242, BIOS 5.36_0ACUM018 09/12/2025
[    0.036324] DMI: Memory slots populated: 1/1
[    0.037860] NET: Registered PF_NETLINK/PF_ROUTE protocol family
[    0.038788] DMA: preallocated 16384 KiB GFP_KERNEL pool for atomic allocations
[    0.039303] DMA: preallocated 16384 KiB GFP_KERNEL|GFP_DMA pool for atomic allocations
[    0.039745] DMA: preallocated 16384 KiB GFP_KERNEL|GFP_DMA32 pool for atomic allocations
[    0.039760] audit: initializing netlink subsys (disabled)
[    0.039840] audit: type=2000 audit(0.038:1): state=initialized audit_enabled=0 res=1
[    0.040105] thermal_sys: Registered thermal governor 'fair_share'
[    0.040110] thermal_sys: Registered thermal governor 'bang_bang'
[    0.040112] thermal_sys: Registered thermal governor 'step_wise'
[    0.040115] thermal_sys: Registered thermal governor 'user_space'
[    0.040118] thermal_sys: Registered thermal governor 'power_allocator'
[    0.040152] cpuidle: using governor ladder
[    0.040182] cpuidle: using governor menu
[    0.040291] hw-breakpoint: found 6 breakpoint and 4 watchpoint registers.
[    0.040548] ASID allocator initialised with 65536 entries
[    0.040819] acpiphp: ACPI Hot Plug PCI Controller Driver version: 0.5
[    0.040949] Serial: AMBA PL011 UART driver
[    0.041680] HugeTLB: registered 1.00 GiB page size, pre-allocated 0 pages
[    0.041683] HugeTLB: 0 KiB vmemmap can be freed for a 1.00 GiB page
[    0.041686] HugeTLB: registered 32.0 MiB page size, pre-allocated 0 pages
[    0.041688] HugeTLB: 0 KiB vmemmap can be freed for a 32.0 MiB page
[    0.041690] HugeTLB: registered 2.00 MiB page size, pre-allocated 0 pages
[    0.041692] HugeTLB: 0 KiB vmemmap can be freed for a 2.00 MiB page
[    0.041694] HugeTLB: registered 64.0 KiB page size, pre-allocated 0 pages
[    0.041696] HugeTLB: 0 KiB vmemmap can be freed for a 64.0 KiB page
[    0.042691] ACPI: Added _OSI(Module Device)
[    0.042694] ACPI: Added _OSI(Processor Device)
[    0.042696] ACPI: Added _OSI(Processor Aggregator Device)
[    0.048879] ACPI: 5 ACPI AML tables successfully acquired and loaded
[    0.050894] ACPI: USB4 _OSC: OS supports USB3+ DisplayPort+ PCIe+ XDomain+
[    0.050905] ACPI: USB4 _OSC: OS controls USB3+ DisplayPort+ PCIe+ XDomain+
[    0.051390] ACPI: Interpreter enabled
[    0.051394] ACPI: Using GIC for interrupt routing
[    0.051945] ACPI: MCFG table detected, 16 entries
[    0.055409] ACPI: \_SB_.P0RR: New power resource
[    0.055456] ACPI: \_SB_.R0RR: New power resource
[    0.055495] ACPI: \_SB_.P2RR: New power resource
[    0.055530] ACPI: \_SB_.R2RR: New power resource
[    0.055564] ACPI: \_SB_.P4RR: New power resource
[    0.055600] ACPI: \_SB_.R4RR: New power resource
[    0.055634] ACPI: \_SB_.P6RR: New power resource
[    0.055669] ACPI: \_SB_.R6RR: New power resource
[    0.055704] ACPI: \_SB_.P7RR: New power resource
[    0.055737] ACPI: \_SB_.R7RR: New power resource
[    0.055773] ACPI: \_SB_.P8RR: New power resource
[    0.055808] ACPI: \_SB_.R8RR: New power resource
[    0.055841] ACPI: \_SB_.P9RR: New power resource
[    0.055877] ACPI: \_SB_.R9RR: New power resource
[    0.058863] ACPI: \_SB_.USB5.RHUB.PRT2.PWFR: New power resource
[    0.060790] ACPI: \_SB_.PBRR: New power resource
[    0.060836] ACPI: \_SB_.RBRR: New power resource
[    0.060873] ACPI: \_SB_.PCRR: New power resource
[    0.060908] ACPI: \_SB_.RCRR: New power resource
[    0.060944] ACPI: \_SB_.PDRR: New power resource
[    0.060979] ACPI: \_SB_.RDRR: New power resource
[    0.061016] ACPI: \_SB_.PERR: New power resource
[    0.061051] ACPI: \_SB_.RERR: New power resource
[    0.061085] ACPI: \_SB_.PFRR: New power resource
[    0.063043] ACPI: CPU0 has been hot-added
[    0.063104] ACPI: CPU1 has been hot-added
[    0.063149] ACPI: CPU2 has been hot-added
[    0.063194] ACPI: CPU3 has been hot-added
[    0.063236] ACPI: CPU4 has been hot-added
[    0.063279] ACPI: CPU5 has been hot-added
[    0.063323] ACPI: CPU6 has been hot-added
[    0.063389] ACPI: CPU7 has been hot-added
[    0.063435] ACPI: CPU8 has been hot-added
[    0.063479] ACPI: CPU9 has been hot-added
[    0.063530] ACPI: CPU10 has been hot-added
[    0.063573] ACPI: CPU11 has been hot-added
[    0.063615] ACPI: CPU12 has been hot-added
[    0.063660] ACPI: CPU13 has been hot-added
[    0.063704] ACPI: CPU14 has been hot-added
[    0.063746] ACPI: CPU15 has been hot-added
[    0.063789] ACPI: CPU16 has been hot-added
[    0.063833] ACPI: CPU17 has been hot-added
[    0.063876] ACPI: CPU18 has been hot-added
[    0.063918] ACPI: CPU19 has been hot-added
[    0.065037] ACPI: PCI Root Bridge [PCI0] (domain 0000 [bus 00-0f])
[    0.065052] acpi PNP0A08:00: _OSC: OS supports [ExtendedConfig ASPM ClockPM Segments MSI EDR HPX-Type3]
[    0.065142] acpi PNP0A08:00: _OSC: platform does not support [SHPCHotplug DPC]
[    0.065260] acpi PNP0A08:00: _OSC: OS now controls [PCIeHotplug PME AER PCIeCapability LTR]
[    0.065535] acpi PNP0A08:00: ECAM area [mem 0xf300000000-0xf300ffffff] reserved by PNP0C02:00
[    0.065555] acpi PNP0A08:00: ECAM at [mem 0xf300000000-0xf300ffffff] for [bus 00-0f]
[    0.065587] ACPI: Remapped I/O 0x0000000067000000 to [io  0x0000-0xffff window]
[    0.065720] PCI host bridge to bus 0000:00
[    0.065752] pci_bus 0000:00: root bus resource [io  0x0000-0xffff window] (bus address [0x67000000-0x6700ffff])
[    0.065757] pci_bus 0000:00: root bus resource [mem 0x67010000-0x697fffff window]
[    0.065760] pci_bus 0000:00: root bus resource [mem 0x7500000000-0x82ffffffff window]
[    0.065764] pci_bus 0000:00: root bus resource [bus 00-0f]
[    0.065767] PCI: OF: of_root node is NULL, cannot create PCI host bridge node
[    0.065794] pci 0000:00:00.0: [10de:22ce] type 01 class 0x060400 PCIe Root Port
[    0.065809] pci 0000:00:00.0: PCI bridge to [bus 01-0f]
[    0.065871] pci 0000:00:00.0: PME# supported from D0 D3hot D3cold
[    0.066350] pci 0000:01:00.0: [15b3:1021] type 00 class 0x020000 PCIe Endpoint
[    0.066624] pci 0000:01:00.0: BAR 0 [mem 0x00000000-0x01ffffff 64bit pref]
[    0.066657] pci 0000:01:00.0: ROM [mem 0x00000000-0x000fffff pref]
[    0.067526] pci 0000:01:00.0: PME# supported from D3cold
[    0.067875] pci 0000:01:00.0: VF BAR 0 [mem 0x00000000-0x000fffff 64bit pref]
[    0.067879] pci 0000:01:00.0: VF BAR 0 [mem 0x00000000-0x007fffff 64bit pref]: contains BAR 0 for 8 VFs
[    0.069505] pci 0000:01:00.1: [15b3:1021] type 00 class 0x020000 PCIe Endpoint
[    0.069743] pci 0000:01:00.1: BAR 0 [mem 0x00000000-0x01ffffff 64bit pref]
[    0.069775] pci 0000:01:00.1: ROM [mem 0x00000000-0x000fffff pref]
[    0.070376] pci 0000:01:00.1: PME# supported from D3cold
[    0.070715] pci 0000:01:00.1: VF BAR 0 [mem 0x00000000-0x000fffff 64bit pref]
[    0.070718] pci 0000:01:00.1: VF BAR 0 [mem 0x00000000-0x007fffff 64bit pref]: contains BAR 0 for 8 VFs
[    0.071724] pci_bus 0000:00: max bus depth: 1 pci_try_num: 2
[    0.071736] pci 0000:00:00.0: bridge window [mem 0x7500000000-0x7505ffffff 64bit pref]: assigned
[    0.071741] pci 0000:00:00.0: bridge window [mem 0x67100000-0x672fffff]: assigned
[    0.071747] pci 0000:01:00.0: BAR 0 [mem 0x7500000000-0x7501ffffff 64bit pref]: assigned
[    0.071800] pci 0000:01:00.1: BAR 0 [mem 0x7502000000-0x7503ffffff 64bit pref]: assigned
[    0.071853] pci 0000:01:00.0: ROM [mem 0x67100000-0x671fffff pref]: assigned
[    0.071856] pci 0000:01:00.0: VF BAR 0 [mem 0x7504000000-0x75047fffff 64bit pref]: assigned
[    0.071888] pci 0000:01:00.1: ROM [mem 0x67200000-0x672fffff pref]: assigned
[    0.071891] pci 0000:01:00.1: VF BAR 0 [mem 0x7504800000-0x7504ffffff 64bit pref]: assigned
[    0.071923] pci 0000:00:00.0: PCI bridge to [bus 01-0f]
[    0.071927] pci 0000:00:00.0:   bridge window [mem 0x67100000-0x672fffff]
[    0.071932] pci 0000:00:00.0:   bridge window [mem 0x7500000000-0x7505ffffff 64bit pref]
[    0.071936] pci_bus 0000:00: resource 4 [io  0x0000-0xffff window]
[    0.071940] pci_bus 0000:00: resource 5 [mem 0x67010000-0x697fffff window]
[    0.071943] pci_bus 0000:00: resource 6 [mem 0x7500000000-0x82ffffffff window]
[    0.071946] pci_bus 0000:01: resource 1 [mem 0x67100000-0x672fffff]
[    0.071949] pci_bus 0000:01: resource 2 [mem 0x7500000000-0x7505ffffff 64bit pref]
[    0.071955] pci 0000:00:00.0: Max Payload Size set to  512/ 512 (was  128), Max Read Rq  512
[    0.072008] pci 0000:01:00.0: Max Payload Size set to  512/ 512 (was  128), Max Read Rq  512
[    0.072060] pci 0000:01:00.1: Max Payload Size set to  512/ 512 (was  128), Max Read Rq  512
[    0.072140] ACPI: PCI Root Bridge [PCI2] (domain 0002 [bus 00-0f])
[    0.072148] acpi PNP0A08:01: _OSC: OS supports [ExtendedConfig ASPM ClockPM Segments MSI EDR HPX-Type3]
[    0.072232] acpi PNP0A08:01: _OSC: platform does not support [SHPCHotplug DPC]
[    0.072350] acpi PNP0A08:01: _OSC: OS now controls [PCIeHotplug PME AER PCIeCapability LTR]
[    0.072631] acpi PNP0A08:01: ECAM area [mem 0xf320000000-0xf320ffffff] reserved by PNP0C02:00
[    0.072647] acpi PNP0A08:01: ECAM at [mem 0xf320000000-0xf320ffffff] for [bus 00-0f]
[    0.072673] ACPI: Remapped I/O 0x000000005d000000 to [io  0x10000-0x1ffff window]
[    0.072784] PCI host bridge to bus 0002:00
[    0.072814] pci_bus 0002:00: root bus resource [io  0x10000-0x1ffff window] (bus address [0x5d000000-0x5d00ffff])
[    0.072818] pci_bus 0002:00: root bus resource [mem 0x5d010000-0x5f7fffff window]
[    0.072821] pci_bus 0002:00: root bus resource [mem 0x3d00000000-0x4affffffff window]
[    0.072825] pci_bus 0002:00: root bus resource [bus 00-0f]
[    0.072828] PCI: OF: of_root node is NULL, cannot create PCI host bridge node
[    0.072848] pci 0002:00:00.0: [10de:22ce] type 01 class 0x060400 PCIe Root Port
[    0.072862] pci 0002:00:00.0: PCI bridge to [bus 01-0f]
[    0.072921] pci 0002:00:00.0: PME# supported from D0 D3hot D3cold
[    0.073350] pci 0002:01:00.0: [15b3:1021] type 00 class 0x020000 PCIe Endpoint
[    0.073627] pci 0002:01:00.0: BAR 0 [mem 0x00000000-0x01ffffff 64bit pref]
[    0.073660] pci 0002:01:00.0: ROM [mem 0x00000000-0x000fffff pref]
[    0.074545] pci 0002:01:00.0: PME# supported from D3cold
[    0.074899] pci 0002:01:00.0: VF BAR 0 [mem 0x00000000-0x000fffff 64bit pref]
[    0.074902] pci 0002:01:00.0: VF BAR 0 [mem 0x00000000-0x007fffff 64bit pref]: contains BAR 0 for 8 VFs
[    0.076520] pci 0002:01:00.1: [15b3:1021] type 00 class 0x020000 PCIe Endpoint
[    0.076764] pci 0002:01:00.1: BAR 0 [mem 0x00000000-0x01ffffff 64bit pref]
[    0.076796] pci 0002:01:00.1: ROM [mem 0x00000000-0x000fffff pref]
[    0.077412] pci 0002:01:00.1: PME# supported from D3cold
[    0.077761] pci 0002:01:00.1: VF BAR 0 [mem 0x00000000-0x000fffff 64bit pref]
[    0.077764] pci 0002:01:00.1: VF BAR 0 [mem 0x00000000-0x007fffff 64bit pref]: contains BAR 0 for 8 VFs
[    0.078790] pci_bus 0002:00: max bus depth: 1 pci_try_num: 2
[    0.078800] pci 0002:00:00.0: bridge window [mem 0x3d00000000-0x3d05ffffff 64bit pref]: assigned
[    0.078804] pci 0002:00:00.0: bridge window [mem 0x5d100000-0x5d2fffff]: assigned
[    0.078810] pci 0002:01:00.0: BAR 0 [mem 0x3d00000000-0x3d01ffffff 64bit pref]: assigned
[    0.078864] pci 0002:01:00.1: BAR 0 [mem 0x3d02000000-0x3d03ffffff 64bit pref]: assigned
[    0.078920] pci 0002:01:00.0: ROM [mem 0x5d100000-0x5d1fffff pref]: assigned
[    0.078923] pci 0002:01:00.0: VF BAR 0 [mem 0x3d04000000-0x3d047fffff 64bit pref]: assigned
[    0.078954] pci 0002:01:00.1: ROM [mem 0x5d200000-0x5d2fffff pref]: assigned
[    0.078958] pci 0002:01:00.1: VF BAR 0 [mem 0x3d04800000-0x3d04ffffff 64bit pref]: assigned
[    0.078989] pci 0002:00:00.0: PCI bridge to [bus 01-0f]
[    0.078993] pci 0002:00:00.0:   bridge window [mem 0x5d100000-0x5d2fffff]
[    0.078997] pci 0002:00:00.0:   bridge window [mem 0x3d00000000-0x3d05ffffff 64bit pref]
[    0.079002] pci_bus 0002:00: resource 4 [io  0x10000-0x1ffff window]
[    0.079005] pci_bus 0002:00: resource 5 [mem 0x5d010000-0x5f7fffff window]
[    0.079008] pci_bus 0002:00: resource 6 [mem 0x3d00000000-0x4affffffff window]
[    0.079011] pci_bus 0002:01: resource 1 [mem 0x5d100000-0x5d2fffff]
[    0.079014] pci_bus 0002:01: resource 2 [mem 0x3d00000000-0x3d05ffffff 64bit pref]
[    0.079020] pci 0002:00:00.0: Max Payload Size set to  512/ 512 (was  128), Max Read Rq  512
[    0.079074] pci 0002:01:00.0: Max Payload Size set to  512/ 512 (was  128), Max Read Rq  512
[    0.079129] pci 0002:01:00.1: Max Payload Size set to  512/ 512 (was  128), Max Read Rq  512
[    0.079201] ACPI: PCI Root Bridge [PCI4] (domain 0004 [bus 00-0f])
[    0.079209] acpi PNP0A08:02: _OSC: OS supports [ExtendedConfig ASPM ClockPM Segments MSI EDR HPX-Type3]
[    0.079285] acpi PNP0A08:02: _OSC: platform does not support [SHPCHotplug DPC]
[    0.079399] acpi PNP0A08:02: _OSC: OS now controls [PCIeHotplug PME AER PCIeCapability LTR]
[    0.079665] acpi PNP0A08:02: ECAM area [mem 0xf340000000-0xf340ffffff] reserved by PNP0C02:00
[    0.079678] acpi PNP0A08:02: ECAM at [mem 0xf340000000-0xf340ffffff] for [bus 00-0f]
[    0.079703] ACPI: Remapped I/O 0x0000000062000000 to [io  0x20000-0x2ffff window]
[    0.079810] PCI host bridge to bus 0004:00
[    0.079840] pci_bus 0004:00: root bus resource [io  0x20000-0x2ffff window] (bus address [0x62000000-0x6200ffff])
[    0.079844] pci_bus 0004:00: root bus resource [mem 0x62010000-0x647fffff window]
[    0.079847] pci_bus 0004:00: root bus resource [mem 0x5900000000-0x66ffffffff window]
[    0.079851] pci_bus 0004:00: root bus resource [bus 00-0f]
[    0.079854] PCI: OF: of_root node is NULL, cannot create PCI host bridge node
[    0.079872] pci 0004:00:00.0: [10de:22ce] type 01 class 0x060400 PCIe Root Port
[    0.079886] pci 0004:00:00.0: PCI bridge to [bus 01-0f]
[    0.079892] pci 0004:00:00.0:   bridge window [mem 0x62100000-0x621fffff]
[    0.079950] pci 0004:00:00.0: PME# supported from D0 D3hot D3cold
[    0.080278] pci 0004:01:00.0: [144d:a810] type 00 class 0x010802 PCIe Endpoint
[    0.080311] pci 0004:01:00.0: BAR 0 [mem 0x62100000-0x62103fff 64bit]
[    0.082566] pci 0004:00:00.0: bridge window [io  0x1000-0x0fff] to [bus 01-0f] add_size 1000
[    0.082575] pci 0004:00:00.0: bridge window [mem 0x00100000-0x000fffff 64bit pref] to [bus 01-0f] add_size 200000 add_align 100000
[    0.082581] pci 0004:00:00.0: bridge window [mem 0x00100000-0x001fffff] to [bus 01-0f] add_size 100000 add_align 100000
[    0.082589] pci 0004:00:00.0: bridge window [mem 0x62100000-0x622fffff]: assigned
[    0.082594] pci 0004:00:00.0: bridge window [mem 0x5900000000-0x59001fffff 64bit pref]: assigned
[    0.082598] pci 0004:00:00.0: bridge window [io  0x20000-0x20fff]: assigned
[    0.082603] pci 0004:01:00.0: BAR 0 [mem 0x62100000-0x62103fff 64bit]: assigned
[    0.082612] pci 0004:00:00.0: PCI bridge to [bus 01-0f]
[    0.082615] pci 0004:00:00.0:   bridge window [io  0x20000-0x20fff]
[    0.082620] pci 0004:00:00.0:   bridge window [mem 0x62100000-0x622fffff]
[    0.082623] pci 0004:00:00.0:   bridge window [mem 0x5900000000-0x59001fffff 64bit pref]
[    0.082629] pci_bus 0004:00: resource 4 [io  0x20000-0x2ffff window]
[    0.082632] pci_bus 0004:00: resource 5 [mem 0x62010000-0x647fffff window]
[    0.082636] pci_bus 0004:00: resource 6 [mem 0x5900000000-0x66ffffffff window]
[    0.082639] pci_bus 0004:01: resource 0 [io  0x20000-0x20fff]
[    0.082642] pci_bus 0004:01: resource 1 [mem 0x62100000-0x622fffff]
[    0.082645] pci_bus 0004:01: resource 2 [mem 0x5900000000-0x59001fffff 64bit pref]
[    0.082650] pci 0004:00:00.0: Max Payload Size set to  512/ 512 (was  128), Max Read Rq  256
[    0.082657] pci 0004:01:00.0: Max Payload Size set to  512/ 512 (was  128), Max Read Rq  256
[    0.082736] ACPI: PCI Root Bridge [PCI6] (domain 0006 [bus 00-0f])
[    0.082744] acpi PNP0A08:03: _OSC: OS supports [ExtendedConfig ASPM ClockPM Segments MSI EDR HPX-Type3]
[    0.082822] acpi PNP0A08:03: _OSC: platform does not support [SHPCHotplug DPC]
[    0.082936] acpi PNP0A08:03: _OSC: OS now controls [PCIeHotplug PME AER PCIeCapability LTR]
[    0.083185] acpi PNP0A08:03: ECAM area [mem 0xf360000000-0xf360ffffff] reserved by PNP0C02:00
[    0.083197] acpi PNP0A08:03: ECAM at [mem 0xf360000000-0xf360ffffff] for [bus 00-0f]
[    0.083221] ACPI: Remapped I/O 0x000000006c000000 to [io  0x30000-0x3ffff window]
[    0.083332] PCI host bridge to bus 0006:00
[    0.083362] pci_bus 0006:00: root bus resource [io  0x30000-0x3ffff window] (bus address [0x6c000000-0x6c00ffff])
[    0.083366] pci_bus 0006:00: root bus resource [mem 0x6c010000-0x6e7fffff window]
[    0.083370] pci_bus 0006:00: root bus resource [mem 0x9100000000-0x9effffffff window]
[    0.083374] pci_bus 0006:00: root bus resource [bus 00-0f]
[    0.083376] PCI: OF: of_root node is NULL, cannot create PCI host bridge node
[    0.083400] pci_bus 0006:00: resource 4 [io  0x30000-0x3ffff window]
[    0.083404] pci_bus 0006:00: resource 5 [mem 0x6c010000-0x6e7fffff window]
[    0.083407] pci_bus 0006:00: resource 6 [mem 0x9100000000-0x9effffffff window]
[    0.083458] ACPI: PCI Root Bridge [PCI7] (domain 0007 [bus 00-0f])
[    0.083463] acpi PNP0A08:04: _OSC: OS supports [ExtendedConfig ASPM ClockPM Segments MSI EDR HPX-Type3]
[    0.083531] acpi PNP0A08:04: _OSC: platform does not support [SHPCHotplug DPC]
[    0.083656] acpi PNP0A08:04: _OSC: OS now controls [PCIeHotplug PME AER PCIeCapability LTR]
[    0.083895] acpi PNP0A08:04: ECAM area [mem 0xf370000000-0xf370ffffff] reserved by PNP0C02:00
[    0.083907] acpi PNP0A08:04: ECAM at [mem 0xf370000000-0xf370ffffff] for [bus 00-0f]
[    0.083928] ACPI: Remapped I/O 0x000000006e800000 to [io  0x40000-0x4ffff window]
[    0.084024] PCI host bridge to bus 0007:00
[    0.084053] pci_bus 0007:00: root bus resource [io  0x40000-0x4ffff window] (bus address [0x6e800000-0x6e80ffff])
[    0.084056] pci_bus 0007:00: root bus resource [mem 0x6e810000-0x70ffffff window]
[    0.084060] pci_bus 0007:00: root bus resource [mem 0x9f00000000-0xacffffffff window]
[    0.084063] pci_bus 0007:00: root bus resource [bus 00-0f]
[    0.084066] PCI: OF: of_root node is NULL, cannot create PCI host bridge node
[    0.084088] pci 0007:00:00.0: [10de:22d0] type 01 class 0x060400 PCIe Root Port
[    0.084104] pci 0007:00:00.0: PCI bridge to [bus 01-0f]
[    0.084109] pci 0007:00:00.0:   bridge window [io  0x40000-0x40fff]
[    0.084113] pci 0007:00:00.0:   bridge window [mem 0x6e900000-0x6e9fffff]
[    0.084181] pci 0007:00:00.0: PME# supported from D0 D3hot D3cold
[    0.084563] pci 0007:01:00.0: [10ec:8127] type 00 class 0x020000 PCIe Endpoint
[    0.084610] pci 0007:01:00.0: BAR 0 [io  0x40000-0x400ff]
[    0.084617] pci 0007:01:00.0: BAR 2 [mem 0x6e900000-0x6e93ffff 64bit]
[    0.084622] pci 0007:01:00.0: BAR 4 [mem 0x6e940000-0x6e943fff 64bit]
[    0.084739] pci 0007:01:00.0: supports D1 D2
[    0.084742] pci 0007:01:00.0: PME# supported from D0 D1 D2 D3hot D3cold
[    0.086593] pci 0007:00:00.0: bridge window [io  0x1000-0x1fff] to [bus 01-0f] add_size 1000
[    0.086600] pci 0007:00:00.0: bridge window [mem 0x00100000-0x000fffff 64bit pref] to [bus 01-0f] add_size 200000 add_align 100000
[    0.086606] pci 0007:00:00.0: bridge window [mem 0x00100000-0x001fffff] to [bus 01-0f] add_size 100000 add_align 100000
[    0.086613] pci 0007:00:00.0: bridge window [mem 0x6e900000-0x6eafffff]: assigned
[    0.086617] pci 0007:00:00.0: bridge window [mem 0x9f00000000-0x9f001fffff 64bit pref]: assigned
[    0.086621] pci 0007:00:00.0: bridge window [io  0x40000-0x41fff]: assigned
[    0.086626] pci 0007:01:00.0: BAR 2 [mem 0x6e900000-0x6e93ffff 64bit]: assigned
[    0.086637] pci 0007:01:00.0: BAR 4 [mem 0x6e940000-0x6e943fff 64bit]: assigned
[    0.086648] pci 0007:01:00.0: BAR 0 [io  0x40000-0x400ff]: assigned
[    0.086654] pci 0007:00:00.0: PCI bridge to [bus 01-0f]
[    0.086658] pci 0007:00:00.0:   bridge window [io  0x40000-0x41fff]
[    0.086663] pci 0007:00:00.0:   bridge window [mem 0x6e900000-0x6eafffff]
[    0.086667] pci 0007:00:00.0:   bridge window [mem 0x9f00000000-0x9f001fffff 64bit pref]
[    0.086672] pci_bus 0007:00: resource 4 [io  0x40000-0x4ffff window]
[    0.086675] pci_bus 0007:00: resource 5 [mem 0x6e810000-0x70ffffff window]
[    0.086678] pci_bus 0007:00: resource 6 [mem 0x9f00000000-0xacffffffff window]
[    0.086681] pci_bus 0007:01: resource 0 [io  0x40000-0x41fff]
[    0.086684] pci_bus 0007:01: resource 1 [mem 0x6e900000-0x6eafffff]
[    0.086687] pci_bus 0007:01: resource 2 [mem 0x9f00000000-0x9f001fffff 64bit pref]
[    0.086693] pci 0007:00:00.0: Max Payload Size set to  512/ 512 (was  128), Max Read Rq  256
[    0.086701] pci 0007:01:00.0: Max Payload Size set to  512/ 512 (was  128), Max Read Rq  256
[    0.086777] ACPI: PCI Root Bridge [PCI8] (domain 0008 [bus 00-0f])
[    0.086785] acpi PNP0A08:05: _OSC: OS supports [ExtendedConfig ASPM ClockPM Segments MSI EDR HPX-Type3]
[    0.086859] acpi PNP0A08:05: _OSC: platform does not support [SHPCHotplug DPC]
[    0.086971] acpi PNP0A08:05: _OSC: OS now controls [PCIeHotplug PME AER PCIeCapability LTR]
[    0.087217] acpi PNP0A08:05: ECAM area [mem 0xf380000000-0xf380ffffff] reserved by PNP0C02:00
[    0.087231] acpi PNP0A08:05: ECAM at [mem 0xf380000000-0xf380ffffff] for [bus 00-0f]
[    0.087254] ACPI: Remapped I/O 0x0000000071000000 to [io  0x50000-0x5ffff window]
[    0.087356] PCI host bridge to bus 0008:00
[    0.087386] pci_bus 0008:00: root bus resource [io  0x50000-0x5ffff window] (bus address [0x71000000-0x7100ffff])
[    0.087389] pci_bus 0008:00: root bus resource [mem 0x71010000-0x737fffff window]
[    0.087393] pci_bus 0008:00: root bus resource [mem 0xad00000000-0xbaffffffff window]
[    0.087396] pci_bus 0008:00: root bus resource [bus 00-0f]
[    0.087399] PCI: OF: of_root node is NULL, cannot create PCI host bridge node
[    0.087423] pci_bus 0008:00: resource 4 [io  0x50000-0x5ffff window]
[    0.087427] pci_bus 0008:00: resource 5 [mem 0x71010000-0x737fffff window]
[    0.087430] pci_bus 0008:00: resource 6 [mem 0xad00000000-0xbaffffffff window]
[    0.087481] ACPI: PCI Root Bridge [PCI9] (domain 0009 [bus 00-0f])
[    0.087487] acpi PNP0A08:06: _OSC: OS supports [ExtendedConfig ASPM ClockPM Segments MSI EDR HPX-Type3]
[    0.087554] acpi PNP0A08:06: _OSC: platform does not support [SHPCHotplug DPC]
[    0.087677] acpi PNP0A08:06: _OSC: OS now controls [PCIeHotplug PME AER PCIeCapability LTR]
[    0.087921] acpi PNP0A08:06: ECAM area [mem 0xf390000000-0xf390ffffff] reserved by PNP0C02:00
[    0.087930] acpi PNP0A08:06: ECAM at [mem 0xf390000000-0xf390ffffff] for [bus 00-0f]
[    0.087954] ACPI: Remapped I/O 0x0000000073800000 to [io  0x60000-0x6ffff window]
[    0.088049] PCI host bridge to bus 0009:00
[    0.088078] pci_bus 0009:00: root bus resource [io  0x60000-0x6ffff window] (bus address [0x73800000-0x7380ffff])
[    0.088081] pci_bus 0009:00: root bus resource [mem 0x73810000-0x75ffffff window]
[    0.088085] pci_bus 0009:00: root bus resource [mem 0xbb00000000-0xc8ffffffff window]
[    0.088088] pci_bus 0009:00: root bus resource [bus 00-0f]
[    0.088091] PCI: OF: of_root node is NULL, cannot create PCI host bridge node
[    0.088111] pci 0009:00:00.0: [10de:22d0] type 01 class 0x060400 PCIe Root Port
[    0.088128] pci 0009:00:00.0: PCI bridge to [bus 01-0f]
[    0.088134] pci 0009:00:00.0:   bridge window [mem 0x73a00000-0x73cfffff]
[    0.088208] pci 0009:00:00.0: PME# supported from D0 D3hot D3cold
[    0.088592] pci 0009:01:00.0: [14c3:7925] type 00 class 0x028000 PCIe Endpoint
[    0.088655] pci 0009:01:00.0: BAR 0 [mem 0x73a00000-0x73bfffff 64bit]
[    0.088662] pci 0009:01:00.0: BAR 2 [mem 0x73c00000-0x73c07fff 64bit]
[    0.088770] pci 0009:01:00.0: PME# supported from D0 D3hot D3cold
[    0.090622] pci 0009:00:00.0: bridge window [io  0x1000-0x0fff] to [bus 01-0f] add_size 1000
[    0.090629] pci 0009:00:00.0: bridge window [mem 0x00100000-0x000fffff 64bit pref] to [bus 01-0f] add_size 200000 add_align 100000
[    0.090637] pci 0009:00:00.0: bridge window [mem 0x73900000-0x73bfffff]: assigned
[    0.090642] pci 0009:00:00.0: bridge window [mem 0xbb00000000-0xbb001fffff 64bit pref]: assigned
[    0.090646] pci 0009:00:00.0: bridge window [io  0x60000-0x60fff]: assigned
[    0.090651] pci 0009:01:00.0: BAR 0 [mem 0x73a00000-0x73bfffff 64bit]: assigned
[    0.090666] pci 0009:01:00.0: BAR 2 [mem 0x73900000-0x73907fff 64bit]: assigned
[    0.090681] pci 0009:00:00.0: PCI bridge to [bus 01-0f]
[    0.090684] pci 0009:00:00.0:   bridge window [io  0x60000-0x60fff]
[    0.090688] pci 0009:00:00.0:   bridge window [mem 0x73900000-0x73bfffff]
[    0.090693] pci 0009:00:00.0:   bridge window [mem 0xbb00000000-0xbb001fffff 64bit pref]
[    0.090698] pci_bus 0009:00: resource 4 [io  0x60000-0x6ffff window]
[    0.090701] pci_bus 0009:00: resource 5 [mem 0x73810000-0x75ffffff window]
[    0.090704] pci_bus 0009:00: resource 6 [mem 0xbb00000000-0xc8ffffffff window]
[    0.090708] pci_bus 0009:01: resource 0 [io  0x60000-0x60fff]
[    0.090710] pci_bus 0009:01: resource 1 [mem 0x73900000-0x73bfffff]
[    0.090713] pci_bus 0009:01: resource 2 [mem 0xbb00000000-0xbb001fffff 64bit pref]
[    0.090719] pci 0009:00:00.0: Max Payload Size set to  256/ 512 (was  128), Max Read Rq  256
[    0.090730] pci 0009:01:00.0: Max Payload Size set to  256/ 256 (was  128), Max Read Rq  256
[    0.095333] platform NVDA8800:00: failed to claim resource 0: [mem 0x05170000-0x051cffff]
[    0.095345] acpi NVDA8800:00: platform device creation failed: -16
[    0.096195] ACPI: PCI Root Bridge [PCIF] (domain 000f [bus 00-01])
[    0.096207] acpi PNP0A08:0b: _OSC: OS supports [ExtendedConfig ASPM ClockPM Segments MSI EDR HPX-Type3]
[    0.096278] acpi PNP0A08:0b: _OSC: platform does not support [SHPCHotplug DPC]
[    0.096374] acpi PNP0A08:0b: _OSC: OS now controls [PCIeHotplug PME AER PCIeCapability LTR]
[    0.097109] acpi PNP0A08:0b: ECAM area [mem 0x29000000-0x291fffff] reserved by PNP0C02:01
[    0.097126] acpi PNP0A08:0b: ECAM at [mem 0x29000000-0x291fffff] for [bus 00-01]
[    0.097255] PCI host bridge to bus 000f:00
[    0.097285] pci_bus 000f:00: root bus resource [mem 0x24000000-0x281fffff window]
[    0.097290] pci_bus 000f:00: root bus resource [bus 00-01]
[    0.097293] PCI: OF: of_root node is NULL, cannot create PCI host bridge node
[    0.097326] pci 000f:00:00.0: [10de:22d1] type 01 class 0x060400 PCIe Root Port
[    0.097362] pci 000f:00:00.0: PCI bridge to [bus 01]
[    0.097387] pci 000f:00:00.0:   bridge window [mem 0x24000000-0x27ffffff 64bit pref]
[    0.097545] pci 000f:00:00.0: PME# supported from D0 D3hot
[    0.098029] pci 000f:01:00.0: [10de:2e12] type 00 class 0x030000 PCIe Endpoint
[    0.098099] pci 000f:01:00.0: BAR 0 [mem 0x24000000-0x27ffffff 64bit pref]
[    0.098169] pci 000f:01:00.0: Enabling HDA controller
[    0.098584] pci 000f:01:00.0: 0.000 Gb/s available PCIe bandwidth, limited by Unknown x0 link at 000f:00:00.0 (capable of 32.000 Gb/s with 2.5 GT/s PCIe x16 link)
[    0.098840] pci 000f:00:00.0: PCI bridge to [bus 01]
[    0.098864] pci 000f:00:00.0: PCI bridge to [bus 01]
[    0.098874] pci 000f:00:00.0:   bridge window [mem 0x24000000-0x27ffffff 64bit pref]
[    0.098883] pci_bus 000f:00: resource 4 [mem 0x24000000-0x281fffff window]
[    0.098887] pci_bus 000f:01: resource 2 [mem 0x24000000-0x27ffffff 64bit pref]
[    0.098897] pci 000f:00:00.0: Max Payload Size set to  256/ 512 (was  128), Max Read Rq  512
[    0.098909] pci 000f:01:00.0: Max Payload Size set to  256/ 256 (was  128), Max Read Rq  512
[    0.099738] iommu: Default domain type: Translated (set via kernel command line)
[    0.099748] iommu: DMA domain TLB invalidation policy: lazy mode
[    0.100728] SCSI subsystem initialized
[    0.100811] libata version 3.00 loaded.
[    0.100862] ACPI: bus type USB registered
[    0.100892] usbcore: registered new interface driver usbfs
[    0.100911] usbcore: registered new interface driver hub
[    0.100929] usbcore: registered new device driver usb
[    0.101017] pps_core: LinuxPPS API ver. 1 registered
[    0.101021] pps_core: Software ver. 5.3.6 - Copyright 2005-2007 Rodolfo Giometti <giometti@linux.it>
[    0.101028] PTP clock support registered
[    0.101175] EDAC MC: Ver: 3.0.0
[    0.101413] scmi_core: SCMI protocol bus registered
[    0.101595] efivars: Registered efivars operations
[    0.102032] mpam:mpam_msc_driver_init: No MSC devices found in firmware
[    0.102416] NetLabel: Initializing
[    0.102422] NetLabel:  domain hash size = 128
[    0.102425] NetLabel:  protocols = UNLABELED CIPSOv4 CALIPSO
[    0.102452] NetLabel:  unlabeled traffic allowed by default
[    0.102543] mctp: management component transport protocol core
[    0.102547] NET: Registered PF_MCTP protocol family
[    0.102669] pci 000f:01:00.0: vgaarb: setting as boot VGA device
[    0.102675] pci 000f:01:00.0: vgaarb: bridge control possible
[    0.102678] pci 000f:01:00.0: vgaarb: VGA device added: decodes=io+mem,owns=none,locks=none
[    0.102682] vgaarb: loaded
[    0.102917] clocksource: Switched to clocksource arch_sys_counter
[    0.103863] VFS: Disk quotas dquot_6.6.0
[    0.103876] VFS: Dquot-cache hash table entries: 512 (order 0, 4096 bytes)
[    0.104501] AppArmor: AppArmor Filesystem Enabled
[    0.104553] pnp: PnP ACPI init
[    0.104806] system 00:00: [mem 0xf300000000-0xf3ffffffff window] could not be reserved
[    0.104812] system 00:00: [mem 0x1d790000-0x1d790fff] has been reserved
[    0.104815] system 00:00: [mem 0x1d690000-0x1d690fff] has been reserved
[    0.104818] system 00:00: [mem 0x1d600000-0x1d600fff] has been reserved
[    0.104821] system 00:00: [mem 0x1d640000-0x1d640fff] has been reserved
[    0.104824] system 00:00: [mem 0x16bd0000-0x16bd0fff] has been reserved
[    0.105108] system 00:01: [mem 0x29000000-0x291fffff window] could not be reserved
[    0.105128] pnp: PnP ACPI: found 2 devices
[    0.107864] NET: Registered PF_INET protocol family
[    0.107956] IP idents hash table entries: 262144 (order: 9, 2097152 bytes, linear)
[    0.132272] tcp_listen_portaddr_hash hash table entries: 65536 (order: 8, 1048576 bytes, linear)
[    0.132941] Table-perturb hash table entries: 65536 (order: 6, 262144 bytes, linear)
[    0.132957] TCP established hash table entries: 524288 (order: 10, 4194304 bytes, linear)
[    0.135547] TCP bind hash table entries: 65536 (order: 9, 2097152 bytes, linear)
[    0.136871] TCP: Hash tables configured (established 524288 bind 65536)
[    0.137056] MPTCP token hash table entries: 65536 (order: 9, 1572864 bytes, linear)
[    0.137162] UDP hash table entries: 65536 (order: 10, 4194304 bytes, linear)
[    0.140586] UDP-Lite hash table entries: 65536 (order: 10, 4194304 bytes, linear)
[    0.144077] NET: Registered PF_UNIX/PF_LOCAL protocol family
[    0.144100] NET: Registered PF_XDP protocol family
[    0.144197] PCI: CLS 0 bytes, default 64
[    0.144227] ARM FF-A: Driver version 1.2
[    0.144230] ARM FF-A: Firmware version 1.2 found
[    0.144306] Trying to unpack rootfs image as initramfs...
[    0.148423] kvm [1]: nv: 567 coarse grained trap handlers
[    0.148651] kvm [1]: nv: 664 fine grained trap handlers
[    0.148813] kvm [1]: IPA Size Limit: 40 bits
[    0.148839] kvm [1]: GICv4 support disabled
[    0.148843] kvm [1]: GICv3: no GICV resource entry
[    0.148846] kvm [1]: disabling GICv2 emulation
[    0.148894] kvm [1]: GIC system register CPU interface enabled
[    0.148936] kvm [1]: vgic interrupt IRQ9
[    0.148986] kvm [1]: VHE mode initialized successfully
[    0.204110] Initialise system trusted keyrings
[    0.204144] Key type blacklist registered
[    0.204334] workingset: timestamp_bits=40 max_order=25 bucket_order=0
[    0.205012] squashfs: version 4.0 (2009/01/31) Phillip Lougher
[    0.205264] fuse: init (API version 7.44)
[    0.205564] integrity: Platform Keyring initialized
[    0.205579] integrity: Machine keyring initialized
[    0.229784] Key type asymmetric registered
[    0.229792] Asymmetric key parser 'x509' registered
[    0.229848] Block layer SCSI generic (bsg) driver version 0.4 loaded (major 241)
[    0.229969] io scheduler mq-deadline registered
[    0.234712] ledtrig-cpu: registered to indicate activity on CPUs
[    0.235826] input: Power Button as /devices/LNXSYSTM:00/LNXSYBUS:00/PNP0C0C:00/input/input0
[    0.235924] ACPI: button: Power Button [PWRB]
[    0.235989] input: Lid Switch as /devices/LNXSYSTM:00/LNXSYBUS:00/PNP0C0D:00/input/input1
[    0.236026] ACPI: button: Lid Switch [LID0]
[    0.236080] input: Sleep Button as /devices/LNXSYSTM:00/LNXSYBUS:00/PNP0C0E:00/input/input2
[    0.236112] ACPI: button: Sleep Button [SLPB]
[    0.249271] thermal LNXTHERM:00: registered as thermal_zone0
[    0.249281] ACPI: thermal: Thermal Zone [TSOC] (40 C)
[    0.249436] thermal LNXTHERM:01: registered as thermal_zone1
[    0.249440] ACPI: thermal: Thermal Zone [TS0E] (38 C)
[    0.249576] thermal LNXTHERM:02: registered as thermal_zone2
[    0.249580] ACPI: thermal: Thermal Zone [TS0P] (39 C)
[    0.249716] thermal LNXTHERM:03: registered as thermal_zone3
[    0.249719] ACPI: thermal: Thermal Zone [TS1E] (38 C)
[    0.249850] thermal LNXTHERM:04: registered as thermal_zone4
[    0.249854] ACPI: thermal: Thermal Zone [TS1P] (39 C)
[    0.250001] thermal LNXTHERM:05: registered as thermal_zone5
[    0.250005] ACPI: thermal: Thermal Zone [TGPU] (40 C)
[    0.250136] thermal LNXTHERM:06: registered as thermal_zone6
[    0.250139] ACPI: thermal: Thermal Zone [TUNC] (39 C)
[    0.250391] ACPI GTDT: found 1 SBSA generic Watchdog(s).
[    0.254667] Serial: 8250/16550 driver, 32 ports, IRQ sharing enabled
[    0.258311] printk: legacy console [ttyS0] disabled
[    0.278629] MTKI0511:00: ttyS0 at MMIO 0x16a00000 (irq = 45, base_baud = 1625000) is a ST16650V2
[    0.278672] printk: legacy console [ttyS0] enabled
[    0.278674] printk: legacy bootconsole [uart0] disabled
[    0.279780] msm_serial: driver initialized
[    0.279861] SuperH (H)SCI(F) driver initialized
[    0.280378] arm-smmu-v3 arm-smmu-v3.0.auto: option mask 0x0
[    0.280415] arm-smmu-v3 arm-smmu-v3.0.auto: ias 40-bit, oas 40-bit (features 0x0396dfbf)
[    0.280896] arm-smmu-v3 arm-smmu-v3.0.auto: allocated 65536 entries for cmdq
[    0.281421] arm-smmu-v3 arm-smmu-v3.0.auto: allocated 32768 entries for evtq
[    0.281996] arm-smmu-v3 arm-smmu-v3.0.auto: allocated 65536 entries for priq
[    0.281999] arm-smmu-v3 arm-smmu-v3.0.auto: 2-level strtab only covers 25/32 bits of SID
[    0.282346] arm-smmu-v3 arm-smmu-v3.0.auto: msi_domain absent - falling back to wired irqs
[    0.283496] platform NVDA8000:00: Adding to iommu group 0
[    0.283519] platform NVDA8000:01: Adding to iommu group 1
[    0.283538] platform NVDA8000:02: Adding to iommu group 2
[    0.283557] platform NVDA8000:03: Adding to iommu group 3
[    0.283578] platform NVDA8001:00: Adding to iommu group 4
[    0.283598] platform NVDA8000:04: Adding to iommu group 5
[    0.284976] pci 0000:00:00.0: Adding to iommu group 6
[    0.285604] pci 0000:01:00.0: Adding to iommu group 7
[    0.285636] pci 0000:01:00.1: Adding to iommu group 8
[    0.285989] pci 0002:00:00.0: Adding to iommu group 9
[    0.286289] pci 0002:01:00.0: Adding to iommu group 10
[    0.286320] pci 0002:01:00.1: Adding to iommu group 11
[    0.286576] pci 0004:00:00.0: Adding to iommu group 12
[    0.286833] pci 0004:01:00.0: Adding to iommu group 13
[    0.287430] pci 0007:00:00.0: Adding to iommu group 14
[    0.287702] pci 0007:01:00.0: Adding to iommu group 15
[    0.287837] pci 0009:00:00.0: Adding to iommu group 16
[    0.288264] pci 0009:01:00.0: Adding to iommu group 17
[    0.289123] arm-smmu-v3 arm-smmu-v3.1.auto: option mask 0x0
[    0.289143] arm-smmu-v3 arm-smmu-v3.1.auto: ias 40-bit, oas 40-bit (features 0x0396dfbf)
[    0.290187] arm-smmu-v3 arm-smmu-v3.1.auto: allocated 65536 entries for cmdq
[    0.290509] arm-smmu-v3 arm-smmu-v3.1.auto: allocated 32768 entries for evtq
[    0.290808] arm-smmu-v3 arm-smmu-v3.1.auto: allocated 65536 entries for priq
[    0.290811] arm-smmu-v3 arm-smmu-v3.1.auto: 2-level strtab only covers 25/32 bits of SID
[    0.292303] arm-smmu-v3 arm-smmu-v3.1.auto: msi_domain absent - falling back to wired irqs
[    0.294466] platform NVDA2014:00: Adding to iommu group 18
[    0.294749] pci 000f:00:00.0: Adding to iommu group 19
[    0.295347] pci 000f:01:00.0: Adding to iommu group 20
[    0.334236] arm-smmu-v3 arm-smmu-v3.2.auto: option mask 0x0
[    0.334268] arm-smmu-v3 arm-smmu-v3.2.auto: ias 40-bit, oas 40-bit (features 0x0396dfbf)
[    0.335312] arm-smmu-v3 arm-smmu-v3.2.auto: allocated 65536 entries for cmdq
[    0.336442] arm-smmu-v3 arm-smmu-v3.2.auto: allocated 32768 entries for evtq
[    0.337548] arm-smmu-v3 arm-smmu-v3.2.auto: allocated 65536 entries for priq
[    0.337551] arm-smmu-v3 arm-smmu-v3.2.auto: 2-level strtab only covers 25/32 bits of SID
[    0.338759] arm-smmu-v3 arm-smmu-v3.2.auto: msi_domain absent - falling back to wired irqs
[    0.339456] arm-smmu-v3 arm-smmu-v3.2.auto: no priq irq - PRI will be broken
[    0.340115] platform NVDA2861:00: Adding to iommu group 21
[    0.340295] platform NVDA0210:00: Adding to iommu group 22
[    0.340321] platform NVDA0210:01: Adding to iommu group 23
[    0.340347] platform NVDA0210:02: Adding to iommu group 24
[    0.351243] loop: module loaded
[    0.352932] ACPI: bus type drm_connector registered
[    0.353219] tun: Universal TUN/TAP device driver, 1.6
[    0.353668] PPP generic driver version 2.4.2
[    0.354196] mousedev: PS/2 mouse device common for all mice
[    0.355690] rtc-efi rtc-efi.0: registered as rtc0
[    0.355931] rtc-efi rtc-efi.0: setting system clock to 2026-05-10T19:26:29 UTC (1778441189)
[    0.356115] i2c_dev: i2c /dev entries driver
[    0.356397] device-mapper: core: CONFIG_IMA_DISABLE_HTABLE is disabled. Duplicate IMA measurements will not be recorded in the IMA log.
[    0.356434] device-mapper: uevent: version 1.0.3
[    0.356540] device-mapper: ioctl: 4.50.0-ioctl (2025-04-28) initialised: dm-devel@lists.linux.dev
[    0.357094] simple-framebuffer simple-framebuffer.0: [drm] Registered 1 planes with drm panic
[    0.357097] [drm] Initialized simpledrm 1.0.0 for simple-framebuffer.0 on minor 0
[    0.367573] fbcon: Deferring console take-over
[    0.367578] simple-framebuffer simple-framebuffer.0: [drm] fb0: simpledrmdrmfb frame buffer device
[    0.368142] SMCCC: SOC_ID: ID = jep106:0426:8901 Revision = 0x00000000
[    0.368146] Arm LFA: Live Firmware activation: no firmware agent found
[    0.371705] hw perfevents: enabled with armv8_pmuv3_0 PMU driver, 21 (0,800fffff) counters available
[    0.384474] Freeing initrd memory: 82176K
[    0.386205] hw perfevents: enabled with armv8_pmuv3_1 PMU driver, 32 (0,ffffffff) counters available
[    0.386585] drop_monitor: Initializing network drop monitor service
[    0.386741] NET: Registered PF_INET6 protocol family
[    0.386840] watchdog: NMI not fully supported
[    0.386842] watchdog: Hard watchdog permanently disabled
[    0.390048] Segment Routing with IPv6
[    0.390064] In-situ OAM (IOAM) with IPv6
[    0.390094] NET: Registered PF_PACKET protocol family
[    0.391212] Key type dns_resolver registered
[    0.394392] registered taskstats version 1
[    0.409830] Loading compiled-in X.509 certificates
[    0.412269] Loaded X.509 cert 'Build time autogenerated kernel key: ca9bdbc329efdbfa17c549806ab70bafd88f468f'
[    0.412872] Loaded X.509 cert 'Canonical Ltd. Live Patch Signing 2025 Kmod: d541cef61dc7e793b7eb7e899970a2eef0b5dc8c'
[    0.413469] Loaded X.509 cert 'Canonical Ltd. Live Patch Signing: 14df34d1a87cf37625abec039ef2bf521249b969'
[    0.414062] Loaded X.509 cert 'Canonical Ltd. Kernel Module Signing: 88f752e560a1e0737e31163a466ad7b70a850c19'
[    0.414074] blacklist: Loading compiled-in revocation X.509 certificates
[    0.414092] Loaded X.509 cert 'Canonical Ltd. Secure Boot Signing: 61482aa2830d0ab2ad5af10b7250da9033ddcef0'
[    0.414104] Loaded X.509 cert 'Canonical Ltd. Secure Boot Signing (2017): 242ade75ac4a15e50d50c84b0d45ff3eae707a03'
[    0.414116] Loaded X.509 cert 'Canonical Ltd. Secure Boot Signing (ESM 2018): 365188c1d374d6b07c3c8f240f8ef722433d6a8b'
[    0.414126] Loaded X.509 cert 'Canonical Ltd. Secure Boot Signing (2019): c0746fd6c5da3ae827864651ad66ae47fe24b3e8'
[    0.414138] Loaded X.509 cert 'Canonical Ltd. Secure Boot Signing (2021 v1): a8d54bbb3825cfb94fa13c9f8a594a195c107b8d'
[    0.414148] Loaded X.509 cert 'Canonical Ltd. Secure Boot Signing (2021 v2): 4cf046892d6fd3c9a5b03f98d845f90851dc6a8c'
[    0.414157] Loaded X.509 cert 'Canonical Ltd. Secure Boot Signing (2021 v3): 100437bb6de6e469b581e61cd66bce3ef4ed53af'
[    0.414166] Loaded X.509 cert 'Canonical Ltd. Secure Boot Signing (Ubuntu Core 2019): c1d57b8f6b743f23ee41f4f7ee292f06eecadfb9'
[    0.421111] Demotion targets for Node 0: null
[    0.421654] Key type .fscrypt registered
[    0.421657] Key type fscrypt-provisioning registered
[    0.421755] Key type big_key registered
[    0.448409] Key type encrypted registered
[    0.448426] AppArmor: AppArmor sha256 policy hashing enabled
[    0.449157] integrity: Loading X.509 certificate: UEFI:db
[    0.449241] integrity: Loaded X.509 cert 'Microsoft UEFI CA 2023: 81aa6b3244c935bce0d6628af39827421e32497d'
[    0.449245] integrity: Loading X.509 certificate: UEFI:db
[    0.449274] integrity: Loaded X.509 cert 'Microsoft Corporation: Windows UEFI CA 2023: aefc5fbbbe055d8f8daa585473499417ab5a5272'
[    0.449277] integrity: Loading X.509 certificate: UEFI:db
[    0.449303] integrity: Loaded X.509 cert 'Microsoft Corporation UEFI CA 2011: 13adbf4309bd82709c8cd54f316ed522988a1bd4'
[    0.449306] integrity: Loading X.509 certificate: UEFI:db
[    0.449330] integrity: Loaded X.509 cert 'Microsoft Windows Production PCA 2011: a92902398e16c49778cd90f99e4f9ae17c55af53'
[    0.449720] ima: secureboot mode disabled
[    0.449733] ima: No TPM chip found, activating TPM-bypass!
[    0.449740] Loading compiled-in module X.509 certificates
[    0.450794] Loaded X.509 cert 'Build time autogenerated kernel key: ca9bdbc329efdbfa17c549806ab70bafd88f468f'
[    0.450799] ima: Allocated hash algorithm: sha256
[    0.450825] ima: No architecture policies found
[    0.450870] evm: Initialising EVM extended attributes:
[    0.450873] evm: security.selinux
[    0.450877] evm: security.SMACK64
[    0.450879] evm: security.SMACK64EXEC
[    0.450881] evm: security.SMACK64TRANSMUTE
[    0.450884] evm: security.SMACK64MMAP
[    0.450886] evm: security.apparmor
[    0.450888] evm: security.ima
[    0.450890] evm: security.capability
[    0.450892] evm: HMAC attrs: 0x1
[    0.452762] pcieport 0000:00:00.0: PME: Signaling with IRQ 325
[    0.453235] pcieport 0000:00:00.0: AER: enabled with IRQ 326
[    0.454807] pcieport 0002:00:00.0: PME: Signaling with IRQ 328
[    0.455123] pcieport 0002:00:00.0: AER: enabled with IRQ 329
[    0.456532] pcieport 0004:00:00.0: PME: Signaling with IRQ 331
[    0.456840] pcieport 0004:00:00.0: AER: enabled with IRQ 332
[    0.456902] pcieport 0004:00:00.0: pciehp: Slot #4 AttnBtn- PwrCtrl- MRL- AttnInd- PwrInd- HotPlug+ Surprise+ Interlock- NoCompl+ IbPresDis- LLActRep+
[    0.458545] pcieport 0007:00:00.0: PME: Signaling with IRQ 334
[    0.458835] pcieport 0007:00:00.0: AER: enabled with IRQ 335
[    0.458887] pcieport 0007:00:00.0: pciehp: Slot #7 AttnBtn- PwrCtrl- MRL- AttnInd- PwrInd- HotPlug+ Surprise+ Interlock- NoCompl+ IbPresDis- LLActRep+
[    0.460511] pcieport 0009:00:00.0: PME: Signaling with IRQ 337
[    0.460801] pcieport 0009:00:00.0: AER: enabled with IRQ 338
[    0.460849] pcieport 0009:00:00.0: pciehp: Slot #9 AttnBtn- PwrCtrl- MRL- AttnInd- PwrInd- HotPlug+ Surprise+ Interlock- NoCompl+ IbPresDis- LLActRep+
[    0.461618] pcieport 000f:00:00.0: PME: Signaling with IRQ 339
[    0.461933] pcieport 000f:00:00.0: AER: enabled with IRQ 341
[    0.490635] clk: Disabling unused clocks
[    0.490653] PM: genpd: Disabling unused power domains
[    0.495509] Freeing unused kernel memory: 14592K
[    1.350007] Checked W+X mappings: passed, no W+X pages found
[    1.350027] Run /init as init process
[    1.350032]   with arguments:
[    1.350036]     /init
[    1.350039]     splash
[    1.350042]   with environment:
[    1.350045]     HOME=/
[    1.350047]     TERM=linux
[    1.680547] xhci-hcd NVDA8000:00: xHCI Host Controller
[    1.680561] xhci-hcd NVDA8000:00: new USB bus registered, assigned bus number 1
[    1.680815] xhci-hcd NVDA8000:00: hcc params 0x01844f91 hci version 0x120 quirks 0x0008000000000010
[    1.680837] xhci-hcd NVDA8000:00: irq 96, io mem 0x1db60000
[    1.680932] xhci-hcd NVDA8000:00: xHCI Host Controller
[    1.680935] xhci-hcd NVDA8000:00: new USB bus registered, assigned bus number 2
[    1.680938] xhci-hcd NVDA8000:00: Host supports USB 3.2 Enhanced SuperSpeed
[    1.681088] usb usb1: New USB device found, idVendor=1d6b, idProduct=0002, bcdDevice= 6.17
[    1.681097] usb usb1: New USB device strings: Mfr=3, Product=2, SerialNumber=1
[    1.681101] usb usb1: Product: xHCI Host Controller
[    1.681103] usb usb1: Manufacturer: Linux 6.17.0-1014-nvidia xhci-hcd
[    1.681106] usb usb1: SerialNumber: NVDA8000:00
[    1.681629] hub 1-0:1.0: USB hub found
[    1.681676] hub 1-0:1.0: 1 port detected
[    1.682522] usb usb2: We don't know the algorithms for LPM for this host, disabling LPM.
[    1.682652] usb usb2: New USB device found, idVendor=1d6b, idProduct=0003, bcdDevice= 6.17
[    1.682658] usb usb2: New USB device strings: Mfr=3, Product=2, SerialNumber=1
[    1.682662] usb usb2: Product: xHCI Host Controller
[    1.682666] usb usb2: Manufacturer: Linux 6.17.0-1014-nvidia xhci-hcd
[    1.682670] usb usb2: SerialNumber: NVDA8000:00
[    1.683412] hub 2-0:1.0: USB hub found
[    1.683458] hub 2-0:1.0: 1 port detected
[    1.684418] xhci-hcd NVDA8000:01: xHCI Host Controller
[    1.684432] xhci-hcd NVDA8000:01: new USB bus registered, assigned bus number 3
[    1.684697] xhci-hcd NVDA8000:01: hcc params 0x01844f91 hci version 0x120 quirks 0x0008000000000010
[    1.684716] xhci-hcd NVDA8000:01: irq 97, io mem 0x1db90000
[    1.684801] xhci-hcd NVDA8000:01: xHCI Host Controller
[    1.684804] xhci-hcd NVDA8000:01: new USB bus registered, assigned bus number 4
[    1.684807] xhci-hcd NVDA8000:01: Host supports USB 3.2 Enhanced SuperSpeed
[    1.684933] usb usb3: New USB device found, idVendor=1d6b, idProduct=0002, bcdDevice= 6.17
[    1.684941] usb usb3: New USB device strings: Mfr=3, Product=2, SerialNumber=1
[    1.684945] usb usb3: Product: xHCI Host Controller
[    1.684948] usb usb3: Manufacturer: Linux 6.17.0-1014-nvidia xhci-hcd
[    1.684952] usb usb3: SerialNumber: NVDA8000:01
[    1.685285] hub 3-0:1.0: USB hub found
[    1.685329] hub 3-0:1.0: 1 port detected
[    1.685546] usb usb4: We don't know the algorithms for LPM for this host, disabling LPM.
[    1.685630] usb usb4: New USB device found, idVendor=1d6b, idProduct=0003, bcdDevice= 6.17
[    1.685635] usb usb4: New USB device strings: Mfr=3, Product=2, SerialNumber=1
[    1.685639] usb usb4: Product: xHCI Host Controller
[    1.685642] usb usb4: Manufacturer: Linux 6.17.0-1014-nvidia xhci-hcd
[    1.685646] usb usb4: SerialNumber: NVDA8000:01
[    1.686255] hub 4-0:1.0: USB hub found
[    1.686275] hub 4-0:1.0: 1 port detected
[    1.686936] xhci-hcd NVDA8000:02: xHCI Host Controller
[    1.686957] xhci-hcd NVDA8000:02: new USB bus registered, assigned bus number 5
[    1.687226] xhci-hcd NVDA8000:02: hcc params 0x01844f91 hci version 0x120 quirks 0x0008000000000010
[    1.687245] xhci-hcd NVDA8000:02: irq 98, io mem 0x1dde0000
[    1.687330] xhci-hcd NVDA8000:02: xHCI Host Controller
[    1.687333] xhci-hcd NVDA8000:02: new USB bus registered, assigned bus number 6
[    1.687336] xhci-hcd NVDA8000:02: Host supports USB 3.2 Enhanced SuperSpeed
[    1.687505] usb usb5: New USB device found, idVendor=1d6b, idProduct=0002, bcdDevice= 6.17
[    1.687517] usb usb5: New USB device strings: Mfr=3, Product=2, SerialNumber=1
[    1.687521] usb usb5: Product: xHCI Host Controller
[    1.687525] usb usb5: Manufacturer: Linux 6.17.0-1014-nvidia xhci-hcd
[    1.687529] usb usb5: SerialNumber: NVDA8000:02
[    1.688204] hub 5-0:1.0: USB hub found
[    1.688268] hub 5-0:1.0: 1 port detected
[    1.688733] usb usb6: We don't know the algorithms for LPM for this host, disabling LPM.
[    1.688817] usb usb6: New USB device found, idVendor=1d6b, idProduct=0003, bcdDevice= 6.17
[    1.688821] usb usb6: New USB device strings: Mfr=3, Product=2, SerialNumber=1
[    1.688823] usb usb6: Product: xHCI Host Controller
[    1.688825] usb usb6: Manufacturer: Linux 6.17.0-1014-nvidia xhci-hcd
[    1.688827] usb usb6: SerialNumber: NVDA8000:02
[    1.689138] hub 6-0:1.0: USB hub found
[    1.689161] hub 6-0:1.0: 1 port detected
[    1.689557] xhci-hcd NVDA8000:03: xHCI Host Controller
[    1.689576] xhci-hcd NVDA8000:03: new USB bus registered, assigned bus number 7
[    1.689843] xhci-hcd NVDA8000:03: hcc params 0x01844f91 hci version 0x120 quirks 0x0008000000000010
[    1.689870] xhci-hcd NVDA8000:03: irq 99, io mem 0x1de10000
[    1.689997] xhci-hcd NVDA8000:03: xHCI Host Controller
[    1.690004] xhci-hcd NVDA8000:03: new USB bus registered, assigned bus number 8
[    1.690010] xhci-hcd NVDA8000:03: Host supports USB 3.2 Enhanced SuperSpeed
[    1.690323] usb usb7: New USB device found, idVendor=1d6b, idProduct=0002, bcdDevice= 6.17
[    1.690329] usb usb7: New USB device strings: Mfr=3, Product=2, SerialNumber=1
[    1.690332] usb usb7: Product: xHCI Host Controller
[    1.690336] usb usb7: Manufacturer: Linux 6.17.0-1014-nvidia xhci-hcd
[    1.690339] usb usb7: SerialNumber: NVDA8000:03
[    1.690810] hub 7-0:1.0: USB hub found
[    1.690866] hub 7-0:1.0: 1 port detected
[    1.691244] usb usb8: We don't know the algorithms for LPM for this host, disabling LPM.
[    1.691654] usb usb8: New USB device found, idVendor=1d6b, idProduct=0003, bcdDevice= 6.17
[    1.691659] usb usb8: New USB device strings: Mfr=3, Product=2, SerialNumber=1
[    1.691663] usb usb8: Product: xHCI Host Controller
[    1.691666] usb usb8: Manufacturer: Linux 6.17.0-1014-nvidia xhci-hcd
[    1.691669] usb usb8: SerialNumber: NVDA8000:03
[    1.692218] hub 8-0:1.0: USB hub found
[    1.692282] hub 8-0:1.0: 1 port detected
[    1.692887] xhci-hcd NVDA8001:00: xHCI Host Controller
[    1.692923] xhci-hcd NVDA8001:00: new USB bus registered, assigned bus number 9
[    1.693236] xhci-hcd NVDA8001:00: hcc params 0x01844f91 hci version 0x120 quirks 0x0008000000000010
[    1.693263] xhci-hcd NVDA8001:00: irq 100, io mem 0x1d860000
[    1.693392] xhci-hcd NVDA8001:00: xHCI Host Controller
[    1.693398] xhci-hcd NVDA8001:00: new USB bus registered, assigned bus number 10
[    1.693405] xhci-hcd NVDA8001:00: Host supports USB 3.2 Enhanced SuperSpeed
[    1.693566] usb usb9: New USB device found, idVendor=1d6b, idProduct=0002, bcdDevice= 6.17
[    1.693569] usb usb9: New USB device strings: Mfr=3, Product=2, SerialNumber=1
[    1.693572] usb usb9: Product: xHCI Host Controller
[    1.693574] usb usb9: Manufacturer: Linux 6.17.0-1014-nvidia xhci-hcd
[    1.693576] usb usb9: SerialNumber: NVDA8001:00
[    1.693736] hub 9-0:1.0: USB hub found
[    1.693750] hub 9-0:1.0: 1 port detected
[    1.693872] usb usb10: We don't know the algorithms for LPM for this host, disabling LPM.
[    1.693928] usb usb10: New USB device found, idVendor=1d6b, idProduct=0003, bcdDevice= 6.17
[    1.693930] usb usb10: New USB device strings: Mfr=3, Product=2, SerialNumber=1
[    1.693933] usb usb10: Product: xHCI Host Controller
[    1.693935] usb usb10: Manufacturer: Linux 6.17.0-1014-nvidia xhci-hcd
[    1.693937] usb usb10: SerialNumber: NVDA8001:00
[    1.694048] hub 10-0:1.0: USB hub found
[    1.694061] hub 10-0:1.0: 1 port detected
[    1.694345] xhci-hcd NVDA8000:04: xHCI Host Controller
[    1.694353] xhci-hcd NVDA8000:04: new USB bus registered, assigned bus number 11
[    1.694628] xhci-hcd NVDA8000:04: hcc params 0x01844f91 hci version 0x120 quirks 0x0008000000000010
[    1.694646] xhci-hcd NVDA8000:04: irq 101, io mem 0x1d870000
[    1.694727] xhci-hcd NVDA8000:04: xHCI Host Controller
[    1.694731] xhci-hcd NVDA8000:04: new USB bus registered, assigned bus number 12
[    1.694734] xhci-hcd NVDA8000:04: Host supports USB 3.2 Enhanced SuperSpeed
[    1.694804] usb usb11: New USB device found, idVendor=1d6b, idProduct=0002, bcdDevice= 6.17
[    1.694808] usb usb11: New USB device strings: Mfr=3, Product=2, SerialNumber=1
[    1.694810] usb usb11: Product: xHCI Host Controller
[    1.694812] usb usb11: Manufacturer: Linux 6.17.0-1014-nvidia xhci-hcd
[    1.694814] usb usb11: SerialNumber: NVDA8000:04
[    1.695093] hub 11-0:1.0: USB hub found
[    1.695107] hub 11-0:1.0: 2 ports detected
[    1.695260] usb usb12: We don't know the algorithms for LPM for this host, disabling LPM.
[    1.695329] usb usb12: New USB device found, idVendor=1d6b, idProduct=0003, bcdDevice= 6.17
[    1.695332] usb usb12: New USB device strings: Mfr=3, Product=2, SerialNumber=1
[    1.695335] usb usb12: Product: xHCI Host Controller
[    1.695337] usb usb12: Manufacturer: Linux 6.17.0-1014-nvidia xhci-hcd
[    1.695339] usb usb12: SerialNumber: NVDA8000:04
[    1.695508] hub 12-0:1.0: USB hub found
[    1.695526] hub 12-0:1.0: 1 port detected
[    1.696513] Key type psk registered
[    1.696758] r8127 Ethernet controller driver 11.014.00-NAPI loaded
[    1.708112] r8127: This product is covered by one or more of the following patents: US6,570,884, US6,115,776, and US6,327,625.
[    1.708176] r8127  Copyright (C) 2025 Realtek NIC software team <nicfae@realtek.com> 
                This program comes with ABSOLUTELY NO WARRANTY; for details, please see <http://www.gnu.org/licenses/>. 
                This is free software, and you are welcome to redistribute it under certain conditions; see <http://www.gnu.org/licenses/>. 
[    1.720369] nvme nvme0: pci function 0004:01:00.0
[    1.728418] nvme nvme0: D3 entry latency set to 10 seconds
[    1.737842] nvme nvme0: 15/0/0 default/read/poll queues
[    1.742945]  nvme0n1: p1 p2
[    1.758153] r8127 0007:01:00.0 enP7s7: renamed from eth0
[    1.758629] mlx5_core 0000:01:00.0: enabling device (0000 -> 0002)
[    1.758768] mlx5_core 0000:01:00.0: firmware version: 28.45.4028
[    1.758789] mlx5_core 0000:01:00.0: 126.028 Gb/s available PCIe bandwidth (32.0 GT/s PCIe x4 link)
[    2.073283] usb 1-1: new high-speed USB device number 2 using xhci-hcd
[    2.089258] usb 11-2: new high-speed USB device number 2 using xhci-hcd
[    2.116383] mlx5_core 0000:01:00.0: Rate limit: 127 rates are supported, range: 0Mbps to 195312Mbps
[    2.117667] mlx5_core 0000:01:00.0: E-Switch: Total vports 10, per vport: max uc(128) max mc(2048)
[    2.121602] mlx5_core 0000:01:00.0: Flow counters bulk query buffer size increased, bulk_query_len(8)
[    2.130667] mlx5_core 0000:01:00.0: Port module event: module 0, Cable unplugged
[    2.131708] mlx5_core 0000:01:00.0: mlx5_pcie_event:326:(pid 368): Detected insufficient power on the PCIe slot (27W).
[    2.144810] mlx5_core 0000:01:00.0: mlx5e: IPSec ESP acceleration enabled
[    2.199617] usb 1-1: New USB device found, idVendor=0451, idProduct=8442, bcdDevice= 1.00
[    2.199626] usb 1-1: New USB device strings: Mfr=0, Product=0, SerialNumber=1
[    2.199629] usb 1-1: SerialNumber: A00100813CF6
[    2.200399] hub 1-1:1.0: USB hub found
[    2.200570] hub 1-1:1.0: 6 ports detected
[    2.217519] usb 11-2: New USB device found, idVendor=13d3, idProduct=3630, bcdDevice= 1.00
[    2.217529] usb 11-2: New USB device strings: Mfr=5, Product=6, SerialNumber=7
[    2.217533] usb 11-2: Product: Wireless_Device
[    2.217535] usb 11-2: Manufacturer: MediaTek Inc.
[    2.217537] usb 11-2: SerialNumber: 000000000
[    2.292420] mlx5_core 0000:01:00.0: MLX5E: StrdRq(1) RqSz(8) StrdSz(2048) RxCqeCmprss(0 enhanced)
[    2.300872] mlx5_core 0000:01:00.1: enabling device (0000 -> 0002)
[    2.301018] mlx5_core 0000:01:00.1: firmware version: 28.45.4028
[    2.301039] mlx5_core 0000:01:00.1: 126.028 Gb/s available PCIe bandwidth (32.0 GT/s PCIe x4 link)
[    2.482272] usb 1-1.2: new high-speed USB device number 3 using xhci-hcd
[    2.673585] mlx5_core 0000:01:00.1: Rate limit: 127 rates are supported, range: 0Mbps to 195312Mbps
[    2.674344] mlx5_core 0000:01:00.1: E-Switch: Total vports 10, per vport: max uc(128) max mc(2048)
[    2.681813] mlx5_core 0000:01:00.1: Flow counters bulk query buffer size increased, bulk_query_len(8)
[    2.688630] mlx5_core 0000:01:00.1: Port module event: module 1, Cable unplugged
[    2.689494] mlx5_core 0000:01:00.1: mlx5_pcie_event:326:(pid 163): Detected insufficient power on the PCIe slot (27W).
[    2.702420] mlx5_core 0000:01:00.1: mlx5e: IPSec ESP acceleration enabled
[    2.861698] mlx5_core 0000:01:00.1: MLX5E: StrdRq(1) RqSz(8) StrdSz(2048) RxCqeCmprss(0 enhanced)
[    2.871504] mlx5_core 0002:01:00.0: enabling device (0000 -> 0002)
[    2.871658] mlx5_core 0002:01:00.0: firmware version: 28.45.4028
[    2.871684] mlx5_core 0002:01:00.0: 126.028 Gb/s available PCIe bandwidth (32.0 GT/s PCIe x4 link)
[    3.247808] mlx5_core 0002:01:00.0: Rate limit: 127 rates are supported, range: 0Mbps to 195312Mbps
[    3.248950] mlx5_core 0002:01:00.0: E-Switch: Total vports 10, per vport: max uc(128) max mc(2048)
[    3.256199] mlx5_core 0002:01:00.0: Flow counters bulk query buffer size increased, bulk_query_len(8)
[    3.262638] mlx5_core 0002:01:00.0: Port module event: module 0, Cable unplugged
[    3.263519] mlx5_core 0002:01:00.0: mlx5_pcie_event:326:(pid 384): Detected insufficient power on the PCIe slot (27W).
[    3.276455] mlx5_core 0002:01:00.0: mlx5e: IPSec ESP acceleration enabled
[    3.430355] mlx5_core 0002:01:00.0: MLX5E: StrdRq(1) RqSz(8) StrdSz(2048) RxCqeCmprss(0 enhanced)
[    3.438467] mlx5_core 0002:01:00.1: enabling device (0000 -> 0002)
[    3.438625] mlx5_core 0002:01:00.1: firmware version: 28.45.4028
[    3.438650] mlx5_core 0002:01:00.1: 126.028 Gb/s available PCIe bandwidth (32.0 GT/s PCIe x4 link)
[    3.811004] mlx5_core 0002:01:00.1: Rate limit: 127 rates are supported, range: 0Mbps to 195312Mbps
[    3.811620] mlx5_core 0002:01:00.1: E-Switch: Total vports 10, per vport: max uc(128) max mc(2048)
[    3.816473] mlx5_core 0002:01:00.1: Flow counters bulk query buffer size increased, bulk_query_len(8)
[    3.823533] mlx5_core 0002:01:00.1: Port module event: module 1, Cable unplugged
[    3.823924] mlx5_core 0002:01:00.1: mlx5_pcie_event:326:(pid 409): Detected insufficient power on the PCIe slot (27W).
[    3.836534] mlx5_core 0002:01:00.1: mlx5e: IPSec ESP acceleration enabled
[    3.983946] mlx5_core 0002:01:00.1: MLX5E: StrdRq(1) RqSz(8) StrdSz(2048) RxCqeCmprss(0 enhanced)
[    3.988278] mlx5_core 0002:01:00.0 enP2p1s0f0np0: renamed from eth2
[    3.988895] mlx5_core 0000:01:00.0 enp1s0f0np0: renamed from eth0
[    3.989361] mlx5_core 0000:01:00.1 enp1s0f1np1: renamed from eth1
[    3.990213] mlx5_core 0002:01:00.1 enP2p1s0f1np1: renamed from eth3
[    4.001787] MACsec IEEE 802.1AE
[    4.428906] raid6: neonx8   gen() 18963 MB/s
[    4.445907] raid6: neonx4   gen() 15763 MB/s
[    4.462907] raid6: neonx2   gen() 14390 MB/s
[    4.479905] raid6: neonx1   gen() 13119 MB/s
[    4.496908] raid6: int64x8  gen()  6285 MB/s
[    4.513906] raid6: int64x4  gen()  6369 MB/s
[    4.530908] raid6: int64x2  gen()  5223 MB/s
[    4.547906] raid6: int64x1  gen()  4256 MB/s
[    4.547907] raid6: using algorithm neonx8 gen() 18963 MB/s
[    4.564906] raid6: .... xor() 14620 MB/s, rmw enabled
[    4.564908] raid6: using neon recovery algorithm
[    4.569828] xor: measuring software checksum speed
[    4.570009]    8regs           : 18377 MB/sec
[    4.570188]    32regs          : 18607 MB/sec
[    4.570319]    arm64_neon      : 25412 MB/sec
[    4.570321] xor: using function: arm64_neon (25412 MB/sec)
[    4.573150] async_tx: api initialized (async)
[    4.851339] usb 1-1.2: New USB device found, idVendor=046d, idProduct=085b, bcdDevice= 0.16
[    4.851355] usb 1-1.2: New USB device strings: Mfr=0, Product=2, SerialNumber=1
[    4.851360] usb 1-1.2: Product: Logitech Webcam C925e
[    4.851365] usb 1-1.2: SerialNumber: 1FE4906F
[    4.875541] Btrfs loaded, zoned=yes, fsverity=yes
[    4.927060] usb 1-1.3: new full-speed USB device number 4 using xhci-hcd
[    5.015078] usb 1-1.3: New USB device found, idVendor=05ac, idProduct=0265, bcdDevice= 8.71
[    5.015092] usb 1-1.3: New USB device strings: Mfr=1, Product=2, SerialNumber=3
[    5.015097] usb 1-1.3: Product: Magic Trackpad
[    5.015101] usb 1-1.3: Manufacturer: Apple Inc.
[    5.015105] usb 1-1.3: SerialNumber: CC2232500Y70W5WAU
[    5.055407] EXT4-fs (nvme0n1p2): mounted filesystem af745134-d65e-4e78-806e-cdef7bf2276d ro with ordered data mode. Quota mode: none.
[    5.081088] usb 1-1.4: new full-speed USB device number 5 using xhci-hcd
[    5.167260] usb 1-1.4: New USB device found, idVendor=05ac, idProduct=026c, bcdDevice= 8.70
[    5.167274] usb 1-1.4: New USB device strings: Mfr=1, Product=2, SerialNumber=3
[    5.167279] usb 1-1.4: Product: Magic Keyboard with Numeric Keypad
[    5.167284] usb 1-1.4: Manufacturer: Apple Inc.
[    5.167288] usb 1-1.4: SerialNumber: F0T93660035JKNQA3
[    5.242684] usb 1-1.5: new high-speed USB device number 6 using xhci-hcd
[    5.328356] usb 1-1.5: New USB device found, idVendor=0451, idProduct=82ff, bcdDevice= 1.00
[    5.328369] usb 1-1.5: New USB device strings: Mfr=0, Product=0, SerialNumber=1
[    5.328374] usb 1-1.5: SerialNumber: A00100813CF6
[    5.340238] hid: raw HID events driver (C) Jiri Kosina
[    5.349274] usbcore: registered new interface driver usbhid
[    5.349283] usbhid: USB HID core driver
[    5.353890] hid-generic 0003:05AC:0265.0001: hiddev0,hidraw0: USB HID v1.10 Device [Apple Inc. Magic Trackpad] on usb-NVDA8000:00-1.3/input0
[    5.354067] input: Apple Inc. Magic Trackpad Mouse as /devices/platform/NVDA8000:00/usb1/1-1/1-1.3/1-1.3:1.1/0003:05AC:0265.0002/input/input3
[    5.354232] hid-generic 0003:05AC:0265.0002: input,hiddev1,hidraw1: USB HID v1.10 Mouse [Apple Inc. Magic Trackpad] on usb-NVDA8000:00-1.3/input1
[    5.354336] hid-generic 0003:05AC:0265.0003: hiddev2,hidraw2: USB HID v1.10 Device [Apple Inc. Magic Trackpad] on usb-NVDA8000:00-1.3/input2
[    5.354455] hid-generic 0003:05AC:0265.0004: hiddev3,hidraw3: USB HID v1.10 Device [Apple Inc. Magic Trackpad] on usb-NVDA8000:00-1.3/input3
[    5.354561] hid-generic 0003:05AC:026C.0005: hiddev4,hidraw4: USB HID v1.10 Device [Apple Inc. Magic Keyboard with Numeric Keypad] on usb-NVDA8000:00-1.4/input0
[    5.354726] input: Apple Inc. Magic Keyboard with Numeric Keypad Keyboard as /devices/platform/NVDA8000:00/usb1/1-1/1-1.4/1-1.4:1.1/0003:05AC:026C.0006/input/input6
[    5.407489] hid-generic 0003:05AC:026C.0006: input,hiddev5,hidraw5: USB HID v1.10 Keyboard [Apple Inc. Magic Keyboard with Numeric Keypad] on usb-NVDA8000:00-1.4/input1
[    5.409910] hid-generic 0003:0451:82FF.0007: hiddev6,hidraw6: USB HID v1.11 Device [HID 0451:82ff] on usb-NVDA8000:00-1.5/input0
[    5.414579] apple 0003:05AC:026C.0005: fixing up Magic Keyboard battery report descriptor
[    5.414843] apple 0003:05AC:026C.0005: Fn key not found (Apple Wireless Keyboard clone?), disabling Fn key handling
[    5.414932] input: Apple Inc. Magic Keyboard with Numeric Keypad as /devices/platform/NVDA8000:00/usb1/1-1/1-1.4/1-1.4:1.0/0003:05AC:026C.0005/input/input8
[    5.415131] apple 0003:05AC:026C.0005: input,hiddev4,hidraw4: USB HID v1.10 Keyboard [Apple Inc. Magic Keyboard with Numeric Keypad] on usb-NVDA8000:00-1.4/input0
[    5.456188] input: Apple Inc. Magic Keyboard with Numeric Keypad as /devices/platform/NVDA8000:00/usb1/1-1/1-1.4/1-1.4:1.1/0003:05AC:026C.0006/input/input9
[    5.508669] apple 0003:05AC:026C.0006: input,hiddev5,hidraw5: USB HID v1.10 Keyboard [Apple Inc. Magic Keyboard with Numeric Keypad] on usb-NVDA8000:00-1.4/input1
[    5.637623] systemd[1]: Inserted module 'autofs4'
[    5.666854] systemd[1]: systemd 255.4-1ubuntu8.15 running in system mode (+PAM +AUDIT +SELINUX +APPARMOR +IMA +SMACK +SECCOMP +GCRYPT -GNUTLS +OPENSSL +ACL +BLKID +CURL +ELFUTILS +FIDO2 +IDN2 -IDN +IPTC +KMOD +LIBCRYPTSETUP +LIBFDISK +PCRE2 -PWQUALITY +P11KIT +QRENCODE +TPM2 +BZIP2 +LZ4 +XZ +ZLIB +ZSTD -BPF_FRAMEWORK -XKBCOMMON +UTMP +SYSVINIT default-hierarchy=unified)
[    5.666862] systemd[1]: Detected architecture arm64.
[    5.667462] systemd[1]: Hostname set to <spark-05>.
[    5.822410] systemd[1]: Configuration file /etc/systemd/system/dgx-dashboard-admin.service is marked world-inaccessible. This has no effect as configuration data is accessible via APIs without restrictions. Proceeding anyway.
[    5.861108] systemd[1]: Queued start job for default target graphical.target.
[    5.896422] systemd[1]: Created slice system-modprobe.slice - Slice /system/modprobe.
[    5.896980] systemd[1]: Created slice system-serial\x2dgetty.slice - Slice /system/serial-getty.
[    5.897475] systemd[1]: Created slice system-systemd\x2dfsck.slice - Slice /system/systemd-fsck.
[    5.897813] systemd[1]: Created slice user.slice - User and Session Slice.
[    5.897878] systemd[1]: Started systemd-ask-password-wall.path - Forward Password Requests to Wall Directory Watch.
[    5.898121] systemd[1]: Set up automount proc-sys-fs-binfmt_misc.automount - Arbitrary Executable File Formats File System Automount Point.
[    5.898141] systemd[1]: Expecting device dev-disk-by\x2duuid-D589\x2d8840.device - /dev/disk/by-uuid/D589-8840...
[    5.898150] systemd[1]: Expecting device dev-ttyS0.device - /dev/ttyS0...
[    5.898173] systemd[1]: Reached target integritysetup.target - Local Integrity Protected Volumes.
[    5.898204] systemd[1]: Reached target nss-user-lookup.target - User and Group Name Lookups.
[    5.898227] systemd[1]: Reached target slices.target - Slice Units.
[    5.898240] systemd[1]: Reached target snapd.mounts-pre.target - Mounting snaps.
[    5.898273] systemd[1]: Reached target veritysetup.target - Local Verity Protected Volumes.
[    5.898360] systemd[1]: Listening on dm-event.socket - Device-mapper event daemon FIFOs.
[    5.898476] systemd[1]: Listening on lvm2-lvmpolld.socket - LVM2 poll daemon socket.
[    5.898592] systemd[1]: Listening on multipathd.socket - multipathd control socket.
[    5.899082] systemd[1]: Listening on syslog.socket - Syslog Socket.
[    5.899167] systemd[1]: Listening on systemd-fsckd.socket - fsck to fsckd communication Socket.
[    5.899230] systemd[1]: Listening on systemd-initctl.socket - initctl Compatibility Named Pipe.
[    5.899318] systemd[1]: Listening on systemd-journald-dev-log.socket - Journal Socket (/dev/log).
[    5.899428] systemd[1]: Listening on systemd-journald.socket - Journal Socket.
[    5.899567] systemd[1]: Listening on systemd-networkd.socket - Network Service Netlink Socket.
[    5.899607] systemd[1]: systemd-pcrextend.socket - TPM2 PCR Extension (Varlink) was skipped because of an unmet condition check (ConditionSecurity=measured-uki).
[    5.899806] systemd[1]: Listening on systemd-udevd-control.socket - udev Control Socket.
[    5.899901] systemd[1]: Listening on systemd-udevd-kernel.socket - udev Kernel Socket.
[    5.901145] systemd[1]: Mounting dev-hugepages.mount - Huge Pages File System...
[    5.902185] systemd[1]: Mounting dev-mqueue.mount - POSIX Message Queue File System...
[    5.903152] systemd[1]: Mounting sys-kernel-debug.mount - Kernel Debug File System...
[    5.904121] systemd[1]: Mounting sys-kernel-tracing.mount - Kernel Trace File System...
[    5.910277] systemd[1]: Starting systemd-journald.service - Journal Service...
[    5.910348] systemd[1]: auth-rpcgss-module.service - Kernel Module supporting RPCSEC_GSS was skipped because of an unmet condition check (ConditionPathExists=/etc/krb5.keytab).
[    5.911539] systemd[1]: Starting keyboard-setup.service - Set the console keyboard layout...
[    5.912526] systemd[1]: Starting kmod-static-nodes.service - Create List of Static Device Nodes...
[    5.913404] systemd[1]: Starting lvm2-monitor.service - Monitoring of LVM2 mirrors, snapshots etc. using dmeventd or progress polling...
[    5.914364] systemd[1]: Starting modprobe@configfs.service - Load Kernel Module configfs...
[    5.915247] systemd[1]: Starting modprobe@dm_mod.service - Load Kernel Module dm_mod...
[    5.916190] systemd[1]: Starting modprobe@drm.service - Load Kernel Module drm...
[    5.917060] systemd[1]: Starting modprobe@efi_pstore.service - Load Kernel Module efi_pstore...
[    5.917986] systemd[1]: Starting modprobe@fuse.service - Load Kernel Module fuse...
[    5.918853] systemd[1]: Starting modprobe@loop.service - Load Kernel Module loop...
[    5.919690] systemd[1]: Starting modprobe@nvme_fabrics.service - Load Kernel Module nvme_fabrics...
[    5.919789] systemd[1]: netplan-ovs-cleanup.service - OpenVSwitch configuration for cleanup was skipped because of an unmet condition check (ConditionFileIsExecutable=/usr/bin/ovs-vsctl).
[    5.920088] systemd[1]: systemd-fsck-root.service - File System Check on Root Device was skipped because of an unmet condition check (ConditionPathExists=!/run/initramfs/fsck-root).
[    5.922113] systemd[1]: Starting systemd-modules-load.service - Load Kernel Modules...
[    5.922139] systemd[1]: systemd-pcrmachine.service - TPM2 PCR Machine ID Measurement was skipped because of an unmet condition check (ConditionSecurity=measured-uki).
[    5.923092] systemd[1]: Starting systemd-remount-fs.service - Remount Root and Kernel File Systems...
[    5.923144] systemd[1]: systemd-tpm2-setup-early.service - TPM2 SRK Setup (Early) was skipped because of an unmet condition check (ConditionSecurity=measured-uki).
[    5.924123] systemd[1]: Starting systemd-udev-trigger.service - Coldplug All udev Devices...
[    5.925480] systemd[1]: Mounted dev-hugepages.mount - Huge Pages File System.
[    5.925598] systemd[1]: Mounted dev-mqueue.mount - POSIX Message Queue File System.
[    5.925686] systemd[1]: Mounted sys-kernel-debug.mount - Kernel Debug File System.
[    5.925768] systemd[1]: Mounted sys-kernel-tracing.mount - Kernel Trace File System.
[    5.926071] systemd[1]: Finished kmod-static-nodes.service - Create List of Static Device Nodes.
[    5.926382] systemd[1]: modprobe@configfs.service: Deactivated successfully.
[    5.926531] systemd[1]: Finished modprobe@configfs.service - Load Kernel Module configfs.
[    5.926757] systemd[1]: modprobe@dm_mod.service: Deactivated successfully.
[    5.926893] systemd[1]: Finished modprobe@dm_mod.service - Load Kernel Module dm_mod.
[    5.927100] systemd[1]: modprobe@drm.service: Deactivated successfully.
[    5.927222] systemd[1]: Finished modprobe@drm.service - Load Kernel Module drm.
[    5.927423] systemd[1]: modprobe@fuse.service: Deactivated successfully.
[    5.927548] systemd[1]: Finished modprobe@fuse.service - Load Kernel Module fuse.
[    5.927844] systemd[1]: modprobe@loop.service: Deactivated successfully.
[    5.927969] systemd[1]: Finished modprobe@loop.service - Load Kernel Module loop.
[    5.929036] systemd[1]: Mounting sys-fs-fuse-connections.mount - FUSE Control File System...
[    5.929335] pstore: Using crash dump compression: deflate
[    5.929868] systemd[1]: Mounting sys-kernel-config.mount - Kernel Configuration File System...
[    5.929930] systemd[1]: systemd-repart.service - Repartition Root Disk was skipped because no trigger condition checks were met.
[    5.930899] systemd[1]: Starting systemd-tmpfiles-setup-dev-early.service - Create Static Device Nodes in /dev gracefully...
[    5.933553] pstore: Registered efi_pstore as persistent store backend
[    5.934070] IPMI message handler: version 39.2
[    5.934532] systemd[1]: Mounted sys-fs-fuse-connections.mount - FUSE Control File System.
[    5.934773] systemd[1]: modprobe@efi_pstore.service: Deactivated successfully.
[    5.934946] systemd[1]: Finished modprobe@efi_pstore.service - Load Kernel Module efi_pstore.
[    5.935622] systemd[1]: modprobe@nvme_fabrics.service: Deactivated successfully.
[    5.935691] ipmi device interface
[    5.935775] systemd[1]: Finished modprobe@nvme_fabrics.service - Load Kernel Module nvme_fabrics.
[    5.935888] systemd[1]: Mounted sys-kernel-config.mount - Kernel Configuration File System.
[    5.940157] systemd-journald[619]: Collecting audit messages is disabled.
[    5.940747] mstflint_access: loading out-of-tree module taints kernel.
[    5.942067]   MST::  : mst_init 1715: Mellanox Technologies Software Tools Driver - version 2.0.0
[    5.942078]   MST::  : mst_init 1726: found device - domain=0x0, bus=0x1, slot=0x0, func=0x0, vendor=0x15b3, device=0x1021
[    5.942406]   MST::  : mst_init 1726: found device - domain=0x0, bus=0x1, slot=0x0, func=0x1, vendor=0x15b3, device=0x1021
[    5.942698]   MST::  : mst_init 1726: found device - domain=0x2, bus=0x1, slot=0x0, func=0x0, vendor=0x15b3, device=0x1021
[    5.942997]   MST::  : mst_init 1726: found device - domain=0x2, bus=0x1, slot=0x0, func=0x1, vendor=0x15b3, device=0x1021
[    5.944068] systemd[1]: Finished systemd-modules-load.service - Load Kernel Modules.
[    5.945295] systemd[1]: Starting systemd-sysctl.service - Apply Kernel Variables...
[    5.947038] EXT4-fs (nvme0n1p2): re-mounted af745134-d65e-4e78-806e-cdef7bf2276d r/w.
[    5.948226] systemd[1]: Finished systemd-remount-fs.service - Remount Root and Kernel File Systems.
[    5.949597] systemd[1]: Activating swap swap.img.swap - /swap.img...
[    5.950619] systemd[1]: Starting multipathd.service - Device-Mapper Multipath Device Controller...
[    5.950897] systemd[1]: systemd-hwdb-update.service - Rebuild Hardware Database was skipped because of an unmet condition check (ConditionNeedsUpdate=/etc).
[    5.950944] systemd[1]: systemd-pstore.service - Platform Persistent Storage Archival was skipped because of an unmet condition check (ConditionDirectoryNotEmpty=/sys/fs/pstore).
[    5.952006] systemd[1]: Starting systemd-random-seed.service - Load/Save OS Random Seed...
[    5.952033] systemd[1]: systemd-tpm2-setup.service - TPM2 SRK Setup was skipped because of an unmet condition check (ConditionSecurity=measured-uki).
[    5.956872] Adding 16777212k swap on /swap.img.  Priority:-2 extents:12 across:18128892k SS
[    5.957128] systemd[1]: Activated swap swap.img.swap - /swap.img.
[    5.957400] systemd[1]: Finished systemd-tmpfiles-setup-dev-early.service - Create Static Device Nodes in /dev gracefully.
[    5.957590] systemd[1]: Reached target swap.target - Swaps.
[    5.957643] systemd[1]: systemd-sysusers.service - Create System Users was skipped because no trigger condition checks were met.
[    5.958677] systemd[1]: Starting systemd-tmpfiles-setup-dev.service - Create Static Device Nodes in /dev...
[    5.968737] systemd[1]: Finished systemd-sysctl.service - Apply Kernel Variables.
[    5.969466] systemd[1]: Finished systemd-random-seed.service - Load/Save OS Random Seed.
[    5.976234] systemd[1]: Finished lvm2-monitor.service - Monitoring of LVM2 mirrors, snapshots etc. using dmeventd or progress polling.
[    5.978390] systemd[1]: Finished systemd-tmpfiles-setup-dev.service - Create Static Device Nodes in /dev.
[    5.980688] systemd[1]: Starting systemd-udevd.service - Rule-based Manager for Device Events and Files...
[    5.980982] systemd[1]: Finished keyboard-setup.service - Set the console keyboard layout.
[    5.985006] nvme nvme0: using unchecked data buffer
[    5.986137] systemd[1]: Started multipathd.service - Device-Mapper Multipath Device Controller.
[    6.026549] systemd[1]: Started systemd-journald.service - Journal Service.
[    6.059093] systemd-journald[619]: Received client request to flush runtime journal.
[    6.059501] systemd-journald[619]: File /var/log/journal/c8a82ac6119c430e8201416ac2b5d339/system.journal corrupted or uncleanly shut down, renaming and replacing.
[    6.074285] loop0: detected capacity change from 0 to 126776
[    6.074814] loop1: detected capacity change from 0 to 8
[    6.080208] loop2: detected capacity change from 0 to 493792
[    6.084019] loop3: detected capacity change from 0 to 1132440
[    6.087003] loop4: detected capacity change from 0 to 357512
[    6.087352] loop5: detected capacity change from 0 to 187776
[    6.087735] loop6: detected capacity change from 0 to 87312
[    6.088104] loop7: detected capacity change from 0 to 452992
[    6.286852] usbcore: registered new device driver apple-mfi-fastcharge
[    6.295441] magicmouse 0003:05AC:0265.0001: fixing up magicmouse battery report descriptor
[    6.335250] input: Apple Inc. Magic Trackpad as /devices/platform/NVDA8000:00/usb1/1-1/1-1.3/1-1.3:1.0/0003:05AC:0265.0001/input/input10
[    6.396127] cx7-pcie-hotplug MTKP0001:00: PCIe hotplug driver initialized successfully
[    6.402424] magicmouse 0003:05AC:0265.0001: input,hiddev0,hidraw0: USB HID v1.10 Mouse [Apple Inc. Magic Trackpad] on usb-NVDA8000:00-1.3/input0
[    6.428790] CPPC Cpufreq:Enabling auto_sel_mode (autonomous selection mode)
[    6.434601] processor cpu0: EM: CPUs of 0-4,10-14 must have the same capacity
[    6.440772] processor cpu1: EM: CPUs of 0-4,10-14 must have the same capacity
[    6.444547] processor cpu2: EM: CPUs of 0-4,10-14 must have the same capacity
[    6.448150] processor cpu3: EM: CPUs of 0-4,10-14 must have the same capacity
[    6.448842] input: Apple Inc. Magic Trackpad as /devices/platform/NVDA8000:00/usb1/1-1/1-1.3/1-1.3:1.1/0003:05AC:0265.0002/input/input11
[    6.449922] processor cpu4: EM: CPUs of 0-4,10-14 must have the same capacity
[    6.458148] processor cpu5: EM: created perf domain
[    6.461270] magicmouse 0003:05AC:0265.0002: input,hiddev1,hidraw1: USB HID v1.10 Mouse [Apple Inc. Magic Trackpad] on usb-NVDA8000:00-1.3/input1
[    6.472933] processor cpu10: EM: CPUs of 0-4,10-14 must have the same capacity
[    6.474080] magicmouse 0003:05AC:0265.0003: hiddev2,hidraw2: USB HID v1.10 Device [Apple Inc. Magic Trackpad] on usb-NVDA8000:00-1.3/input2
[    6.474644] processor cpu11: EM: CPUs of 0-4,10-14 must have the same capacity
[    6.476183] magicmouse 0003:05AC:0265.0004: hiddev3,hidraw3: USB HID v1.10 Device [Apple Inc. Magic Trackpad] on usb-NVDA8000:00-1.3/input3
[    6.480117] processor cpu12: EM: CPUs of 0-4,10-14 must have the same capacity
[    6.482625] processor cpu13: EM: CPUs of 0-4,10-14 must have the same capacity
[    6.484647] processor cpu14: EM: CPUs of 0-4,10-14 must have the same capacity
[    6.490066] processor cpu15: EM: CPUs of 15-19 must have the same capacity
[    6.490517] cx7-pcie-hotplug MTKP0001:00: Hotplug enabled
[    6.492316] processor cpu16: EM: CPUs of 15-19 must have the same capacity
[    6.495023] processor cpu17: EM: CPUs of 15-19 must have the same capacity
[    6.496795] processor cpu18: EM: CPUs of 15-19 must have the same capacity
[    6.498763] processor cpu19: EM: CPUs of 15-19 must have the same capacity
[    6.508732] usbcore: registered new device driver onboard-usb-dev
